core_cm7.h:2156:34:__NVIC_SystemReset	4	static,ignoring_inline_asm
main.c:167:7:update_setting	24	static
main.c:225:5:main	24	static,ignoring_inline_asm
main.c:401:6:SystemClock_Config	152	static
main.c:475:6:PeriphCommonClock_Config	200	static
main.c:513:13:MX_ADC1_Init	48	static
main.c:626:13:MX_ADC2_Init	40	static
main.c:731:13:MX_ADC3_Init	40	static
main.c:844:13:MX_TIM1_Init	112	static
main.c:943:13:MX_USART1_UART_Init	8	static
main.c:991:13:MX_USART2_UART_Init	8	static
main.c:1039:13:MX_USART3_UART_Init	8	static
main.c:1085:13:MX_DMA_Init	16	static
main.c:1113:13:MX_GPIO_Init	56	static
main.c:1171:6:HAL_TIM_PeriodElapsedCallback	16	static
main.c:1189:24:min	16	static
main.c:1193:24:max	16	static
main.c:1198:6:HAL_ADC_ConvCpltCallback	208	static
main.c:1423:6:Error_Handler	8	static
