stm32h7xx_it.c:78:6:NMI_Handler	4	static
stm32h7xx_it.c:93:6:HardFault_Handler	4	static
stm32h7xx_it.c:108:6:MemManage_Handler	4	static
stm32h7xx_it.c:123:6:BusFault_Handler	4	static
stm32h7xx_it.c:138:6:UsageFault_Handler	4	static
stm32h7xx_it.c:153:6:SVC_Handler	4	static
stm32h7xx_it.c:166:6:DebugMon_Handler	4	static
stm32h7xx_it.c:179:6:PendSV_Handler	4	static
stm32h7xx_it.c:192:6:SysTick_Handler	8	static
stm32h7xx_it.c:213:6:DMA1_Stream0_IRQHandler	8	static
stm32h7xx_it.c:227:6:DMA1_Stream1_IRQHandler	8	static
stm32h7xx_it.c:241:6:TIM1_UP_IRQHandler	8	static
stm32h7xx_it.c:255:6:USART1_IRQHandler	8	static
stm32h7xx_it.c:269:6:USART2_IRQHandler	8	static
stm32h7xx_it.c:283:6:USART3_IRQHandler	8	static
stm32h7xx_it.c:305:6:DMA2_Stream0_IRQHandler	8	static
stm32h7xx_it.c:319:6:DMA2_Stream1_IRQHandler	8	static
stm32h7xx_it.c:333:6:OTG_FS_IRQHandler	8	static
