stm32h7xx_hal_rcc_ex.c:107:19:HAL_RCCEx_PeriphCLKConfig	32	static
stm32h7xx_hal_rcc_ex.c:1597:6:HAL_RCCEx_GetPeriphCLKConfig	16	static
stm32h7xx_hal_rcc_ex.c:1786:10:HAL_RCCEx_GetPeriphCLKFreq	72	static
stm32h7xx_hal_rcc_ex.c:2729:10:HAL_RCCEx_GetD1PCLK1Freq	8	static
stm32h7xx_hal_rcc_ex.c:2746:10:HAL_RCCEx_GetD3PCLK1Freq	8	static
stm32h7xx_hal_rcc_ex.c:2770:6:HAL_RCCEx_GetPLL2ClockFreq	40	static
stm32h7xx_hal_rcc_ex.c:2839:6:HAL_RCCEx_GetPLL3ClockFreq	40	static
stm32h7xx_hal_rcc_ex.c:2907:6:HAL_RCCEx_GetPLL1ClockFreq	40	static
stm32h7xx_hal_rcc_ex.c:2968:10:HAL_RCCEx_GetD1SysClockFreq	16	static
stm32h7xx_hal_rcc_ex.c:3008:6:HAL_RCCEx_EnableLSECSS	4	static
stm32h7xx_hal_rcc_ex.c:3018:6:HAL_RCCEx_DisableLSECSS	4	static
stm32h7xx_hal_rcc_ex.c:3030:6:HAL_RCCEx_EnableLSECSS_IT	4	static
stm32h7xx_hal_rcc_ex.c:3057:6:HAL_RCCEx_WakeUpStopCLKConfig	16	static
stm32h7xx_hal_rcc_ex.c:3072:6:HAL_RCCEx_KerWakeUpStopCLKConfig	16	static
stm32h7xx_hal_rcc_ex.c:3126:6:HAL_RCCEx_WWDGxSysResetConfig	16	static
stm32h7xx_hal_rcc_ex.c:3207:6:HAL_RCCEx_CRSConfig	24	static
stm32h7xx_hal_rcc_ex.c:3257:6:HAL_RCCEx_CRSSoftwareSynchronizationGenerate	4	static
stm32h7xx_hal_rcc_ex.c:3267:6:HAL_RCCEx_CRSGetSynchronizationInfo	16	static
stm32h7xx_hal_rcc_ex.c:3300:10:HAL_RCCEx_CRSWaitSynchronization	24	static
stm32h7xx_hal_rcc_ex.c:3383:6:HAL_RCCEx_CRS_IRQHandler	24	static
stm32h7xx_hal_rcc_ex.c:3448:13:HAL_RCCEx_CRS_SyncOkCallback	4	static
stm32h7xx_hal_rcc_ex.c:3459:13:HAL_RCCEx_CRS_SyncWarnCallback	4	static
stm32h7xx_hal_rcc_ex.c:3470:13:HAL_RCCEx_CRS_ExpectedSyncCallback	4	static
stm32h7xx_hal_rcc_ex.c:3486:13:HAL_RCCEx_CRS_ErrorCallback	16	static
stm32h7xx_hal_rcc_ex.c:3517:26:RCCEx_PLL2_Config	24	static
stm32h7xx_hal_rcc_ex.c:3622:26:RCCEx_PLL3_Config	24	static
stm32h7xx_hal_rcc_ex.c:3719:6:HAL_RCCEx_LSECSS_IRQHandler	8	static
stm32h7xx_hal_rcc_ex.c:3738:13:HAL_RCCEx_LSECSS_Callback	4	static
