stm32h7xx_hal_tim_ex.c:136:19:HAL_TIMEx_HallSensor_Init	48	static
stm32h7xx_hal_tim_ex.c:237:19:HAL_TIMEx_HallSensor_DeInit	16	static
stm32h7xx_hal_tim_ex.c:282:13:HAL_TIMEx_HallSensor_MspInit	16	static
stm32h7xx_hal_tim_ex.c:297:13:HAL_TIMEx_HallSensor_MspDeInit	16	static
stm32h7xx_hal_tim_ex.c:312:19:HAL_TIMEx_HallSensor_Start	24	static
stm32h7xx_hal_tim_ex.c:365:19:HAL_TIMEx_HallSensor_Stop	16	static
stm32h7xx_hal_tim_ex.c:392:19:HAL_TIMEx_HallSensor_Start_IT	24	static
stm32h7xx_hal_tim_ex.c:448:19:HAL_TIMEx_HallSensor_Stop_IT	16	static
stm32h7xx_hal_tim_ex.c:480:19:HAL_TIMEx_HallSensor_Start_DMA	32	static
stm32h7xx_hal_tim_ex.c:555:19:HAL_TIMEx_HallSensor_Stop_DMA	16	static
stm32h7xx_hal_tim_ex.c:616:19:HAL_TIMEx_OCN_Start	24	static
stm32h7xx_hal_tim_ex.c:667:19:HAL_TIMEx_OCN_Stop	16	static
stm32h7xx_hal_tim_ex.c:699:19:HAL_TIMEx_OCN_Start_IT	24	static
stm32h7xx_hal_tim_ex.c:781:19:HAL_TIMEx_OCN_Stop_IT	24	static
stm32h7xx_hal_tim_ex.c:850:19:HAL_TIMEx_OCN_Start_DMA	32	static
stm32h7xx_hal_tim_ex.c:979:19:HAL_TIMEx_OCN_Stop_DMA	16	static
stm32h7xx_hal_tim_ex.c:1074:19:HAL_TIMEx_PWMN_Start	24	static
stm32h7xx_hal_tim_ex.c:1124:19:HAL_TIMEx_PWMN_Stop	16	static
stm32h7xx_hal_tim_ex.c:1156:19:HAL_TIMEx_PWMN_Start_IT	24	static
stm32h7xx_hal_tim_ex.c:1237:19:HAL_TIMEx_PWMN_Stop_IT	24	static
stm32h7xx_hal_tim_ex.c:1307:19:HAL_TIMEx_PWMN_Start_DMA	32	static
stm32h7xx_hal_tim_ex.c:1436:19:HAL_TIMEx_PWMN_Stop_DMA	16	static
stm32h7xx_hal_tim_ex.c:1521:19:HAL_TIMEx_OnePulseN_Start	24	static
stm32h7xx_hal_tim_ex.c:1570:19:HAL_TIMEx_OnePulseN_Stop	24	static
stm32h7xx_hal_tim_ex.c:1609:19:HAL_TIMEx_OnePulseN_Start_IT	24	static
stm32h7xx_hal_tim_ex.c:1664:19:HAL_TIMEx_OnePulseN_Stop_IT	24	static
stm32h7xx_hal_tim_ex.c:1747:19:HAL_TIMEx_ConfigCommutEvent	24	static
stm32h7xx_hal_tim_ex.c:1806:19:HAL_TIMEx_ConfigCommutEvent_IT	24	static
stm32h7xx_hal_tim_ex.c:1869:19:HAL_TIMEx_ConfigCommutEvent_DMA	24	static
stm32h7xx_hal_tim_ex.c:1919:19:HAL_TIMEx_MasterConfigSynchronization	24	static
stm32h7xx_hal_tim_ex.c:1992:19:HAL_TIMEx_ConfigBreakDeadTime	24	static
stm32h7xx_hal_tim_ex.c:2057:19:HAL_TIMEx_ConfigBreakInput	48	static
stm32h7xx_hal_tim_ex.c:2239:19:HAL_TIMEx_RemapConfig	16	static
stm32h7xx_hal_tim_ex.c:2333:20:HAL_TIMEx_TISelection	32	static
stm32h7xx_hal_tim_ex.c:2378:19:HAL_TIMEx_GroupChannel5	16	static
stm32h7xx_hal_tim_ex.c:2428:13:HAL_TIMEx_CommutCallback	16	static
stm32h7xx_hal_tim_ex.c:2442:13:HAL_TIMEx_CommutHalfCpltCallback	16	static
stm32h7xx_hal_tim_ex.c:2457:13:HAL_TIMEx_BreakCallback	16	static
stm32h7xx_hal_tim_ex.c:2472:13:HAL_TIMEx_Break2Callback	16	static
stm32h7xx_hal_tim_ex.c:2505:22:HAL_TIMEx_HallSensor_GetState	16	static
stm32h7xx_hal_tim_ex.c:2520:29:HAL_TIMEx_GetChannelNState	24	static
stm32h7xx_hal_tim_ex.c:2549:6:TIMEx_DMACommutationCplt	24	static
stm32h7xx_hal_tim_ex.c:2568:6:TIMEx_DMACommutationHalfCplt	24	static
stm32h7xx_hal_tim_ex.c:2588:13:TIM_DMADelayPulseNCplt	24	static
stm32h7xx_hal_tim_ex.c:2647:13:TIM_DMAErrorCCxN	24	static
stm32h7xx_hal_tim_ex.c:2692:13:TIM_CCxNChannelCmd	32	static
