stm32h7xx_hal_dma.c:211:19:HAL_DMA_Init	32	static
stm32h7xx_hal_dma.c:463:19:HAL_DMA_DeInit	24	static
stm32h7xx_hal_dma.c:620:19:HAL_DMA_Start	32	static
stm32h7xx_hal_dma.c:676:19:HAL_DMA_Start_IT	32	static
stm32h7xx_hal_dma.c:776:19:HAL_DMA_Abort	32	static
stm32h7xx_hal_dma.c:892:19:HAL_DMA_Abort_IT	24	static
stm32h7xx_hal_dma.c:976:19:HAL_DMA_PollForTransfer	48	static
stm32h7xx_hal_dma.c:1203:6:HAL_DMA_IRQHandler	48	static
stm32h7xx_hal_dma.c:1573:19:HAL_DMA_RegisterCallback	32	static
stm32h7xx_hal_dma.c:1639:19:HAL_DMA_UnRegisterCallback	24	static
stm32h7xx_hal_dma.c:1730:22:HAL_DMA_GetState	16	static
stm32h7xx_hal_dma.c:1741:10:HAL_DMA_GetError	16	static
stm32h7xx_hal_dma.c:1767:13:DMA_SetConfig	32	static
stm32h7xx_hal_dma.c:1854:17:DMA_CalcBaseAndBitshift	24	static
stm32h7xx_hal_dma.c:1890:26:DMA_CheckFifoParam	24	static
stm32h7xx_hal_dma.c:1984:13:DMA_CalcDMAMUXChannelBaseAndMask	24	static
stm32h7xx_hal_dma.c:2019:13:DMA_CalcDMAMUXRequestGenBaseAndMask	24	static
