stm32h7xx_hal_pwr.c:226:6:HAL_PWR_DeInit	4	static
stm32h7xx_hal_pwr.c:237:6:HAL_PWR_EnableBkUpAccess	4	static
stm32h7xx_hal_pwr.c:250:6:HAL_PWR_DisableBkUpAccess	4	static
stm32h7xx_hal_pwr.c:416:6:HAL_PWR_ConfigPVD	16	static
stm32h7xx_hal_pwr.c:471:6:HAL_PWR_EnablePVD	4	static
stm32h7xx_hal_pwr.c:481:6:HAL_PWR_DisablePVD	4	static
stm32h7xx_hal_pwr.c:508:6:HAL_PWR_EnableWakeUpPin	16	static
stm32h7xx_hal_pwr.c:537:6:HAL_PWR_DisableWakeUpPin	16	static
stm32h7xx_hal_pwr.c:565:6:HAL_PWR_EnterSLEEPMode	16	static,ignoring_inline_asm
stm32h7xx_hal_pwr.c:616:6:HAL_PWR_EnterSTOPMode	16	static,ignoring_inline_asm
stm32h7xx_hal_pwr.c:687:6:HAL_PWR_EnterSTANDBYMode	4	static,ignoring_inline_asm
stm32h7xx_hal_pwr.c:739:6:HAL_PWR_EnableSleepOnExit	4	static
stm32h7xx_hal_pwr.c:752:6:HAL_PWR_DisableSleepOnExit	4	static
stm32h7xx_hal_pwr.c:765:6:HAL_PWR_EnableSEVOnPend	4	static
stm32h7xx_hal_pwr.c:777:6:HAL_PWR_DisableSEVOnPend	4	static
stm32h7xx_hal_pwr.c:806:6:HAL_PWR_PVD_IRQHandler	8	static
stm32h7xx_hal_pwr.c:851:13:HAL_PWR_PVDCallback	4	static
