stm32h7xx_ll_adc.h:2715:22:LL_ADC_SetCommonPathInternalCh	16	static
stm32h7xx_ll_adc.h:2737:26:LL_ADC_GetCommonPathInternalCh	16	static
stm32h7xx_ll_adc.h:2843:22:LL_ADC_SetCalibrationOffsetFactor	24	static
stm32h7xx_ll_adc.h:2874:26:LL_ADC_GetCalibrationOffsetFactor	16	static
stm32h7xx_ll_adc.h:2909:22:LL_ADC_SetCalibrationLinearFactor	32	static
stm32h7xx_ll_adc.h:2949:26:LL_ADC_GetCalibrationLinearFactor	24	static
stm32h7xx_ll_adc.h:3312:22:LL_ADC_SetOffset	32	static
stm32h7xx_ll_adc.h:3394:26:LL_ADC_GetOffsetChannel	24	static
stm32h7xx_ll_adc.h:3485:22:LL_ADC_SetOffsetSignedSaturation	32	static
stm32h7xx_ll_adc.h:3861:26:LL_ADC_REG_IsTriggerSourceSWStart	16	static
stm32h7xx_ll_adc.h:4648:26:LL_ADC_INJ_IsTriggerSourceSWStart	16	static
stm32h7xx_ll_adc.h:4950:26:LL_ADC_INJ_GetTrigAuto	16	static
stm32h7xx_ll_adc.h:4996:22:LL_ADC_INJ_SetQueueMode	16	static
stm32h7xx_ll_adc.h:5342:22:LL_ADC_SetChannelSamplingTime	32	static
stm32h7xx_ll_adc.h:5488:22:LL_ADC_SetChannelSingleDiff	24	static
stm32h7xx_ll_adc.h:6476:26:LL_ADC_GetMultimode	16	static
stm32h7xx_ll_adc.h:6670:22:LL_ADC_EnableDeepPowerDown	16	static
stm32h7xx_ll_adc.h:6745:22:LL_ADC_DisableInternalRegulator	16	static
stm32h7xx_ll_adc.h:6816:26:LL_ADC_IsEnabled	16	static
stm32h7xx_ll_adc.h:6865:22:LL_ADC_StartCalibration	24	static
stm32h7xx_ll_adc.h:6881:26:LL_ADC_IsCalibrationOnGoing	16	static
stm32h7xx_ll_adc.h:6912:22:LL_ADC_REG_StartConversion	16	static
stm32h7xx_ll_adc.h:6932:22:LL_ADC_REG_StopConversion	16	static
stm32h7xx_ll_adc.h:6948:26:LL_ADC_REG_IsConversionOngoing	16	static
stm32h7xx_ll_adc.h:7107:22:LL_ADC_INJ_StartConversion	16	static
stm32h7xx_ll_adc.h:7143:26:LL_ADC_INJ_IsConversionOngoing	16	static
stm32h7xx_hal_adc_ex.c:126:19:HAL_ADCEx_Calibration_Start	32	static
stm32h7xx_hal_adc_ex.c:200:10:HAL_ADCEx_Calibration_GetValue	16	static
stm32h7xx_hal_adc_ex.c:216:19:HAL_ADCEx_LinearCalibration_GetValue	40	static
stm32h7xx_hal_adc_ex.c:261:19:HAL_ADCEx_Calibration_SetValue	40	static
stm32h7xx_hal_adc_ex.c:312:19:HAL_ADCEx_LinearCalibration_SetValue	32	static
stm32h7xx_hal_adc_ex.c:403:19:HAL_ADCEx_LinearCalibration_FactorLoad	56	static
stm32h7xx_hal_adc_ex.c:449:19:HAL_ADCEx_InjectedStart	32	static
stm32h7xx_hal_adc_ex.c:586:19:HAL_ADCEx_InjectedStop	24	static
stm32h7xx_hal_adc_ex.c:641:19:HAL_ADCEx_InjectedPollForConversion	48	static
stm32h7xx_hal_adc_ex.c:775:19:HAL_ADCEx_InjectedStart_IT	32	static
stm32h7xx_hal_adc_ex.c:936:19:HAL_ADCEx_InjectedStop_IT	24	static
stm32h7xx_hal_adc_ex.c:1002:19:HAL_ADCEx_MultiModeStart_DMA	136	static
stm32h7xx_hal_adc_ex.c:1118:19:HAL_ADCEx_MultiModeStop_DMA	136	static
stm32h7xx_hal_adc_ex.c:1242:10:HAL_ADCEx_MultiModeGetValue	24	static
stm32h7xx_hal_adc_ex.c:1288:10:HAL_ADCEx_InjectedGetValue	24	static
stm32h7xx_hal_adc_ex.c:1323:13:HAL_ADCEx_InjectedConvCpltCallback	16	static
stm32h7xx_hal_adc_ex.c:1342:13:HAL_ADCEx_InjectedQueueOverflowCallback	16	static
stm32h7xx_hal_adc_ex.c:1357:13:HAL_ADCEx_LevelOutOfWindow2Callback	16	static
stm32h7xx_hal_adc_ex.c:1372:13:HAL_ADCEx_LevelOutOfWindow3Callback	16	static
stm32h7xx_hal_adc_ex.c:1388:13:HAL_ADCEx_EndOfSamplingCallback	16	static
stm32h7xx_hal_adc_ex.c:1405:19:HAL_ADCEx_RegularStop	24	static
stm32h7xx_hal_adc_ex.c:1463:19:HAL_ADCEx_RegularStop_IT	24	static
stm32h7xx_hal_adc_ex.c:1523:19:HAL_ADCEx_RegularStop_DMA	24	static
stm32h7xx_hal_adc_ex.c:1609:19:HAL_ADCEx_RegularMultiModeStop_DMA	128	static
stm32h7xx_hal_adc_ex.c:1793:19:HAL_ADCEx_InjectedConfigChannel	248	static,ignoring_inline_asm
stm32h7xx_hal_adc_ex.c:2353:19:HAL_ADCEx_MultiModeConfigChannel	136	static
stm32h7xx_hal_adc_ex.c:2466:19:HAL_ADCEx_EnableInjectedQueue	32	static
stm32h7xx_hal_adc_ex.c:2507:19:HAL_ADCEx_DisableInjectedQueue	32	static
stm32h7xx_hal_adc_ex.c:2544:19:HAL_ADCEx_DisableVoltageRegulator	24	static
stm32h7xx_hal_adc_ex.c:2581:19:HAL_ADCEx_EnterADCDeepPowerDownMode	24	static
