stm32h7xx_ll_adc.h:2647:22:LL_ADC_SetCommonClock	16	static
stm32h7xx_ll_adc.h:2715:22:LL_ADC_SetCommonPathInternalCh	16	static
stm32h7xx_ll_adc.h:2737:26:LL_ADC_GetCommonPathInternalCh	16	static
stm32h7xx_ll_adc.h:3312:22:LL_ADC_SetOffset	32	static
stm32h7xx_ll_adc.h:3443:22:LL_ADC_SetDataRightShift	24	static
stm32h7xx_ll_adc.h:3485:22:LL_ADC_SetOffsetSignedSaturation	32	static
stm32h7xx_ll_adc.h:3861:26:LL_ADC_REG_IsTriggerSourceSWStart	16	static
stm32h7xx_ll_adc.h:4188:22:LL_ADC_REG_SetSequencerRanks	32	static
stm32h7xx_ll_adc.h:4352:22:LL_ADC_REG_SetDataTransferMode	16	static
stm32h7xx_ll_adc.h:4648:26:LL_ADC_INJ_IsTriggerSourceSWStart	16	static
stm32h7xx_ll_adc.h:5342:22:LL_ADC_SetChannelSamplingTime	32	static
stm32h7xx_ll_adc.h:5488:22:LL_ADC_SetChannelSingleDiff	24	static
stm32h7xx_ll_adc.h:5707:22:LL_ADC_SetAnalogWDMonitChannels	32	static
stm32h7xx_ll_adc.h:6476:26:LL_ADC_GetMultimode	16	static
stm32h7xx_ll_adc.h:6567:26:LL_ADC_GetMultiDMATransfer	16	static
stm32h7xx_ll_adc.h:6693:22:LL_ADC_DisableDeepPowerDown	16	static
stm32h7xx_ll_adc.h:6707:26:LL_ADC_IsDeepPowerDownEnabled	16	static
stm32h7xx_ll_adc.h:6726:22:LL_ADC_EnableInternalRegulator	16	static
stm32h7xx_ll_adc.h:6756:26:LL_ADC_IsInternalRegulatorEnabled	16	static
stm32h7xx_ll_adc.h:6777:22:LL_ADC_Enable	16	static
stm32h7xx_ll_adc.h:6797:22:LL_ADC_Disable	16	static
stm32h7xx_ll_adc.h:6816:26:LL_ADC_IsEnabled	16	static
stm32h7xx_ll_adc.h:6827:26:LL_ADC_IsDisableOngoing	16	static
stm32h7xx_ll_adc.h:6912:22:LL_ADC_REG_StartConversion	16	static
stm32h7xx_ll_adc.h:6932:22:LL_ADC_REG_StopConversion	16	static
stm32h7xx_ll_adc.h:6948:26:LL_ADC_REG_IsConversionOngoing	16	static
stm32h7xx_ll_adc.h:7127:22:LL_ADC_INJ_StopConversion	16	static
stm32h7xx_ll_adc.h:7143:26:LL_ADC_INJ_IsConversionOngoing	16	static
stm32h7xx_ll_adc.h:7549:22:LL_ADC_ClearFlag_AWD1	16	static
stm32h7xx_ll_adc.h:7560:22:LL_ADC_ClearFlag_AWD2	16	static
stm32h7xx_ll_adc.h:7571:22:LL_ADC_ClearFlag_AWD3	16	static
stm32h7xx_ll_adc.h:7942:22:LL_ADC_EnableIT_AWD1	16	static
stm32h7xx_ll_adc.h:7953:22:LL_ADC_EnableIT_AWD2	16	static
stm32h7xx_ll_adc.h:7964:22:LL_ADC_EnableIT_AWD3	16	static
stm32h7xx_ll_adc.h:8063:22:LL_ADC_DisableIT_AWD1	16	static
stm32h7xx_ll_adc.h:8074:22:LL_ADC_DisableIT_AWD2	16	static
stm32h7xx_ll_adc.h:8085:22:LL_ADC_DisableIT_AWD3	16	static
stm32h7xx_hal_adc.c:407:19:HAL_ADC_Init	48	static
stm32h7xx_hal_adc.c:842:19:HAL_ADC_DeInit	32	static
stm32h7xx_hal_adc.c:1095:13:HAL_ADC_MspInit	16	static
stm32h7xx_hal_adc.c:1112:13:HAL_ADC_MspDeInit	16	static
stm32h7xx_hal_adc.c:1397:19:HAL_ADC_Start	32	static
stm32h7xx_hal_adc.c:1518:19:HAL_ADC_Stop	24	static
stm32h7xx_hal_adc.c:1572:19:HAL_ADC_PollForConversion	40	static
stm32h7xx_hal_adc.c:1735:19:HAL_ADC_PollForEvent	32	static
stm32h7xx_hal_adc.c:1884:19:HAL_ADC_Start_IT	32	static
stm32h7xx_hal_adc.c:2059:19:HAL_ADC_Stop_IT	24	static
stm32h7xx_hal_adc.c:2112:19:HAL_ADC_Start_DMA	32	static
stm32h7xx_hal_adc.c:2259:19:HAL_ADC_Stop_DMA	24	static
stm32h7xx_hal_adc.c:2344:10:HAL_ADC_GetValue	16	static
stm32h7xx_hal_adc.c:2361:6:HAL_ADC_IRQHandler	48	static
stm32h7xx_hal_adc.c:2721:13:HAL_ADC_ConvCpltCallback	16	static
stm32h7xx_hal_adc.c:2736:13:HAL_ADC_ConvHalfCpltCallback	16	static
stm32h7xx_hal_adc.c:2751:13:HAL_ADC_LevelOutOfWindowCallback	16	static
stm32h7xx_hal_adc.c:2773:13:HAL_ADC_ErrorCallback	16	static
stm32h7xx_hal_adc.c:2819:19:HAL_ADC_ConfigChannel	144	static,ignoring_inline_asm
stm32h7xx_hal_adc.c:3133:19:HAL_ADC_AnalogWDGConfig	88	static,ignoring_inline_asm
stm32h7xx_hal_adc.c:3495:10:HAL_ADC_GetState	16	static
stm32h7xx_hal_adc.c:3509:10:HAL_ADC_GetError	16	static
stm32h7xx_hal_adc.c:3539:19:ADC_ConversionStop	40	static
stm32h7xx_hal_adc.c:3673:19:ADC_Enable	24	static
stm32h7xx_hal_adc.c:3752:19:ADC_Disable	24	static
stm32h7xx_hal_adc.c:3814:6:ADC_DMAConvCplt	24	static
stm32h7xx_hal_adc.c:3892:6:ADC_DMAHalfConvCplt	24	static
stm32h7xx_hal_adc.c:3910:6:ADC_DMAError	24	static
stm32h7xx_hal_adc.c:3936:6:ADC_ConfigureBoostMode	24	static
