stm32h7xx_ll_adc.h:2646:22:LL_ADC_SetCommonClock	16	static
stm32h7xx_ll_adc.h:2714:22:LL_ADC_SetCommonPathInternalCh	16	static
stm32h7xx_ll_adc.h:2736:26:LL_ADC_GetCommonPathInternalCh	16	static
stm32h7xx_ll_adc.h:3252:22:LL_ADC_SetOffset	32	static
stm32h7xx_ll_adc.h:3383:22:LL_ADC_SetDataRightShift	24	static
stm32h7xx_ll_adc.h:3425:22:LL_ADC_SetOffsetSignedSaturation	32	static
stm32h7xx_ll_adc.h:3801:26:LL_ADC_REG_IsTriggerSourceSWStart	16	static
stm32h7xx_ll_adc.h:4128:22:LL_ADC_REG_SetSequencerRanks	32	static
stm32h7xx_ll_adc.h:4292:22:LL_ADC_REG_SetDataTransferMode	16	static
stm32h7xx_ll_adc.h:4588:26:LL_ADC_INJ_IsTriggerSourceSWStart	16	static
stm32h7xx_ll_adc.h:5282:22:LL_ADC_SetChannelSamplingTime	32	static
stm32h7xx_ll_adc.h:5428:22:LL_ADC_SetChannelSingleDiff	24	static
stm32h7xx_ll_adc.h:5647:22:LL_ADC_SetAnalogWDMonitChannels	32	static
stm32h7xx_ll_adc.h:6416:26:LL_ADC_GetMultimode	16	static
stm32h7xx_ll_adc.h:6507:26:LL_ADC_GetMultiDMATransfer	16	static
stm32h7xx_ll_adc.h:6633:22:LL_ADC_DisableDeepPowerDown	16	static
stm32h7xx_ll_adc.h:6647:26:LL_ADC_IsDeepPowerDownEnabled	16	static
stm32h7xx_ll_adc.h:6666:22:LL_ADC_EnableInternalRegulator	16	static
stm32h7xx_ll_adc.h:6696:26:LL_ADC_IsInternalRegulatorEnabled	16	static
stm32h7xx_ll_adc.h:6717:22:LL_ADC_Enable	16	static
stm32h7xx_ll_adc.h:6737:22:LL_ADC_Disable	16	static
stm32h7xx_ll_adc.h:6756:26:LL_ADC_IsEnabled	16	static
stm32h7xx_ll_adc.h:6767:26:LL_ADC_IsDisableOngoing	16	static
stm32h7xx_ll_adc.h:6852:22:LL_ADC_REG_StartConversion	16	static
stm32h7xx_ll_adc.h:6872:22:LL_ADC_REG_StopConversion	16	static
stm32h7xx_ll_adc.h:6888:26:LL_ADC_REG_IsConversionOngoing	16	static
stm32h7xx_ll_adc.h:7067:22:LL_ADC_INJ_StopConversion	16	static
stm32h7xx_ll_adc.h:7083:26:LL_ADC_INJ_IsConversionOngoing	16	static
stm32h7xx_ll_adc.h:7489:22:LL_ADC_ClearFlag_AWD1	16	static
stm32h7xx_ll_adc.h:7500:22:LL_ADC_ClearFlag_AWD2	16	static
stm32h7xx_ll_adc.h:7511:22:LL_ADC_ClearFlag_AWD3	16	static
stm32h7xx_ll_adc.h:7882:22:LL_ADC_EnableIT_AWD1	16	static
stm32h7xx_ll_adc.h:7893:22:LL_ADC_EnableIT_AWD2	16	static
stm32h7xx_ll_adc.h:7904:22:LL_ADC_EnableIT_AWD3	16	static
stm32h7xx_ll_adc.h:8003:22:LL_ADC_DisableIT_AWD1	16	static
stm32h7xx_ll_adc.h:8014:22:LL_ADC_DisableIT_AWD2	16	static
stm32h7xx_ll_adc.h:8025:22:LL_ADC_DisableIT_AWD3	16	static
stm32h7xx_hal_adc.c:416:19:HAL_ADC_Init	48	static
stm32h7xx_hal_adc.c:851:19:HAL_ADC_DeInit	32	static
stm32h7xx_hal_adc.c:1104:13:HAL_ADC_MspInit	16	static
stm32h7xx_hal_adc.c:1121:13:HAL_ADC_MspDeInit	16	static
stm32h7xx_hal_adc.c:1406:19:HAL_ADC_Start	32	static
stm32h7xx_hal_adc.c:1527:19:HAL_ADC_Stop	24	static
stm32h7xx_hal_adc.c:1581:19:HAL_ADC_PollForConversion	40	static
stm32h7xx_hal_adc.c:1744:19:HAL_ADC_PollForEvent	32	static
stm32h7xx_hal_adc.c:1893:19:HAL_ADC_Start_IT	32	static
stm32h7xx_hal_adc.c:2068:19:HAL_ADC_Stop_IT	24	static
stm32h7xx_hal_adc.c:2121:19:HAL_ADC_Start_DMA	32	static
stm32h7xx_hal_adc.c:2268:19:HAL_ADC_Stop_DMA	24	static
stm32h7xx_hal_adc.c:2353:10:HAL_ADC_GetValue	16	static
stm32h7xx_hal_adc.c:2370:6:HAL_ADC_IRQHandler	48	static
stm32h7xx_hal_adc.c:2728:13:HAL_ADC_ConvCpltCallback	16	static
stm32h7xx_hal_adc.c:2743:13:HAL_ADC_ConvHalfCpltCallback	16	static
stm32h7xx_hal_adc.c:2758:13:HAL_ADC_LevelOutOfWindowCallback	16	static
stm32h7xx_hal_adc.c:2780:13:HAL_ADC_ErrorCallback	16	static
stm32h7xx_hal_adc.c:2826:19:HAL_ADC_ConfigChannel	144	static,ignoring_inline_asm
stm32h7xx_hal_adc.c:3140:19:HAL_ADC_AnalogWDGConfig	88	static,ignoring_inline_asm
stm32h7xx_hal_adc.c:3502:10:HAL_ADC_GetState	16	static
stm32h7xx_hal_adc.c:3516:10:HAL_ADC_GetError	16	static
stm32h7xx_hal_adc.c:3546:19:ADC_ConversionStop	40	static
stm32h7xx_hal_adc.c:3680:19:ADC_Enable	24	static
stm32h7xx_hal_adc.c:3759:19:ADC_Disable	24	static
stm32h7xx_hal_adc.c:3821:6:ADC_DMAConvCplt	24	static
stm32h7xx_hal_adc.c:3899:6:ADC_DMAHalfConvCplt	24	static
stm32h7xx_hal_adc.c:3917:6:ADC_DMAError	24	static
stm32h7xx_hal_adc.c:3943:6:ADC_ConfigureBoostMode	24	static
