stm32h7xx_hal_pwr_ex.c:314:19:HAL_PWREx_ConfigSupply	24	static
stm32h7xx_hal_pwr_ex.c:386:10:HAL_PWREx_GetSupplyConfig	4	static
stm32h7xx_hal_pwr_ex.c:414:19:HAL_PWREx_ControlVoltageScaling	24	static
stm32h7xx_hal_pwr_ex.c:513:10:HAL_PWREx_GetVoltageRange	4	static
stm32h7xx_hal_pwr_ex.c:539:19:HAL_PWREx_ControlStopModeVoltageScaling	16	static
stm32h7xx_hal_pwr_ex.c:554:10:HAL_PWREx_GetStopModeVoltageRange	4	static
stm32h7xx_hal_pwr_ex.c:817:6:HAL_PWREx_EnterSTOPMode	24	static,ignoring_inline_asm
stm32h7xx_hal_pwr_ex.c:940:6:HAL_PWREx_ClearPendingEvent	4	static,ignoring_inline_asm
stm32h7xx_hal_pwr_ex.c:987:6:HAL_PWREx_EnterSTANDBYMode	16	static,ignoring_inline_asm
stm32h7xx_hal_pwr_ex.c:1082:6:HAL_PWREx_ConfigD3Domain	16	static
stm32h7xx_hal_pwr_ex.c:1213:6:HAL_PWREx_EnableFlashPowerDown	4	static
stm32h7xx_hal_pwr_ex.c:1227:6:HAL_PWREx_DisableFlashPowerDown	4	static
stm32h7xx_hal_pwr_ex.c:1303:6:HAL_PWREx_EnableWakeUpPin	80	static,ignoring_inline_asm
stm32h7xx_hal_pwr_ex.c:1345:6:HAL_PWREx_DisableWakeUpPin	16	static
stm32h7xx_hal_pwr_ex.c:1370:10:HAL_PWREx_GetWakeupFlag	16	static
stm32h7xx_hal_pwr_ex.c:1395:19:HAL_PWREx_ClearWakeupFlag	16	static
stm32h7xx_hal_pwr_ex.c:1417:6:HAL_PWREx_WAKEUP_PIN_IRQHandler	8	static
stm32h7xx_hal_pwr_ex.c:1478:13:HAL_PWREx_WKUP1_Callback	4	static
stm32h7xx_hal_pwr_ex.c:1489:13:HAL_PWREx_WKUP2_Callback	4	static
stm32h7xx_hal_pwr_ex.c:1501:13:HAL_PWREx_WKUP3_Callback	4	static
stm32h7xx_hal_pwr_ex.c:1513:13:HAL_PWREx_WKUP4_Callback	4	static
stm32h7xx_hal_pwr_ex.c:1525:13:HAL_PWREx_WKUP5_Callback	4	static
stm32h7xx_hal_pwr_ex.c:1537:13:HAL_PWREx_WKUP6_Callback	4	static
stm32h7xx_hal_pwr_ex.c:1626:19:HAL_PWREx_EnableBkUpReg	16	static
stm32h7xx_hal_pwr_ex.c:1652:19:HAL_PWREx_DisableBkUpReg	16	static
stm32h7xx_hal_pwr_ex.c:1678:19:HAL_PWREx_EnableUSBReg	16	static
stm32h7xx_hal_pwr_ex.c:1704:19:HAL_PWREx_DisableUSBReg	16	static
stm32h7xx_hal_pwr_ex.c:1730:6:HAL_PWREx_EnableUSBVoltageDetector	4	static
stm32h7xx_hal_pwr_ex.c:1740:6:HAL_PWREx_DisableUSBVoltageDetector	4	static
stm32h7xx_hal_pwr_ex.c:1756:6:HAL_PWREx_EnableBatteryCharging	16	static
stm32h7xx_hal_pwr_ex.c:1772:6:HAL_PWREx_DisableBatteryCharging	4	static
stm32h7xx_hal_pwr_ex.c:1862:6:HAL_PWREx_EnableMonitoring	4	static
stm32h7xx_hal_pwr_ex.c:1872:6:HAL_PWREx_DisableMonitoring	4	static
stm32h7xx_hal_pwr_ex.c:1883:10:HAL_PWREx_GetTemperatureLevel	16	static
stm32h7xx_hal_pwr_ex.c:1914:10:HAL_PWREx_GetVBATLevel	16	static
stm32h7xx_hal_pwr_ex.c:1977:6:HAL_PWREx_ConfigAVD	16	static
stm32h7xx_hal_pwr_ex.c:2026:6:HAL_PWREx_EnableAVD	4	static
stm32h7xx_hal_pwr_ex.c:2036:6:HAL_PWREx_DisableAVD	4	static
stm32h7xx_hal_pwr_ex.c:2047:6:HAL_PWREx_PVD_AVD_IRQHandler	8	static
stm32h7xx_hal_pwr_ex.c:2120:13:HAL_PWREx_AVDCallback	4	static
