core_cm7.h:1871:22:__NVIC_SetPriorityGrouping	24	static
core_cm7.h:1890:26:__NVIC_GetPriorityGrouping	4	static
core_cm7.h:1902:22:__NVIC_EnableIRQ	16	static,ignoring_inline_asm
core_cm7.h:1940:22:__NVIC_DisableIRQ	16	static,ignoring_inline_asm
core_cm7.h:1959:26:__NVIC_GetPendingIRQ	16	static
core_cm7.h:1978:22:__NVIC_SetPendingIRQ	16	static
core_cm7.h:1993:22:__NVIC_ClearPendingIRQ	16	static
core_cm7.h:2010:26:__NVIC_GetActive	16	static
core_cm7.h:2032:22:__NVIC_SetPriority	16	static
core_cm7.h:2054:26:__NVIC_GetPriority	16	static
core_cm7.h:2079:26:NVIC_EncodePriority	40	static
core_cm7.h:2106:22:NVIC_DecodePriority	40	static
core_cm7.h:2156:34:__NVIC_SystemReset	4	static,ignoring_inline_asm
core_cm7.h:2618:26:SysTick_Config	16	static
stm32h7xx_hal_cortex.c:143:6:HAL_NVIC_SetPriorityGrouping	16	static
stm32h7xx_hal_cortex.c:165:6:HAL_NVIC_SetPriority	32	static
stm32h7xx_hal_cortex.c:187:6:HAL_NVIC_EnableIRQ	16	static
stm32h7xx_hal_cortex.c:203:6:HAL_NVIC_DisableIRQ	16	static
stm32h7xx_hal_cortex.c:216:6:HAL_NVIC_SystemReset	8	static
stm32h7xx_hal_cortex.c:229:10:HAL_SYSTICK_Config	16	static
stm32h7xx_hal_cortex.c:257:6:HAL_MPU_Disable	4	static,ignoring_inline_asm
stm32h7xx_hal_cortex.c:280:6:HAL_MPU_Enable	16	static,ignoring_inline_asm
stm32h7xx_hal_cortex.c:298:6:HAL_MPU_ConfigRegion	16	static
stm32h7xx_hal_cortex.c:342:10:HAL_NVIC_GetPriorityGrouping	8	static
stm32h7xx_hal_cortex.c:369:6:HAL_NVIC_GetPriority	24	static
stm32h7xx_hal_cortex.c:384:6:HAL_NVIC_SetPendingIRQ	16	static
stm32h7xx_hal_cortex.c:402:10:HAL_NVIC_GetPendingIRQ	16	static
stm32h7xx_hal_cortex.c:418:6:HAL_NVIC_ClearPendingIRQ	16	static
stm32h7xx_hal_cortex.c:435:10:HAL_NVIC_GetActive	16	static
stm32h7xx_hal_cortex.c:452:6:HAL_SYSTICK_CLKSourceConfig	16	static
stm32h7xx_hal_cortex.c:470:6:HAL_SYSTICK_IRQHandler	8	static
stm32h7xx_hal_cortex.c:479:13:HAL_SYSTICK_Callback	4	static
stm32h7xx_hal_cortex.c:510:10:HAL_GetCurrentCPUID	4	static
