stm32h7xx_hal_rcc.c:190:19:HAL_RCC_DeInit	16	static
stm32h7xx_hal_rcc.c:407:26:HAL_RCC_OscConfig	56	static
stm32h7xx_hal_rcc.c:889:19:HAL_RCC_ClockConfig	32	static
stm32h7xx_hal_rcc.c:1253:6:HAL_RCC_MCOConfig	56	static
stm32h7xx_hal_rcc.c:1307:6:HAL_RCC_EnableCSS	4	static
stm32h7xx_hal_rcc.c:1316:6:HAL_RCC_DisableCSS	4	static
stm32h7xx_hal_rcc.c:1355:10:HAL_RCC_GetSysClockFreq	40	static
stm32h7xx_hal_rcc.c:1452:10:HAL_RCC_GetHCLKFreq	16	static
stm32h7xx_hal_rcc.c:1484:10:HAL_RCC_GetPCLK1Freq	8	static
stm32h7xx_hal_rcc.c:1502:10:HAL_RCC_GetPCLK2Freq	8	static
stm32h7xx_hal_rcc.c:1519:6:HAL_RCC_GetOscConfig	16	static
stm32h7xx_hal_rcc.c:1685:6:HAL_RCC_GetClockConfig	16	static
stm32h7xx_hal_rcc.c:1741:6:HAL_RCC_NMI_IRQHandler	8	static
stm32h7xx_hal_rcc.c:1758:13:HAL_RCC_CSSCallback	4	static
