stm32h7xx_hal_pcd.c:123:19:HAL_PCD_Init	80	static
stm32h7xx_hal_pcd.c:244:19:HAL_PCD_DeInit	16	static
stm32h7xx_hal_pcd.c:283:13:HAL_PCD_MspInit	16	static
stm32h7xx_hal_pcd.c:298:13:HAL_PCD_MspDeInit	16	static
stm32h7xx_hal_pcd.c:999:19:HAL_PCD_Start	24	static
stm32h7xx_hal_pcd.c:1024:19:HAL_PCD_Stop	24	static
stm32h7xx_hal_pcd.c:1052:6:HAL_PCD_IRQHandler	64	static
stm32h7xx_hal_pcd.c:1439:13:HAL_PCD_DataOutStageCallback	16	static
stm32h7xx_hal_pcd.c:1456:13:HAL_PCD_DataInStageCallback	16	static
stm32h7xx_hal_pcd.c:1471:13:HAL_PCD_SetupStageCallback	16	static
stm32h7xx_hal_pcd.c:1486:13:HAL_PCD_SOFCallback	16	static
stm32h7xx_hal_pcd.c:1501:13:HAL_PCD_ResetCallback	16	static
stm32h7xx_hal_pcd.c:1516:13:HAL_PCD_SuspendCallback	16	static
stm32h7xx_hal_pcd.c:1531:13:HAL_PCD_ResumeCallback	16	static
stm32h7xx_hal_pcd.c:1547:13:HAL_PCD_ISOOUTIncompleteCallback	16	static
stm32h7xx_hal_pcd.c:1564:13:HAL_PCD_ISOINIncompleteCallback	16	static
stm32h7xx_hal_pcd.c:1580:13:HAL_PCD_ConnectCallback	16	static
stm32h7xx_hal_pcd.c:1595:13:HAL_PCD_DisconnectCallback	16	static
stm32h7xx_hal_pcd.c:1629:19:HAL_PCD_DevConnect	24	static
stm32h7xx_hal_pcd.c:1652:19:HAL_PCD_DevDisconnect	24	static
stm32h7xx_hal_pcd.c:1677:19:HAL_PCD_SetAddress	16	static
stm32h7xx_hal_pcd.c:1694:19:HAL_PCD_EP_Open	24	static
stm32h7xx_hal_pcd.c:1739:19:HAL_PCD_EP_Close	24	static
stm32h7xx_hal_pcd.c:1770:19:HAL_PCD_EP_Receive	32	static
stm32h7xx_hal_pcd.c:1806:10:HAL_PCD_EP_GetRxCount	16	static
stm32h7xx_hal_pcd.c:1818:19:HAL_PCD_EP_Transmit	32	static
stm32h7xx_hal_pcd.c:1854:19:HAL_PCD_EP_SetStall	24	static
stm32h7xx_hal_pcd.c:1897:19:HAL_PCD_EP_ClrStall	24	static
stm32h7xx_hal_pcd.c:1933:19:HAL_PCD_EP_Flush	16	static
stm32h7xx_hal_pcd.c:1956:19:HAL_PCD_ActivateRemoteWakeup	16	static
stm32h7xx_hal_pcd.c:1966:19:HAL_PCD_DeActivateRemoteWakeup	16	static
stm32h7xx_hal_pcd.c:1995:18:HAL_PCD_GetState	16	static
stm32h7xx_hal_pcd.c:2019:26:PCD_WriteEmptyTxFifo	48	static
stm32h7xx_hal_pcd.c:2079:26:PCD_EP_OutXfrComplete_int	32	static
stm32h7xx_hal_pcd.c:2184:26:PCD_EP_OutSetupPacket_int	32	static
