stm32h7xx_ll_usb.c:83:19:USB_CoreInit	24	static
stm32h7xx_ll_usb.c:143:19:USB_SetTurnaroundTime	32	static
stm32h7xx_ll_usb.c:226:19:USB_EnableGlobalInt	16	static
stm32h7xx_ll_usb.c:238:19:USB_DisableGlobalInt	16	static
stm32h7xx_ll_usb.c:253:19:USB_SetCurrentMode	24	static
stm32h7xx_ll_usb.c:300:19:USB_DevInit	32	static
stm32h7xx_ll_usb.c:455:19:USB_FlushTxFifo	24	static
stm32h7xx_ll_usb.c:488:19:USB_FlushRxFifo	24	static
stm32h7xx_ll_usb.c:527:19:USB_SetDevSpeed	24	static
stm32h7xx_ll_usb.c:543:9:USB_GetDevSpeed	32	static
stm32h7xx_ll_usb.c:572:19:USB_ActivateEndpoint	24	static
stm32h7xx_ll_usb.c:610:19:USB_ActivateDedicatedEndpoint	24	static
stm32h7xx_ll_usb.c:649:19:USB_DeactivateEndpoint	24	static
stm32h7xx_ll_usb.c:696:19:USB_DeactivateDedicatedEndpoint	24	static
stm32h7xx_ll_usb.c:738:19:USB_EPStartXfer	48	static
stm32h7xx_ll_usb.c:882:19:USB_EP0StartXfer	32	static
stm32h7xx_ll_usb.c:976:19:USB_EPStopXfer	32	static
stm32h7xx_ll_usb.c:1036:19:USB_WritePacket	40	static
stm32h7xx_ll_usb.c:1067:7:USB_ReadPacket	48	static
stm32h7xx_ll_usb.c:1109:19:USB_EPSetStall	24	static
stm32h7xx_ll_usb.c:1140:19:USB_EPClearStall	24	static
stm32h7xx_ll_usb.c:1169:19:USB_StopDevice	32	static
stm32h7xx_ll_usb.c:1210:20:USB_SetDevAddress	24	static
stm32h7xx_ll_usb.c:1225:20:USB_DevConnect	24	static
stm32h7xx_ll_usb.c:1242:20:USB_DevDisconnect	24	static
stm32h7xx_ll_usb.c:1259:11:USB_ReadInterrupts	24	static
stm32h7xx_ll_usb.c:1274:10:USB_ReadDevAllOutEpInterrupt	24	static
stm32h7xx_ll_usb.c:1290:10:USB_ReadDevAllInEpInterrupt	24	static
stm32h7xx_ll_usb.c:1308:10:USB_ReadDevOutEPInterrupt	24	static
stm32h7xx_ll_usb.c:1326:10:USB_ReadDevInEPInterrupt	32	static
stm32h7xx_ll_usb.c:1347:7:USB_ClearInterrupts	16	static
stm32h7xx_ll_usb.c:1360:10:USB_GetMode	16	static
stm32h7xx_ll_usb.c:1370:20:USB_ActivateSetup	24	static
stm32h7xx_ll_usb.c:1392:19:USB_EP0_OutStart	32	static
stm32h7xx_ll_usb.c:1425:26:USB_CoreReset	24	static
stm32h7xx_ll_usb.c:1461:19:USB_HostInit	32	static
stm32h7xx_ll_usb.c:1559:19:USB_InitFSLSPClkSel	24	static
stm32h7xx_ll_usb.c:1589:19:USB_ResetPort	24	static
stm32h7xx_ll_usb.c:1616:19:USB_DriveVbus	24	static
stm32h7xx_ll_usb.c:1646:10:USB_GetHostSpeed	24	static
stm32h7xx_ll_usb.c:1660:10:USB_GetCurrentFrame	24	static
stm32h7xx_ll_usb.c:1691:19:USB_HC_Init	40	static
stm32h7xx_ll_usb.c:1817:19:USB_HC_StartXfer	56	static
stm32h7xx_ll_usb.c:1956:10:USB_HC_ReadInterrupt	24	static
stm32h7xx_ll_usb.c:1970:19:USB_HC_Halt	40	static
stm32h7xx_ll_usb.c:2041:19:USB_DoPing	32	static
stm32h7xx_ll_usb.c:2065:19:USB_StopHost	40	static
stm32h7xx_ll_usb.c:2128:19:USB_ActivateRemoteWakeup	24	static
stm32h7xx_ll_usb.c:2146:19:USB_DeActivateRemoteWakeup	24	static
