stm32h7xx_hal_mdma.c:219:19:HAL_MDMA_Init	24	static
stm32h7xx_hal_mdma.c:295:19:HAL_MDMA_DeInit	16	static
stm32h7xx_hal_mdma.c:348:19:HAL_MDMA_ConfigPostRequestMask	32	static
stm32h7xx_hal_mdma.c:410:19:HAL_MDMA_RegisterCallback	32	static
stm32h7xx_hal_mdma.c:475:19:HAL_MDMA_UnRegisterCallback	24	static
stm32h7xx_hal_mdma.c:569:19:HAL_MDMA_LinkedList_CreateNode	24	static
stm32h7xx_hal_mdma.c:712:19:HAL_MDMA_LinkedList_AddNode	40	static
stm32h7xx_hal_mdma.c:845:19:HAL_MDMA_LinkedList_RemoveNode	32	static
stm32h7xx_hal_mdma.c:958:19:HAL_MDMA_LinkedList_EnableCircularMode	24	static
stm32h7xx_hal_mdma.c:1002:19:HAL_MDMA_LinkedList_DisableCircularMode	24	static
stm32h7xx_hal_mdma.c:1073:19:HAL_MDMA_Start	32	static
stm32h7xx_hal_mdma.c:1133:19:HAL_MDMA_Start_IT	32	static
stm32h7xx_hal_mdma.c:1216:19:HAL_MDMA_Abort	24	static
stm32h7xx_hal_mdma.c:1281:19:HAL_MDMA_Abort_IT	16	static
stm32h7xx_hal_mdma.c:1316:19:HAL_MDMA_PollForTransfer	40	static
stm32h7xx_hal_mdma.c:1463:19:HAL_MDMA_GenerateSWRequest	24	static
stm32h7xx_hal_mdma.c:1505:6:HAL_MDMA_IRQHandler	32	static
stm32h7xx_hal_mdma.c:1723:23:HAL_MDMA_GetState	16	static
stm32h7xx_hal_mdma.c:1734:10:HAL_MDMA_GetError	16	static
stm32h7xx_hal_mdma.c:1761:13:MDMA_SetConfig	32	static
stm32h7xx_hal_mdma.c:1815:13:MDMA_Init	24	static
