Archive member included to satisfy reference by file (symbol)

d:/st/stm32cubeide_1.4.0/stm32cubeide/plugins/com.st.stm32cube.ide.mcu.externaltools.gnu-tools-for-stm32.9-2020-q2-update.win32_2.0.0.202105311346/tools/bin/../lib/gcc/arm-none-eabi/9.3.1/../../../../arm-none-eabi/lib/thumb/v7e-m+dp/hard\libc_nano.a(lib_a-errno.o)
                              ./Core/Src/syscalls.o (__errno)
d:/st/stm32cubeide_1.4.0/stm32cubeide/plugins/com.st.stm32cube.ide.mcu.externaltools.gnu-tools-for-stm32.9-2020-q2-update.win32_2.0.0.202105311346/tools/bin/../lib/gcc/arm-none-eabi/9.3.1/../../../../arm-none-eabi/lib/thumb/v7e-m+dp/hard\libc_nano.a(lib_a-exit.o)
                              d:/st/stm32cubeide_1.4.0/stm32cubeide/plugins/com.st.stm32cube.ide.mcu.externaltools.gnu-tools-for-stm32.9-2020-q2-update.win32_2.0.0.202105311346/tools/bin/../lib/gcc/arm-none-eabi/9.3.1/../../../../arm-none-eabi/lib/thumb/v7e-m+dp/hard/crt0.o (exit)
d:/st/stm32cubeide_1.4.0/stm32cubeide/plugins/com.st.stm32cube.ide.mcu.externaltools.gnu-tools-for-stm32.9-2020-q2-update.win32_2.0.0.202105311346/tools/bin/../lib/gcc/arm-none-eabi/9.3.1/../../../../arm-none-eabi/lib/thumb/v7e-m+dp/hard\libc_nano.a(lib_a-impure.o)
                              d:/st/stm32cubeide_1.4.0/stm32cubeide/plugins/com.st.stm32cube.ide.mcu.externaltools.gnu-tools-for-stm32.9-2020-q2-update.win32_2.0.0.202105311346/tools/bin/../lib/gcc/arm-none-eabi/9.3.1/../../../../arm-none-eabi/lib/thumb/v7e-m+dp/hard\libc_nano.a(lib_a-exit.o) (_global_impure_ptr)
d:/st/stm32cubeide_1.4.0/stm32cubeide/plugins/com.st.stm32cube.ide.mcu.externaltools.gnu-tools-for-stm32.9-2020-q2-update.win32_2.0.0.202105311346/tools/bin/../lib/gcc/arm-none-eabi/9.3.1/../../../../arm-none-eabi/lib/thumb/v7e-m+dp/hard\libc_nano.a(lib_a-init.o)
                              d:/st/stm32cubeide_1.4.0/stm32cubeide/plugins/com.st.stm32cube.ide.mcu.externaltools.gnu-tools-for-stm32.9-2020-q2-update.win32_2.0.0.202105311346/tools/bin/../lib/gcc/arm-none-eabi/9.3.1/../../../../arm-none-eabi/lib/thumb/v7e-m+dp/hard/crt0.o (__libc_init_array)
d:/st/stm32cubeide_1.4.0/stm32cubeide/plugins/com.st.stm32cube.ide.mcu.externaltools.gnu-tools-for-stm32.9-2020-q2-update.win32_2.0.0.202105311346/tools/bin/../lib/gcc/arm-none-eabi/9.3.1/../../../../arm-none-eabi/lib/thumb/v7e-m+dp/hard\libc_nano.a(lib_a-memset.o)
                              d:/st/stm32cubeide_1.4.0/stm32cubeide/plugins/com.st.stm32cube.ide.mcu.externaltools.gnu-tools-for-stm32.9-2020-q2-update.win32_2.0.0.202105311346/tools/bin/../lib/gcc/arm-none-eabi/9.3.1/../../../../arm-none-eabi/lib/thumb/v7e-m+dp/hard/crt0.o (memset)
d:/st/stm32cubeide_1.4.0/stm32cubeide/plugins/com.st.stm32cube.ide.mcu.externaltools.gnu-tools-for-stm32.9-2020-q2-update.win32_2.0.0.202105311346/tools/bin/../lib/gcc/arm-none-eabi/9.3.1/../../../../arm-none-eabi/lib/thumb/v7e-m+dp/hard\libc_nano.a(lib_a-nano-vfprintf_float.o)
                              (_printf_float)
d:/st/stm32cubeide_1.4.0/stm32cubeide/plugins/com.st.stm32cube.ide.mcu.externaltools.gnu-tools-for-stm32.9-2020-q2-update.win32_2.0.0.202105311346/tools/bin/../lib/gcc/arm-none-eabi/9.3.1/../../../../arm-none-eabi/lib/thumb/v7e-m+dp/hard\libc_nano.a(lib_a-nano-vfprintf_i.o)
                              d:/st/stm32cubeide_1.4.0/stm32cubeide/plugins/com.st.stm32cube.ide.mcu.externaltools.gnu-tools-for-stm32.9-2020-q2-update.win32_2.0.0.202105311346/tools/bin/../lib/gcc/arm-none-eabi/9.3.1/../../../../arm-none-eabi/lib/thumb/v7e-m+dp/hard\libc_nano.a(lib_a-nano-vfprintf_float.o) (_printf_common)
d:/st/stm32cubeide_1.4.0/stm32cubeide/plugins/com.st.stm32cube.ide.mcu.externaltools.gnu-tools-for-stm32.9-2020-q2-update.win32_2.0.0.202105311346/tools/bin/../lib/gcc/arm-none-eabi/9.3.1/../../../../arm-none-eabi/lib/thumb/v7e-m+dp/hard\libc_nano.a(lib_a-strlen.o)
                              d:/st/stm32cubeide_1.4.0/stm32cubeide/plugins/com.st.stm32cube.ide.mcu.externaltools.gnu-tools-for-stm32.9-2020-q2-update.win32_2.0.0.202105311346/tools/bin/../lib/gcc/arm-none-eabi/9.3.1/../../../../arm-none-eabi/lib/thumb/v7e-m+dp/hard\libc_nano.a(lib_a-nano-vfprintf_float.o) (strlen)
d:/st/stm32cubeide_1.4.0/stm32cubeide/plugins/com.st.stm32cube.ide.mcu.externaltools.gnu-tools-for-stm32.9-2020-q2-update.win32_2.0.0.202105311346/tools/bin/../lib/gcc/arm-none-eabi/9.3.1/../../../../arm-none-eabi/lib/thumb/v7e-m+dp/hard\libc_nano.a(lib_a-dtoa.o)
                              d:/st/stm32cubeide_1.4.0/stm32cubeide/plugins/com.st.stm32cube.ide.mcu.externaltools.gnu-tools-for-stm32.9-2020-q2-update.win32_2.0.0.202105311346/tools/bin/../lib/gcc/arm-none-eabi/9.3.1/../../../../arm-none-eabi/lib/thumb/v7e-m+dp/hard\libc_nano.a(lib_a-nano-vfprintf_float.o) (_dtoa_r)
[...]
Memory Configuration

Name             Origin             Length             Attributes
DTCMRAM          0x0000000020000000 0x0000000000020000 xrw
ITCMRAM          0x0000000000000000 0x0000000000010000 xrw
RAM_D1           0x0000000024000000 0x0000000000080000 xrw
RAM_D2           0x0000000030000000 0x0000000000048000 xrw
RAM_D3           0x0000000038000000 0x0000000000010000 xrw
FLASH1           0x0000000008000000 0x0000000000080000 xr
FLASH2           0x0000000008100000 0x0000000000080000 xr
*default*        0x0000000000000000 0xffffffffffffffff

Linker script and memory map

LOAD d:/st/stm32cubeide_1.4.0/stm32cubeide/plugins/com.st.stm32cube.ide.mcu.externaltools.gnu-tools-for-stm32.9-2020-q2-update.win32_2.0.0.202105311346/tools/bin/../lib/gcc/arm-none-eabi/9.3.1/thumb/v7e-m+dp/hard/crti.o
LOAD d:/st/stm32cubeide_1.4.0/stm32cubeide/plugins/com.st.stm32cube.ide.mcu.externaltools.gnu-tools-for-stm32.9-2020-q2-update.win32_2.0.0.202105311346/tools/bin/../lib/gcc/arm-none-eabi/9.3.1/thumb/v7e-m+dp/hard/crtbegin.o
LOAD d:/st/stm32cubeide_1.4.0/stm32cubeide/plugins/com.st.stm32cube.ide.mcu.externaltools.gnu-tools-for-stm32.9-2020-q2-update.win32_2.0.0.202105311346/tools/bin/../lib/gcc/arm-none-eabi/9.3.1/../../../../arm-none-eabi/lib/thumb/v7e-m+dp/hard/crt0.o
LOAD ./Core/Src/hdlc.o
LOAD ./Core/Src/main.o
LOAD ./Core/Src/stm32h7xx_hal_msp.o
LOAD ./Core/Src/stm32h7xx_it.o
LOAD ./Core/Src/syscalls.o
LOAD ./Core/Src/sysmem.o
LOAD ./Core/Src/system_stm32h7xx.o
LOAD ./Core/Startup/startup_stm32h743zgtx.o
LOAD ./Drivers/STM32H7xx_HAL_Driver/Src/stm32h7xx_hal.o
LOAD ./Drivers/STM32H7xx_HAL_Driver/Src/stm32h7xx_hal_adc.o
LOAD ./Drivers/STM32H7xx_HAL_Driver/Src/stm32h7xx_hal_adc_ex.o
LOAD ./Drivers/STM32H7xx_HAL_Driver/Src/stm32h7xx_hal_cortex.o
LOAD ./Drivers/STM32H7xx_HAL_Driver/Src/stm32h7xx_hal_dma.o
LOAD ./Drivers/STM32H7xx_HAL_Driver/Src/stm32h7xx_hal_dma_ex.o
LOAD ./Drivers/STM32H7xx_HAL_Driver/Src/stm32h7xx_hal_exti.o
LOAD ./Drivers/STM32H7xx_HAL_Driver/Src/stm32h7xx_hal_flash.o
LOAD ./Drivers/STM32H7xx_HAL_Driver/Src/stm32h7xx_hal_flash_ex.o
LOAD ./Drivers/STM32H7xx_HAL_Driver/Src/stm32h7xx_hal_gpio.o
LOAD ./Drivers/STM32H7xx_HAL_Driver/Src/stm32h7xx_hal_hsem.o
LOAD ./Drivers/STM32H7xx_HAL_Driver/Src/stm32h7xx_hal_i2c.o
LOAD ./Drivers/STM32H7xx_HAL_Driver/Src/stm32h7xx_hal_i2c_ex.o
LOAD ./Drivers/STM32H7xx_HAL_Driver/Src/stm32h7xx_hal_mdma.o
LOAD ./Drivers/STM32H7xx_HAL_Driver/Src/stm32h7xx_hal_pcd.o
LOAD ./Drivers/STM32H7xx_HAL_Driver/Src/stm32h7xx_hal_pcd_ex.o
LOAD ./Drivers/STM32H7xx_HAL_Driver/Src/stm32h7xx_hal_pwr.o
LOAD ./Drivers/STM32H7xx_HAL_Driver/Src/stm32h7xx_hal_pwr_ex.o
LOAD ./Drivers/STM32H7xx_HAL_Driver/Src/stm32h7xx_hal_rcc.o
LOAD ./Drivers/STM32H7xx_HAL_Driver/Src/stm32h7xx_hal_rcc_ex.o
LOAD ./Drivers/STM32H7xx_HAL_Driver/Src/stm32h7xx_hal_tim.o
LOAD ./Drivers/STM32H7xx_HAL_Driver/Src/stm32h7xx_hal_tim_ex.o
LOAD ./Drivers/STM32H7xx_HAL_Driver/Src/stm32h7xx_hal_uart.o
LOAD ./Drivers/STM32H7xx_HAL_Driver/Src/stm32h7xx_hal_uart_ex.o
LOAD ./Drivers/STM32H7xx_HAL_Driver/Src/stm32h7xx_ll_usb.o
LOAD ./Middlewares/ST/STM32_USB_Device_Library/Class/CDC/Src/usbd_cdc.o
LOAD ./Middlewares/ST/STM32_USB_Device_Library/Core/Src/usbd_core.o
LOAD ./Middlewares/ST/STM32_USB_Device_Library/Core/Src/usbd_ctlreq.o
LOAD ./Middlewares/ST/STM32_USB_Device_Library/Core/Src/usbd_ioreq.o
LOAD ./USB_DEVICE/App/usb_device.o
LOAD ./USB_DEVICE/App/usbd_cdc_if.o
LOAD ./USB_DEVICE/App/usbd_desc.o
LOAD ./USB_DEVICE/Target/usbd_conf.o
START GROUP
LOAD d:/st/stm32cubeide_1.4.0/stm32cubeide/plugins/com.st.stm32cube.ide.mcu.externaltools.gnu-tools-for-stm32.9-2020-q2-update.win32_2.0.0.202105311346/tools/bin/../lib/gcc/arm-none-eabi/9.3.1/../../../../arm-none-eabi/lib/thumb/v7e-m+dp/hard\libc_nano.a
LOAD d:/st/stm32cubeide_1.4.0/stm32cubeide/plugins/com.st.stm32cube.ide.mcu.externaltools.gnu-tools-for-stm32.9-2020-q2-update.win32_2.0.0.202105311346/tools/bin/../lib/gcc/arm-none-eabi/9.3.1/../../../../arm-none-eabi/lib/thumb/v7e-m+dp/hard\libm.a
END GROUP
START GROUP
LOAD d:/st/stm32cubeide_1.4.0/stm32cubeide/plugins/com.st.stm32cube.ide.mcu.externaltools.gnu-tools-for-stm32.9-2020-q2-update.win32_2.0.0.202105311346/tools/bin/../lib/gcc/arm-none-eabi/9.3.1/thumb/v7e-m+dp/hard\libgcc.a
LOAD d:/st/stm32cubeide_1.4.0/stm32cubeide/plugins/com.st.stm32cube.ide.mcu.externaltools.gnu-tools-for-stm32.9-2020-q2-update.win32_2.0.0.202105311346/tools/bin/../lib/gcc/arm-none-eabi/9.3.1/../../../../arm-none-eabi/lib/thumb/v7e-m+dp/hard\libc_nano.a
END GROUP
START GROUP
LOAD d:/st/stm32cubeide_1.4.0/stm32cubeide/plugins/com.st.stm32cube.ide.mcu.externaltools.gnu-tools-for-stm32.9-2020-q2-update.win32_2.0.0.202105311346/tools/bin/../lib/gcc/arm-none-eabi/9.3.1/thumb/v7e-m+dp/hard\libgcc.a
LOAD d:/st/stm32cubeide_1.4.0/stm32cubeide/plugins/com.st.stm32cube.ide.mcu.externaltools.gnu-tools-for-stm32.9-2020-q2-update.win32_2.0.0.202105311346/tools/bin/../lib/gcc/arm-none-eabi/9.3.1/../../../../arm-none-eabi/lib/thumb/v7e-m+dp/hard\libc_nano.a
LOAD d:/st/stm32cubeide_1.4.0/stm32cubeide/plugins/com.st.stm32cube.ide.mcu.externaltools.gnu-tools-for-stm32.9-2020-q2-update.win32_2.0.0.202105311346/tools/bin/../lib/gcc/arm-none-eabi/9.3.1/../../../../arm-none-eabi/lib/thumb/v7e-m+dp/hard\libnosys.a
END GROUP
START GROUP
LOAD d:/st/stm32cubeide_1.4.0/stm32cubeide/plugins/com.st.stm32cube.ide.mcu.externaltools.gnu-tools-for-stm32.9-2020-q2-update.win32_2.0.0.202105311346/tools/bin/../lib/gcc/arm-none-eabi/9.3.1/thumb/v7e-m+dp/hard\libgcc.a
LOAD d:/st/stm32cubeide_1.4.0/stm32cubeide/plugins/com.st.stm32cube.ide.mcu.externaltools.gnu-tools-for-stm32.9-2020-q2-update.win32_2.0.0.202105311346/tools/bin/../lib/gcc/arm-none-eabi/9.3.1/../../../../arm-none-eabi/lib/thumb/v7e-m+dp/hard\libc_nano.a
LOAD d:/st/stm32cubeide_1.4.0/stm32cubeide/plugins/com.st.stm32cube.ide.mcu.externaltools.gnu-tools-for-stm32.9-2020-q2-update.win32_2.0.0.202105311346/tools/bin/../lib/gcc/arm-none-eabi/9.3.1/../../../../arm-none-eabi/lib/thumb/v7e-m+dp/hard\libnosys.a
END GROUP
LOAD d:/st/stm32cubeide_1.4.0/stm32cubeide/plugins/com.st.stm32cube.ide.mcu.externaltools.gnu-tools-for-stm32.9-2020-q2-update.win32_2.0.0.202105311346/tools/bin/../lib/gcc/arm-none-eabi/9.3.1/thumb/v7e-m+dp/hard/crtend.o
LOAD d:/st/stm32cubeide_1.4.0/stm32cubeide/plugins/com.st.stm32cube.ide.mcu.externaltools.gnu-tools-for-stm32.9-2020-q2-update.win32_2.0.0.202105311346/tools/bin/../lib/gcc/arm-none-eabi/9.3.1/thumb/v7e-m+dp/hard/crtn.o
                0x000000002001fff0                _estack = ((ORIGIN (DTCMRAM) + LENGTH (DTCMRAM)) - 0x10)
                0x0000000000000200                _Min_Heap_Size = 0x200
                0x0000000000000400                _Min_Stack_Size = 0x400

.isr_vector     0x0000000008000000      0x298
                0x0000000008000000                . = ALIGN (0x4)
 *(.isr_vector)
 .isr_vector    0x0000000008000000      0x298 ./Core/Startup/startup_stm32h743zgtx.o
                0x0000000008000000                g_pfnVectors
                0x0000000008000298                . = ALIGN (0x4)

.text           0x00000000080002a0    0x15fb0
                0x00000000080002a0                . = ALIGN (0x4)
 *(.text)
 .text          0x00000000080002a0       0x40 d:/st/stm32cubeide_1.4.0/stm32cubeide/plugins/com.st.stm32cube.ide.mcu.externaltools.gnu-tools-for-stm32.9-2020-q2-update.win32_2.0.0.202105311346/tools/bin/../lib/gcc/arm-none-eabi/9.3.1/thumb/v7e-m+dp/hard/crtbegin.o
 .text          0x00000000080002e0       0x10 d:/st/stm32cubeide_1.4.0/stm32cubeide/plugins/com.st.stm32cube.ide.mcu.externaltools.gnu-tools-for-stm32.9-2020-q2-update.win32_2.0.0.202105311346/tools/bin/../lib/gcc/arm-none-eabi/9.3.1/../../../../arm-none-eabi/lib/thumb/v7e-m+dp/hard\libc_nano.a(lib_a-strlen.o)
                0x00000000080002e0                strlen
 .text          0x00000000080002f0       0xa0 d:/st/stm32cubeide_1.4.0/stm32cubeide/plugins/com.st.stm32cube.ide.mcu.externaltools.gnu-tools-for-stm32.9-2020-q2-update.win32_2.0.0.202105311346/tools/bin/../lib/gcc/arm-none-eabi/9.3.1/../../../../arm-none-eabi/lib/thumb/v7e-m+dp/hard\libc_nano.a(lib_a-memchr.o)
                0x00000000080002f0                memchr
 .text          0x0000000008000390       0x30 d:/st/stm32cubeide_1.4.0/stm32cubeide/plugins/com.st.stm32cube.ide.mcu.externaltools.gnu-tools-for-stm32.9-2020-q2-update.win32_2.0.0.202105311346/tools/bin/../lib/gcc/arm-none-eabi/9.3.1/thumb/v7e-m+dp/hard\libgcc.a(_aeabi_uldivmod.o)
                0x0000000008000390                __aeabi_uldivmod
 .text          0x00000000080003c0      0x2c4 d:/st/stm32cubeide_1.4.0/stm32cubeide/plugins/com.st.stm32cube.ide.mcu.externaltools.gnu-tools-for-stm32.9-2020-q2-update.win32_2.0.0.202105311346/tools/bin/../lib/gcc/arm-none-eabi/9.3.1/thumb/v7e-m+dp/hard\libgcc.a(_udivmoddi4.o)
                0x00000000080003c0                __udivmoddi4
 .text          0x0000000008000684        0x4 d:/st/stm32cubeide_1.4.0/stm32cubeide/plugins/com.st.stm32cube.ide.mcu.externaltools.gnu-tools-for-stm32.9-2020-q2-update.win32_2.0.0.202105311346/tools/bin/../lib/gcc/arm-none-eabi/9.3.1/thumb/v7e-m+dp/hard\libgcc.a(_dvmd_tls.o)
                0x0000000008000684                __aeabi_idiv0
                0x0000000008000684                __aeabi_ldiv0
 *(.text*)
 .text.__NVIC_SystemReset
                0x0000000008000688       0x2c ./Core/Src/hdlc.o
 .text.HDLC_Init
                0x00000000080006b4       0x98 ./Core/Src/hdlc.o
                0x00000000080006b4                HDLC_Init
 .text.HDLC_Send_Frame
                0x000000000800074c      0x244 ./Core/Src/hdlc.o
                0x000000000800074c                HDLC_Send_Frame
 .text.HDLC_Process_Frame
                0x0000000008000990      0x16c ./Core/Src/hdlc.o
                0x0000000008000990                HDLC_Process_Frame
 .text.HDLC_Process_Input
                0x0000000008000afc      0x140 ./Core/Src/hdlc.o
                0x0000000008000afc                HDLC_Process_Input
 .text.__NVIC_SystemReset
                0x0000000008000c3c       0x2c ./Core/Src/main.o
 .text.update_setting
                0x0000000008000c68      0x16c ./Core/Src/main.o
                0x0000000008000c68                update_setting
 .text.main     0x0000000008000dd4      0x408 ./Core/Src/main.o
                0x0000000008000dd4                main
 .text.SystemClock_Config
                0x00000000080011dc      0x16c ./Core/Src/main.o
                0x00000000080011dc                SystemClock_Config
 .text.PeriphCommonClock_Config
                0x0000000008001348       0x84 ./Core/Src/main.o
                0x0000000008001348                PeriphCommonClock_Config
 .text.MX_ADC1_Init
                0x00000000080013cc      0x1bc ./Core/Src/main.o
 .text.MX_ADC2_Init
                0x0000000008001588      0x194 ./Core/Src/main.o
 .text.MX_ADC3_Init
                0x000000000800171c      0x1b8 ./Core/Src/main.o
 .text.MX_TIM1_Init
                0x00000000080018d4      0x1c0 ./Core/Src/main.o
 .text.MX_USART1_UART_Init
                0x0000000008001a94       0x9c ./Core/Src/main.o
 .text.MX_USART2_UART_Init
                0x0000000008001b30       0x9c ./Core/Src/main.o
 .text.MX_USART3_UART_Init
                0x0000000008001bcc       0x9c ./Core/Src/main.o
 .text.MX_DMA_Init
                0x0000000008001c68       0x90 ./Core/Src/main.o
 .text.MX_GPIO_Init
                0x0000000008001cf8      0x1b0 ./Core/Src/main.o
 .text.HAL_TIM_PeriodElapsedCallback
                0x0000000008001ea8       0x30 ./Core/Src/main.o
                0x0000000008001ea8                HAL_TIM_PeriodElapsedCallback
 .text.min      0x0000000008001ed8       0x28 ./Core/Src/main.o
 .text.max      0x0000000008001f00       0x28 ./Core/Src/main.o
 .text.HAL_ADC_ConvCpltCallback
                0x0000000008001f28      0x860 ./Core/Src/main.o
                0x0000000008001f28                HAL_ADC_ConvCpltCallback
 .text.Error_Handler
                0x0000000008002788       0x1c ./Core/Src/main.o
                0x0000000008002788                Error_Handler
 .text.HAL_MspInit
                0x00000000080027a4       0x70 ./Core/Src/stm32h7xx_hal_msp.o
                0x00000000080027a4                HAL_MspInit
 .text.HAL_ADC_MspInit
                0x0000000008002814      0x370 ./Core/Src/stm32h7xx_hal_msp.o
                0x0000000008002814                HAL_ADC_MspInit
 .text.HAL_TIM_Base_MspInit
                0x0000000008002b84       0x50 ./Core/Src/stm32h7xx_hal_msp.o
                0x0000000008002b84                HAL_TIM_Base_MspInit
 .text.HAL_UART_MspInit
                0x0000000008002bd4      0x228 ./Core/Src/stm32h7xx_hal_msp.o
                0x0000000008002bd4                HAL_UART_MspInit
 .text.NMI_Handler
                0x0000000008002dfc        0x6 ./Core/Src/stm32h7xx_it.o
                0x0000000008002dfc                NMI_Handler
 .text.HardFault_Handler
                0x0000000008002e02        0x6 ./Core/Src/stm32h7xx_it.o
                0x0000000008002e02                HardFault_Handler
 .text.MemManage_Handler
                0x0000000008002e08        0x6 ./Core/Src/stm32h7xx_it.o
                0x0000000008002e08                MemManage_Handler
 .text.BusFault_Handler
                0x0000000008002e0e        0x6 ./Core/Src/stm32h7xx_it.o
                0x0000000008002e0e                BusFault_Handler
 .text.UsageFault_Handler
                0x0000000008002e14        0x6 ./Core/Src/stm32h7xx_it.o
                0x0000000008002e14                UsageFault_Handler
 .text.SVC_Handler
                0x0000000008002e1a        0xe ./Core/Src/stm32h7xx_it.o
                0x0000000008002e1a                SVC_Handler
 .text.DebugMon_Handler
                0x0000000008002e28        0xe ./Core/Src/stm32h7xx_it.o
                0x0000000008002e28                DebugMon_Handler
 .text.PendSV_Handler
                0x0000000008002e36        0xe ./Core/Src/stm32h7xx_it.o
                0x0000000008002e36                PendSV_Handler
 .text.SysTick_Handler
                0x0000000008002e44        0xc ./Core/Src/stm32h7xx_it.o
                0x0000000008002e44                SysTick_Handler
 .text.DMA1_Stream0_IRQHandler
                0x0000000008002e50       0x14 ./Core/Src/stm32h7xx_it.o
                0x0000000008002e50                DMA1_Stream0_IRQHandler
 .text.DMA1_Stream1_IRQHandler
                0x0000000008002e64       0x14 ./Core/Src/stm32h7xx_it.o
                0x0000000008002e64                DMA1_Stream1_IRQHandler
 .text.TIM1_UP_IRQHandler
                0x0000000008002e78       0x14 ./Core/Src/stm32h7xx_it.o
                0x0000000008002e78                TIM1_UP_IRQHandler
 .text.USART1_IRQHandler
                0x0000000008002e8c       0x14 ./Core/Src/stm32h7xx_it.o
                0x0000000008002e8c                USART1_IRQHandler
 .text.USART2_IRQHandler
                0x0000000008002ea0       0x14 ./Core/Src/stm32h7xx_it.o
                0x0000000008002ea0                USART2_IRQHandler
 .text.USART3_IRQHandler
                0x0000000008002eb4       0x1c ./Core/Src/stm32h7xx_it.o
                0x0000000008002eb4                USART3_IRQHandler
 .text.DMA2_Stream0_IRQHandler
                0x0000000008002ed0       0x14 ./Core/Src/stm32h7xx_it.o
                0x0000000008002ed0                DMA2_Stream0_IRQHandler
 .text.DMA2_Stream1_IRQHandler
                0x0000000008002ee4       0x14 ./Core/Src/stm32h7xx_it.o
                0x0000000008002ee4                DMA2_Stream1_IRQHandler
 .text.OTG_FS_IRQHandler
                0x0000000008002ef8       0x14 ./Core/Src/stm32h7xx_it.o
                0x0000000008002ef8                OTG_FS_IRQHandler
 .text._getpid  0x0000000008002f0c       0x10 ./Core/Src/syscalls.o
                0x0000000008002f0c                _getpid
 .text._kill    0x0000000008002f1c       0x20 ./Core/Src/syscalls.o
                0x0000000008002f1c                _kill
 .text._exit    0x0000000008002f3c       0x14 ./Core/Src/syscalls.o
                0x0000000008002f3c                _exit
 .text._read    0x0000000008002f50       0x3a ./Core/Src/syscalls.o
                0x0000000008002f50                _read
 .text._write   0x0000000008002f8a       0x38 ./Core/Src/syscalls.o
                0x0000000008002f8a                _write
 .text._close   0x0000000008002fc2       0x18 ./Core/Src/syscalls.o
                0x0000000008002fc2                _close
 .text._fstat   0x0000000008002fda       0x20 ./Core/Src/syscalls.o
                0x0000000008002fda                _fstat
 .text._isatty  0x0000000008002ffa       0x16 ./Core/Src/syscalls.o
                0x0000000008002ffa                _isatty
 .text._lseek   0x0000000008003010       0x1a ./Core/Src/syscalls.o
                0x0000000008003010                _lseek
 *fill*         0x000000000800302a        0x2 
 .text._sbrk    0x000000000800302c       0x6c ./Core/Src/sysmem.o
                0x000000000800302c                _sbrk
 .text.SystemInit
                0x0000000008003098      0x118 ./Core/Src/system_stm32h7xx.o
                0x0000000008003098                SystemInit
 .text.Reset_Handler
                0x00000000080031b0       0x50 ./Core/Startup/startup_stm32h743zgtx.o
                0x00000000080031b0                Reset_Handler
 .text.Default_Handler
                0x0000000008003200        0x2 ./Core/Startup/startup_stm32h743zgtx.o
                0x0000000008003200                RTC_Alarm_IRQHandler
                0x0000000008003200                EXTI2_IRQHandler
                0x0000000008003200                TIM8_CC_IRQHandler
                0x0000000008003200                HRTIM1_Master_IRQHandler
                0x0000000008003200                UART8_IRQHandler
                0x0000000008003200                SPI4_IRQHandler
                0x0000000008003200                TIM1_CC_IRQHandler
                0x0000000008003200                BDMA_Channel6_IRQHandler
                0x0000000008003200                DMA2_Stream5_IRQHandler
                0x0000000008003200                HRTIM1_FLT_IRQHandler
                0x0000000008003200                JPEG_IRQHandler
                0x0000000008003200                DMA1_Stream5_IRQHandler
                0x0000000008003200                BDMA_Channel1_IRQHandler
                0x0000000008003200                HRTIM1_TIMD_IRQHandler
                0x0000000008003200                TAMP_STAMP_IRQHandler
                0x0000000008003200                EXTI3_IRQHandler
                0x0000000008003200                LPTIM4_IRQHandler
                0x0000000008003200                TIM8_TRG_COM_TIM14_IRQHandler
                0x0000000008003200                LPTIM2_IRQHandler
                0x0000000008003200                DFSDM1_FLT1_IRQHandler
                0x0000000008003200                DMAMUX2_OVR_IRQHandler
                0x0000000008003200                TIM8_UP_TIM13_IRQHandler
                0x0000000008003200                I2C3_ER_IRQHandler
                0x0000000008003200                DFSDM1_FLT2_IRQHandler
                0x0000000008003200                MDMA_IRQHandler
                0x0000000008003200                LPTIM3_IRQHandler
                0x0000000008003200                HSEM1_IRQHandler
                0x0000000008003200                EXTI0_IRQHandler
                0x0000000008003200                I2C2_EV_IRQHandler
                0x0000000008003200                DMA1_Stream2_IRQHandler
                0x0000000008003200                FPU_IRQHandler
                0x0000000008003200                OTG_HS_WKUP_IRQHandler
                0x0000000008003200                FDCAN1_IT1_IRQHandler
                0x0000000008003200                LTDC_ER_IRQHandler
                0x0000000008003200                DMA2_Stream2_IRQHandler
                0x0000000008003200                HRTIM1_TIME_IRQHandler
                0x0000000008003200                SPI1_IRQHandler
                0x0000000008003200                TIM6_DAC_IRQHandler
                0x0000000008003200                DCMI_IRQHandler
                0x0000000008003200                HRTIM1_TIMC_IRQHandler
                0x0000000008003200                DMA2_Stream3_IRQHandler
                0x0000000008003200                SAI2_IRQHandler
                0x0000000008003200                DFSDM1_FLT3_IRQHandler
                0x0000000008003200                USART6_IRQHandler
                0x0000000008003200                TIM17_IRQHandler
                0x0000000008003200                BDMA_Channel7_IRQHandler
                0x0000000008003200                LPTIM5_IRQHandler
                0x0000000008003200                UART5_IRQHandler
                0x0000000008003200                ADC3_IRQHandler
                0x0000000008003200                TIM4_IRQHandler
                0x0000000008003200                BDMA_Channel2_IRQHandler
                0x0000000008003200                QUADSPI_IRQHandler
                0x0000000008003200                I2C1_EV_IRQHandler
                0x0000000008003200                DMA1_Stream6_IRQHandler
                0x0000000008003200                DMAMUX1_OVR_IRQHandler
                0x0000000008003200                TIM16_IRQHandler
                0x0000000008003200                UART4_IRQHandler
                0x0000000008003200                BDMA_Channel5_IRQHandler
                0x0000000008003200                TIM3_IRQHandler
                0x0000000008003200                RCC_IRQHandler
                0x0000000008003200                TIM8_BRK_TIM12_IRQHandler
                0x0000000008003200                TIM1_TRG_COM_IRQHandler
                0x0000000008003200                Default_Handler
                0x0000000008003200                ECC_IRQHandler
                0x0000000008003200                CEC_IRQHandler
                0x0000000008003200                EXTI15_10_IRQHandler
                0x0000000008003200                BDMA_Channel0_IRQHandler
                0x0000000008003200                ADC_IRQHandler
                0x0000000008003200                DMA1_Stream7_IRQHandler
                0x0000000008003200                HRTIM1_TIMA_IRQHandler
                0x0000000008003200                SPI5_IRQHandler
                0x0000000008003200                TIM7_IRQHandler
                0x0000000008003200                SDMMC1_IRQHandler
                0x0000000008003200                TIM5_IRQHandler
                0x0000000008003200                DMA2_Stream7_IRQHandler
                0x0000000008003200                TIM15_IRQHandler
                0x0000000008003200                PVD_AVD_IRQHandler
                0x0000000008003200                I2C3_EV_IRQHandler
                0x0000000008003200                EXTI9_5_IRQHandler
                0x0000000008003200                RTC_WKUP_IRQHandler
                0x0000000008003200                LTDC_IRQHandler
                0x0000000008003200                SAI3_IRQHandler
                0x0000000008003200                ETH_WKUP_IRQHandler
                0x0000000008003200                SPDIF_RX_IRQHandler
                0x0000000008003200                SPI2_IRQHandler
                0x0000000008003200                OTG_HS_EP1_IN_IRQHandler
                0x0000000008003200                CRS_IRQHandler
                0x0000000008003200                EXTI4_IRQHandler
                0x0000000008003200                RNG_IRQHandler
                0x0000000008003200                HRTIM1_TIMB_IRQHandler
                0x0000000008003200                FDCAN2_IT1_IRQHandler
                0x0000000008003200                ETH_IRQHandler
                0x0000000008003200                BDMA_Channel4_IRQHandler
                0x0000000008003200                OTG_HS_EP1_OUT_IRQHandler
                0x0000000008003200                WWDG_IRQHandler
                0x0000000008003200                SPI6_IRQHandler
                0x0000000008003200                MDIOS_IRQHandler
                0x0000000008003200                I2C4_EV_IRQHandler
                0x0000000008003200                FDCAN2_IT0_IRQHandler
                0x0000000008003200                LPUART1_IRQHandler
                0x0000000008003200                FDCAN1_IT0_IRQHandler
                0x0000000008003200                TIM2_IRQHandler
                0x0000000008003200                OTG_FS_WKUP_IRQHandler
                0x0000000008003200                OTG_HS_IRQHandler
                0x0000000008003200                DMA2D_IRQHandler
                0x0000000008003200                TIM1_BRK_IRQHandler
                0x0000000008003200                EXTI1_IRQHandler
                0x0000000008003200                SDMMC2_IRQHandler
                0x0000000008003200                OTG_FS_EP1_OUT_IRQHandler
                0x0000000008003200                BDMA_Channel3_IRQHandler
                0x0000000008003200                UART7_IRQHandler
                0x0000000008003200                MDIOS_WKUP_IRQHandler
                0x0000000008003200                DFSDM1_FLT0_IRQHandler
                0x0000000008003200                SAI4_IRQHandler
                0x0000000008003200                I2C2_ER_IRQHandler
                0x0000000008003200                FLASH_IRQHandler
                0x0000000008003200                DMA2_Stream4_IRQHandler
                0x0000000008003200                SPI3_IRQHandler
                0x0000000008003200                WAKEUP_PIN_IRQHandler
                0x0000000008003200                DMA1_Stream4_IRQHandler
                0x0000000008003200                OTG_FS_EP1_IN_IRQHandler
                0x0000000008003200                I2C1_ER_IRQHandler
                0x0000000008003200                FMC_IRQHandler
                0x0000000008003200                FDCAN_CAL_IRQHandler
                0x0000000008003200                SWPMI1_IRQHandler
                0x0000000008003200                COMP1_IRQHandler
                0x0000000008003200                LPTIM1_IRQHandler
                0x0000000008003200                I2C4_ER_IRQHandler
                0x0000000008003200                DMA2_Stream6_IRQHandler
                0x0000000008003200                SAI1_IRQHandler
                0x0000000008003200                DMA1_Stream3_IRQHandler
 *fill*         0x0000000008003202        0x2 
 .text.HAL_Init
                0x0000000008003204       0x78 ./Drivers/STM32H7xx_HAL_Driver/Src/stm32h7xx_hal.o
                0x0000000008003204                HAL_Init
 .text.HAL_InitTick
                0x000000000800327c       0x6c ./Drivers/STM32H7xx_HAL_Driver/Src/stm32h7xx_hal.o
                0x000000000800327c                HAL_InitTick
 .text.HAL_IncTick
                0x00000000080032e8       0x28 ./Drivers/STM32H7xx_HAL_Driver/Src/stm32h7xx_hal.o
                0x00000000080032e8                HAL_IncTick
 .text.HAL_GetTick
                0x0000000008003310       0x18 ./Drivers/STM32H7xx_HAL_Driver/Src/stm32h7xx_hal.o
                0x0000000008003310                HAL_GetTick
 .text.HAL_Delay
                0x0000000008003328       0x48 ./Drivers/STM32H7xx_HAL_Driver/Src/stm32h7xx_hal.o
                0x0000000008003328                HAL_Delay
 .text.HAL_GetREVID
                0x0000000008003370       0x18 ./Drivers/STM32H7xx_HAL_Driver/Src/stm32h7xx_hal.o
                0x0000000008003370                HAL_GetREVID
 .text.HAL_GetDEVID
                0x0000000008003388       0x1c ./Drivers/STM32H7xx_HAL_Driver/Src/stm32h7xx_hal.o
                0x0000000008003388                HAL_GetDEVID
 .text.HAL_GetUIDw0
                0x00000000080033a4       0x18 ./Drivers/STM32H7xx_HAL_Driver/Src/stm32h7xx_hal.o
                0x00000000080033a4                HAL_GetUIDw0
 .text.HAL_GetUIDw1
                0x00000000080033bc       0x18 ./Drivers/STM32H7xx_HAL_Driver/Src/stm32h7xx_hal.o
                0x00000000080033bc                HAL_GetUIDw1
 .text.HAL_GetUIDw2
                0x00000000080033d4       0x18 ./Drivers/STM32H7xx_HAL_Driver/Src/stm32h7xx_hal.o
                0x00000000080033d4                HAL_GetUIDw2
 .text.HAL_SYSCFG_VREFBUF_HighImpedanceConfig
                0x00000000080033ec       0x28 ./Drivers/STM32H7xx_HAL_Driver/Src/stm32h7xx_hal.o
                0x00000000080033ec                HAL_SYSCFG_VREFBUF_HighImpedanceConfig
 .text.HAL_SYSCFG_DisableVREFBUF
                0x0000000008003414       0x20 ./Drivers/STM32H7xx_HAL_Driver/Src/stm32h7xx_hal.o
                0x0000000008003414                HAL_SYSCFG_DisableVREFBUF
 .text.LL_ADC_SetCommonClock
                0x0000000008003434       0x26 ./Drivers/STM32H7xx_HAL_Driver/Src/stm32h7xx_hal_adc.o
 .text.LL_ADC_SetCommonPathInternalCh
                0x000000000800345a       0x26 ./Drivers/STM32H7xx_HAL_Driver/Src/stm32h7xx_hal_adc.o
 .text.LL_ADC_GetCommonPathInternalCh
                0x0000000008003480       0x1c ./Drivers/STM32H7xx_HAL_Driver/Src/stm32h7xx_hal_adc.o
 .text.LL_ADC_SetOffset
                0x000000000800349c       0x40 ./Drivers/STM32H7xx_HAL_Driver/Src/stm32h7xx_hal_adc.o
 .text.LL_ADC_SetDataRightShift
                0x00000000080034dc       0x32 ./Drivers/STM32H7xx_HAL_Driver/Src/stm32h7xx_hal_adc.o
 .text.LL_ADC_SetOffsetSignedSaturation
                0x000000000800350e       0x36 ./Drivers/STM32H7xx_HAL_Driver/Src/stm32h7xx_hal_adc.o
 .text.LL_ADC_REG_IsTriggerSourceSWStart
                0x0000000008003544       0x26 ./Drivers/STM32H7xx_HAL_Driver/Src/stm32h7xx_hal_adc.o
 .text.LL_ADC_REG_SetSequencerRanks
                0x000000000800356a       0x58 ./Drivers/STM32H7xx_HAL_Driver/Src/stm32h7xx_hal_adc.o
 .text.LL_ADC_REG_SetDataTransferMode
                0x00000000080035c2       0x26 ./Drivers/STM32H7xx_HAL_Driver/Src/stm32h7xx_hal_adc.o
 .text.LL_ADC_SetChannelSamplingTime
                0x00000000080035e8       0x56 ./Drivers/STM32H7xx_HAL_Driver/Src/stm32h7xx_hal_adc.o
 *fill*         0x000000000800363e        0x2 
 .text.LL_ADC_SetChannelSingleDiff
                0x0000000008003640       0x48 ./Drivers/STM32H7xx_HAL_Driver/Src/stm32h7xx_hal_adc.o
 .text.LL_ADC_GetMultimode
                0x0000000008003688       0x1c ./Drivers/STM32H7xx_HAL_Driver/Src/stm32h7xx_hal_adc.o
 .text.LL_ADC_DisableDeepPowerDown
                0x00000000080036a4       0x24 ./Drivers/STM32H7xx_HAL_Driver/Src/stm32h7xx_hal_adc.o
 .text.LL_ADC_IsDeepPowerDownEnabled
                0x00000000080036c8       0x28 ./Drivers/STM32H7xx_HAL_Driver/Src/stm32h7xx_hal_adc.o
 .text.LL_ADC_EnableInternalRegulator
                0x00000000080036f0       0x28 ./Drivers/STM32H7xx_HAL_Driver/Src/stm32h7xx_hal_adc.o
 .text.LL_ADC_IsInternalRegulatorEnabled
                0x0000000008003718       0x28 ./Drivers/STM32H7xx_HAL_Driver/Src/stm32h7xx_hal_adc.o
 .text.LL_ADC_Enable
                0x0000000008003740       0x28 ./Drivers/STM32H7xx_HAL_Driver/Src/stm32h7xx_hal_adc.o
 .text.LL_ADC_Disable
                0x0000000008003768       0x28 ./Drivers/STM32H7xx_HAL_Driver/Src/stm32h7xx_hal_adc.o
 .text.LL_ADC_IsEnabled
                0x0000000008003790       0x26 ./Drivers/STM32H7xx_HAL_Driver/Src/stm32h7xx_hal_adc.o
 .text.LL_ADC_IsDisableOngoing
                0x00000000080037b6       0x26 ./Drivers/STM32H7xx_HAL_Driver/Src/stm32h7xx_hal_adc.o
 .text.LL_ADC_REG_StartConversion
                0x00000000080037dc       0x28 ./Drivers/STM32H7xx_HAL_Driver/Src/stm32h7xx_hal_adc.o
 .text.LL_ADC_REG_IsConversionOngoing
                0x0000000008003804       0x26 ./Drivers/STM32H7xx_HAL_Driver/Src/stm32h7xx_hal_adc.o
 .text.LL_ADC_INJ_IsConversionOngoing
                0x000000000800382a       0x26 ./Drivers/STM32H7xx_HAL_Driver/Src/stm32h7xx_hal_adc.o
 .text.HAL_ADC_Init
                0x0000000008003850      0x340 ./Drivers/STM32H7xx_HAL_Driver/Src/stm32h7xx_hal_adc.o
                0x0000000008003850                HAL_ADC_Init
 .text.HAL_ADC_Start_DMA
                0x0000000008003b90      0x188 ./Drivers/STM32H7xx_HAL_Driver/Src/stm32h7xx_hal_adc.o
                0x0000000008003b90                HAL_ADC_Start_DMA
 .text.HAL_ADC_ConvHalfCpltCallback
                0x0000000008003d18       0x14 ./Drivers/STM32H7xx_HAL_Driver/Src/stm32h7xx_hal_adc.o
                0x0000000008003d18                HAL_ADC_ConvHalfCpltCallback
 .text.HAL_ADC_ErrorCallback
                0x0000000008003d2c       0x14 ./Drivers/STM32H7xx_HAL_Driver/Src/stm32h7xx_hal_adc.o
                0x0000000008003d2c                HAL_ADC_ErrorCallback
 .text.HAL_ADC_ConfigChannel
                0x0000000008003d40      0x6a0 ./Drivers/STM32H7xx_HAL_Driver/Src/stm32h7xx_hal_adc.o
                0x0000000008003d40                HAL_ADC_ConfigChannel
 .text.ADC_Enable
                0x00000000080043e0      0x114 ./Drivers/STM32H7xx_HAL_Driver/Src/stm32h7xx_hal_adc.o
                0x00000000080043e0                ADC_Enable
 .text.ADC_Disable
                0x00000000080044f4       0xbe ./Drivers/STM32H7xx_HAL_Driver/Src/stm32h7xx_hal_adc.o
                0x00000000080044f4                ADC_Disable
 .text.ADC_DMAConvCplt
                0x00000000080045b2       0xd8 ./Drivers/STM32H7xx_HAL_Driver/Src/stm32h7xx_hal_adc.o
                0x00000000080045b2                ADC_DMAConvCplt
 .text.ADC_DMAHalfConvCplt
                0x000000000800468a       0x1c ./Drivers/STM32H7xx_HAL_Driver/Src/stm32h7xx_hal_adc.o
                0x000000000800468a                ADC_DMAHalfConvCplt
 .text.ADC_DMAError
                0x00000000080046a6       0x34 ./Drivers/STM32H7xx_HAL_Driver/Src/stm32h7xx_hal_adc.o
                0x00000000080046a6                ADC_DMAError
 *fill*         0x00000000080046da        0x2 
 .text.ADC_ConfigureBoostMode
                0x00000000080046dc      0x214 ./Drivers/STM32H7xx_HAL_Driver/Src/stm32h7xx_hal_adc.o
                0x00000000080046dc                ADC_ConfigureBoostMode
 .text.LL_ADC_IsEnabled
                0x00000000080048f0       0x26 ./Drivers/STM32H7xx_HAL_Driver/Src/stm32h7xx_hal_adc_ex.o
 *fill*         0x0000000008004916        0x2 
 .text.LL_ADC_StartCalibration
                0x0000000008004918       0x3c ./Drivers/STM32H7xx_HAL_Driver/Src/stm32h7xx_hal_adc_ex.o
 .text.LL_ADC_IsCalibrationOnGoing
                0x0000000008004954       0x28 ./Drivers/STM32H7xx_HAL_Driver/Src/stm32h7xx_hal_adc_ex.o
 .text.LL_ADC_REG_IsConversionOngoing
                0x000000000800497c       0x26 ./Drivers/STM32H7xx_HAL_Driver/Src/stm32h7xx_hal_adc_ex.o
 *fill*         0x00000000080049a2        0x2 
 .text.HAL_ADCEx_Calibration_Start
                0x00000000080049a4       0xc8 ./Drivers/STM32H7xx_HAL_Driver/Src/stm32h7xx_hal_adc_ex.o
                0x00000000080049a4                HAL_ADCEx_Calibration_Start
 .text.HAL_ADCEx_MultiModeConfigChannel
                0x0000000008004a6c      0x1bc ./Drivers/STM32H7xx_HAL_Driver/Src/stm32h7xx_hal_adc_ex.o
                0x0000000008004a6c                HAL_ADCEx_MultiModeConfigChannel
 .text.__NVIC_SetPriorityGrouping
                0x0000000008004c28       0x48 ./Drivers/STM32H7xx_HAL_Driver/Src/stm32h7xx_hal_cortex.o
 .text.__NVIC_GetPriorityGrouping
                0x0000000008004c70       0x1c ./Drivers/STM32H7xx_HAL_Driver/Src/stm32h7xx_hal_cortex.o
 .text.__NVIC_EnableIRQ
                0x0000000008004c8c       0x3c ./Drivers/STM32H7xx_HAL_Driver/Src/stm32h7xx_hal_cortex.o
 .text.__NVIC_SetPriority
                0x0000000008004cc8       0x54 ./Drivers/STM32H7xx_HAL_Driver/Src/stm32h7xx_hal_cortex.o
 .text.NVIC_EncodePriority
                0x0000000008004d1c       0x66 ./Drivers/STM32H7xx_HAL_Driver/Src/stm32h7xx_hal_cortex.o
 *fill*         0x0000000008004d82        0x2 
 .text.SysTick_Config
                0x0000000008004d84       0x44 ./Drivers/STM32H7xx_HAL_Driver/Src/stm32h7xx_hal_cortex.o
 .text.HAL_NVIC_SetPriorityGrouping
                0x0000000008004dc8       0x16 ./Drivers/STM32H7xx_HAL_Driver/Src/stm32h7xx_hal_cortex.o
                0x0000000008004dc8                HAL_NVIC_SetPriorityGrouping
 .text.HAL_NVIC_SetPriority
                0x0000000008004dde       0x34 ./Drivers/STM32H7xx_HAL_Driver/Src/stm32h7xx_hal_cortex.o
                0x0000000008004dde                HAL_NVIC_SetPriority
 .text.HAL_NVIC_EnableIRQ
                0x0000000008004e12       0x1c ./Drivers/STM32H7xx_HAL_Driver/Src/stm32h7xx_hal_cortex.o
                0x0000000008004e12                HAL_NVIC_EnableIRQ
 .text.HAL_SYSTICK_Config
                0x0000000008004e2e       0x18 ./Drivers/STM32H7xx_HAL_Driver/Src/stm32h7xx_hal_cortex.o
                0x0000000008004e2e                HAL_SYSTICK_Config
 *fill*         0x0000000008004e46        0x2 
 .text.HAL_DMA_Init
                0x0000000008004e48      0x6b8 ./Drivers/STM32H7xx_HAL_Driver/Src/stm32h7xx_hal_dma.o
                0x0000000008004e48                HAL_DMA_Init
 .text.HAL_DMA_Start_IT
                0x0000000008005500      0x4d4 ./Drivers/STM32H7xx_HAL_Driver/Src/stm32h7xx_hal_dma.o
                0x0000000008005500                HAL_DMA_Start_IT
 .text.HAL_DMA_Abort
                0x00000000080059d4      0x63c ./Drivers/STM32H7xx_HAL_Driver/Src/stm32h7xx_hal_dma.o
                0x00000000080059d4                HAL_DMA_Abort
 .text.HAL_DMA_Abort_IT
                0x0000000008006010      0x488 ./Drivers/STM32H7xx_HAL_Driver/Src/stm32h7xx_hal_dma.o
                0x0000000008006010                HAL_DMA_Abort_IT
 .text.HAL_DMA_IRQHandler
                0x0000000008006498      0xe54 ./Drivers/STM32H7xx_HAL_Driver/Src/stm32h7xx_hal_dma.o
                0x0000000008006498                HAL_DMA_IRQHandler
 .text.DMA_SetConfig
                0x00000000080072ec      0x358 ./Drivers/STM32H7xx_HAL_Driver/Src/stm32h7xx_hal_dma.o
 .text.DMA_CalcBaseAndBitshift
                0x0000000008007644      0x164 ./Drivers/STM32H7xx_HAL_Driver/Src/stm32h7xx_hal_dma.o
 .text.DMA_CheckFifoParam
                0x00000000080077a8       0xf8 ./Drivers/STM32H7xx_HAL_Driver/Src/stm32h7xx_hal_dma.o
 .text.DMA_CalcDMAMUXChannelBaseAndMask
                0x00000000080078a0      0x134 ./Drivers/STM32H7xx_HAL_Driver/Src/stm32h7xx_hal_dma.o
 .text.DMA_CalcDMAMUXRequestGenBaseAndMask
                0x00000000080079d4       0xe8 ./Drivers/STM32H7xx_HAL_Driver/Src/stm32h7xx_hal_dma.o
 .text.HAL_GPIO_Init
                0x0000000008007abc      0x360 ./Drivers/STM32H7xx_HAL_Driver/Src/stm32h7xx_hal_gpio.o
                0x0000000008007abc                HAL_GPIO_Init
 .text.HAL_GPIO_WritePin
                0x0000000008007e1c       0x32 ./Drivers/STM32H7xx_HAL_Driver/Src/stm32h7xx_hal_gpio.o
                0x0000000008007e1c                HAL_GPIO_WritePin
 .text.HAL_PCD_Init
                0x0000000008007e4e      0x248 ./Drivers/STM32H7xx_HAL_Driver/Src/stm32h7xx_hal_pcd.o
                0x0000000008007e4e                HAL_PCD_Init
 .text.HAL_PCD_Start
                0x0000000008008096       0x66 ./Drivers/STM32H7xx_HAL_Driver/Src/stm32h7xx_hal_pcd.o
                0x0000000008008096                HAL_PCD_Start
 .text.HAL_PCD_IRQHandler
                0x00000000080080fc      0x7a6 ./Drivers/STM32H7xx_HAL_Driver/Src/stm32h7xx_hal_pcd.o
                0x00000000080080fc                HAL_PCD_IRQHandler
 .text.HAL_PCD_SetAddress
                0x00000000080088a2       0x4a ./Drivers/STM32H7xx_HAL_Driver/Src/stm32h7xx_hal_pcd.o
                0x00000000080088a2                HAL_PCD_SetAddress
 .text.HAL_PCD_EP_Open
                0x00000000080088ec       0xd0 ./Drivers/STM32H7xx_HAL_Driver/Src/stm32h7xx_hal_pcd.o
                0x00000000080088ec                HAL_PCD_EP_Open
 .text.HAL_PCD_EP_Close
                0x00000000080089bc       0x94 ./Drivers/STM32H7xx_HAL_Driver/Src/stm32h7xx_hal_pcd.o
                0x00000000080089bc                HAL_PCD_EP_Close
 .text.HAL_PCD_EP_Receive
                0x0000000008008a50       0x96 ./Drivers/STM32H7xx_HAL_Driver/Src/stm32h7xx_hal_pcd.o
                0x0000000008008a50                HAL_PCD_EP_Receive
 .text.HAL_PCD_EP_GetRxCount
                0x0000000008008ae6       0x30 ./Drivers/STM32H7xx_HAL_Driver/Src/stm32h7xx_hal_pcd.o
                0x0000000008008ae6                HAL_PCD_EP_GetRxCount
 .text.HAL_PCD_EP_Transmit
                0x0000000008008b16       0x94 ./Drivers/STM32H7xx_HAL_Driver/Src/stm32h7xx_hal_pcd.o
                0x0000000008008b16                HAL_PCD_EP_Transmit
 .text.HAL_PCD_EP_SetStall
                0x0000000008008baa       0xc8 ./Drivers/STM32H7xx_HAL_Driver/Src/stm32h7xx_hal_pcd.o
                0x0000000008008baa                HAL_PCD_EP_SetStall
 .text.HAL_PCD_EP_ClrStall
                0x0000000008008c72       0xac ./Drivers/STM32H7xx_HAL_Driver/Src/stm32h7xx_hal_pcd.o
                0x0000000008008c72                HAL_PCD_EP_ClrStall
 .text.PCD_WriteEmptyTxFifo
                0x0000000008008d1e      0x11a ./Drivers/STM32H7xx_HAL_Driver/Src/stm32h7xx_hal_pcd.o
 .text.PCD_EP_OutXfrComplete_int
                0x0000000008008e38      0x218 ./Drivers/STM32H7xx_HAL_Driver/Src/stm32h7xx_hal_pcd.o
 .text.PCD_EP_OutSetupPacket_int
                0x0000000008009050       0x8c ./Drivers/STM32H7xx_HAL_Driver/Src/stm32h7xx_hal_pcd.o
 .text.HAL_PCDEx_SetTxFiFo
                0x00000000080090dc       0x8e ./Drivers/STM32H7xx_HAL_Driver/Src/stm32h7xx_hal_pcd_ex.o
                0x00000000080090dc                HAL_PCDEx_SetTxFiFo
 .text.HAL_PCDEx_SetRxFiFo
                0x000000000800916a       0x22 ./Drivers/STM32H7xx_HAL_Driver/Src/stm32h7xx_hal_pcd_ex.o
                0x000000000800916a                HAL_PCDEx_SetRxFiFo
 .text.HAL_PCDEx_ActivateLPM
                0x000000000800918c       0x48 ./Drivers/STM32H7xx_HAL_Driver/Src/stm32h7xx_hal_pcd_ex.o
                0x000000000800918c                HAL_PCDEx_ActivateLPM
 .text.HAL_PCDEx_LPM_Callback
                0x00000000080091d4       0x18 ./Drivers/STM32H7xx_HAL_Driver/Src/stm32h7xx_hal_pcd_ex.o
                0x00000000080091d4                HAL_PCDEx_LPM_Callback
 .text.HAL_PWREx_ConfigSupply
                0x00000000080091ec       0x74 ./Drivers/STM32H7xx_HAL_Driver/Src/stm32h7xx_hal_pwr_ex.o
                0x00000000080091ec                HAL_PWREx_ConfigSupply
 .text.HAL_PWREx_EnableUSBVoltageDetector
                0x0000000008009260       0x20 ./Drivers/STM32H7xx_HAL_Driver/Src/stm32h7xx_hal_pwr_ex.o
                0x0000000008009260                HAL_PWREx_EnableUSBVoltageDetector
 .text.HAL_RCC_OscConfig
                0x0000000008009280      0x858 ./Drivers/STM32H7xx_HAL_Driver/Src/stm32h7xx_hal_rcc.o
                0x0000000008009280                HAL_RCC_OscConfig
 .text.HAL_RCC_ClockConfig
                0x0000000008009ad8      0x36c ./Drivers/STM32H7xx_HAL_Driver/Src/stm32h7xx_hal_rcc.o
                0x0000000008009ad8                HAL_RCC_ClockConfig
 .text.HAL_RCC_GetSysClockFreq
                0x0000000008009e44      0x2f4 ./Drivers/STM32H7xx_HAL_Driver/Src/stm32h7xx_hal_rcc.o
                0x0000000008009e44                HAL_RCC_GetSysClockFreq
 .text.HAL_RCC_GetHCLKFreq
                0x000000000800a138       0x60 ./Drivers/STM32H7xx_HAL_Driver/Src/stm32h7xx_hal_rcc.o
                0x000000000800a138                HAL_RCC_GetHCLKFreq
 .text.HAL_RCC_GetPCLK1Freq
                0x000000000800a198       0x2c ./Drivers/STM32H7xx_HAL_Driver/Src/stm32h7xx_hal_rcc.o
                0x000000000800a198                HAL_RCC_GetPCLK1Freq
 .text.HAL_RCC_GetPCLK2Freq
                0x000000000800a1c4       0x2c ./Drivers/STM32H7xx_HAL_Driver/Src/stm32h7xx_hal_rcc.o
                0x000000000800a1c4                HAL_RCC_GetPCLK2Freq
 .text.HAL_RCCEx_PeriphCLKConfig
                0x000000000800a1f0      0xe80 ./Drivers/STM32H7xx_HAL_Driver/Src/stm32h7xx_hal_rcc_ex.o
                0x000000000800a1f0                HAL_RCCEx_PeriphCLKConfig
 .text.HAL_RCCEx_GetPeriphCLKFreq
                0x000000000800b070      0x9a4 ./Drivers/STM32H7xx_HAL_Driver/Src/stm32h7xx_hal_rcc_ex.o
                0x000000000800b070                HAL_RCCEx_GetPeriphCLKFreq
 .text.HAL_RCCEx_GetD3PCLK1Freq
                0x000000000800ba14       0x2c ./Drivers/STM32H7xx_HAL_Driver/Src/stm32h7xx_hal_rcc_ex.o
                0x000000000800ba14                HAL_RCCEx_GetD3PCLK1Freq
 .text.HAL_RCCEx_GetPLL2ClockFreq
                0x000000000800ba40      0x2a8 ./Drivers/STM32H7xx_HAL_Driver/Src/stm32h7xx_hal_rcc_ex.o
                0x000000000800ba40                HAL_RCCEx_GetPLL2ClockFreq
 .text.HAL_RCCEx_GetPLL3ClockFreq
                0x000000000800bce8      0x2a8 ./Drivers/STM32H7xx_HAL_Driver/Src/stm32h7xx_hal_rcc_ex.o
                0x000000000800bce8                HAL_RCCEx_GetPLL3ClockFreq
 .text.HAL_RCCEx_GetPLL1ClockFreq
                0x000000000800bf90      0x2a4 ./Drivers/STM32H7xx_HAL_Driver/Src/stm32h7xx_hal_rcc_ex.o
                0x000000000800bf90                HAL_RCCEx_GetPLL1ClockFreq
 .text.HAL_RCCEx_CRSConfig
                0x000000000800c234       0xac ./Drivers/STM32H7xx_HAL_Driver/Src/stm32h7xx_hal_rcc_ex.o
                0x000000000800c234                HAL_RCCEx_CRSConfig
 .text.RCCEx_PLL2_Config
                0x000000000800c2e0      0x164 ./Drivers/STM32H7xx_HAL_Driver/Src/stm32h7xx_hal_rcc_ex.o
 .text.RCCEx_PLL3_Config
                0x000000000800c444      0x164 ./Drivers/STM32H7xx_HAL_Driver/Src/stm32h7xx_hal_rcc_ex.o
 .text.HAL_TIM_Base_Init
                0x000000000800c5a8       0xae ./Drivers/STM32H7xx_HAL_Driver/Src/stm32h7xx_hal_tim.o
                0x000000000800c5a8                HAL_TIM_Base_Init
 *fill*         0x000000000800c656        0x2 
 .text.HAL_TIM_Base_Start_IT
                0x000000000800c658       0xf0 ./Drivers/STM32H7xx_HAL_Driver/Src/stm32h7xx_hal_tim.o
                0x000000000800c658                HAL_TIM_Base_Start_IT
 .text.HAL_TIM_OC_Init
                0x000000000800c748       0xae ./Drivers/STM32H7xx_HAL_Driver/Src/stm32h7xx_hal_tim.o
                0x000000000800c748                HAL_TIM_OC_Init
 .text.HAL_TIM_OC_MspInit
                0x000000000800c7f6       0x14 ./Drivers/STM32H7xx_HAL_Driver/Src/stm32h7xx_hal_tim.o
                0x000000000800c7f6                HAL_TIM_OC_MspInit
 *fill*         0x000000000800c80a        0x2 
 .text.HAL_TIM_OC_Start
                0x000000000800c80c      0x21c ./Drivers/STM32H7xx_HAL_Driver/Src/stm32h7xx_hal_tim.o
                0x000000000800c80c                HAL_TIM_OC_Start
 .text.HAL_TIM_PWM_Init
                0x000000000800ca28       0xae ./Drivers/STM32H7xx_HAL_Driver/Src/stm32h7xx_hal_tim.o
                0x000000000800ca28                HAL_TIM_PWM_Init
 .text.HAL_TIM_PWM_MspInit
                0x000000000800cad6       0x14 ./Drivers/STM32H7xx_HAL_Driver/Src/stm32h7xx_hal_tim.o
                0x000000000800cad6                HAL_TIM_PWM_MspInit
 *fill*         0x000000000800caea        0x2 
 .text.HAL_TIM_PWM_Start
                0x000000000800caec      0x21c ./Drivers/STM32H7xx_HAL_Driver/Src/stm32h7xx_hal_tim.o
                0x000000000800caec                HAL_TIM_PWM_Start
 .text.HAL_TIM_IRQHandler
                0x000000000800cd08      0x23e ./Drivers/STM32H7xx_HAL_Driver/Src/stm32h7xx_hal_tim.o
                0x000000000800cd08                HAL_TIM_IRQHandler
 *fill*         0x000000000800cf46        0x2 
 .text.HAL_TIM_OC_ConfigChannel
                0x000000000800cf48       0xf4 ./Drivers/STM32H7xx_HAL_Driver/Src/stm32h7xx_hal_tim.o
                0x000000000800cf48                HAL_TIM_OC_ConfigChannel
 .text.HAL_TIM_PWM_ConfigChannel
                0x000000000800d03c      0x228 ./Drivers/STM32H7xx_HAL_Driver/Src/stm32h7xx_hal_tim.o
                0x000000000800d03c                HAL_TIM_PWM_ConfigChannel
 .text.HAL_TIM_ConfigClockSource
                0x000000000800d264      0x1f0 ./Drivers/STM32H7xx_HAL_Driver/Src/stm32h7xx_hal_tim.o
                0x000000000800d264                HAL_TIM_ConfigClockSource
 .text.HAL_TIM_OC_DelayElapsedCallback
                0x000000000800d454       0x14 ./Drivers/STM32H7xx_HAL_Driver/Src/stm32h7xx_hal_tim.o
                0x000000000800d454                HAL_TIM_OC_DelayElapsedCallback
 .text.HAL_TIM_IC_CaptureCallback
                0x000000000800d468       0x14 ./Drivers/STM32H7xx_HAL_Driver/Src/stm32h7xx_hal_tim.o
                0x000000000800d468                HAL_TIM_IC_CaptureCallback
 .text.HAL_TIM_PWM_PulseFinishedCallback
                0x000000000800d47c       0x14 ./Drivers/STM32H7xx_HAL_Driver/Src/stm32h7xx_hal_tim.o
                0x000000000800d47c                HAL_TIM_PWM_PulseFinishedCallback
 .text.HAL_TIM_TriggerCallback
                0x000000000800d490       0x14 ./Drivers/STM32H7xx_HAL_Driver/Src/stm32h7xx_hal_tim.o
                0x000000000800d490                HAL_TIM_TriggerCallback
 .text.TIM_Base_SetConfig
                0x000000000800d4a4      0x134 ./Drivers/STM32H7xx_HAL_Driver/Src/stm32h7xx_hal_tim.o
                0x000000000800d4a4                TIM_Base_SetConfig
 .text.TIM_OC1_SetConfig
                0x000000000800d5d8      0x120 ./Drivers/STM32H7xx_HAL_Driver/Src/stm32h7xx_hal_tim.o
 .text.TIM_OC2_SetConfig
                0x000000000800d6f8      0x114 ./Drivers/STM32H7xx_HAL_Driver/Src/stm32h7xx_hal_tim.o
                0x000000000800d6f8                TIM_OC2_SetConfig
 .text.TIM_OC3_SetConfig
                0x000000000800d80c      0x110 ./Drivers/STM32H7xx_HAL_Driver/Src/stm32h7xx_hal_tim.o
 .text.TIM_OC4_SetConfig
                0x000000000800d91c       0xd4 ./Drivers/STM32H7xx_HAL_Driver/Src/stm32h7xx_hal_tim.o
 .text.TIM_OC5_SetConfig
                0x000000000800d9f0       0xc8 ./Drivers/STM32H7xx_HAL_Driver/Src/stm32h7xx_hal_tim.o
 .text.TIM_OC6_SetConfig
                0x000000000800dab8       0xcc ./Drivers/STM32H7xx_HAL_Driver/Src/stm32h7xx_hal_tim.o
 .text.TIM_TI1_ConfigInputStage
                0x000000000800db84       0x5e ./Drivers/STM32H7xx_HAL_Driver/Src/stm32h7xx_hal_tim.o
 .text.TIM_TI2_ConfigInputStage
                0x000000000800dbe2       0x60 ./Drivers/STM32H7xx_HAL_Driver/Src/stm32h7xx_hal_tim.o
 *fill*         0x000000000800dc42        0x2 
 .text.TIM_ITRx_SetConfig
                0x000000000800dc44       0x3c ./Drivers/STM32H7xx_HAL_Driver/Src/stm32h7xx_hal_tim.o
 .text.TIM_ETR_SetConfig
                0x000000000800dc80       0x40 ./Drivers/STM32H7xx_HAL_Driver/Src/stm32h7xx_hal_tim.o
                0x000000000800dc80                TIM_ETR_SetConfig
 .text.TIM_CCxChannelCmd
                0x000000000800dcc0       0x4a ./Drivers/STM32H7xx_HAL_Driver/Src/stm32h7xx_hal_tim.o
                0x000000000800dcc0                TIM_CCxChannelCmd
 *fill*         0x000000000800dd0a        0x2 
 .text.HAL_TIMEx_MasterConfigSynchronization
                0x000000000800dd0c      0x11c ./Drivers/STM32H7xx_HAL_Driver/Src/stm32h7xx_hal_tim_ex.o
                0x000000000800dd0c                HAL_TIMEx_MasterConfigSynchronization
 .text.HAL_TIMEx_ConfigBreakDeadTime
                0x000000000800de28       0xfc ./Drivers/STM32H7xx_HAL_Driver/Src/stm32h7xx_hal_tim_ex.o
                0x000000000800de28                HAL_TIMEx_ConfigBreakDeadTime
 .text.HAL_TIMEx_CommutCallback
                0x000000000800df24       0x14 ./Drivers/STM32H7xx_HAL_Driver/Src/stm32h7xx_hal_tim_ex.o
                0x000000000800df24                HAL_TIMEx_CommutCallback
 .text.HAL_TIMEx_BreakCallback
                0x000000000800df38       0x14 ./Drivers/STM32H7xx_HAL_Driver/Src/stm32h7xx_hal_tim_ex.o
                0x000000000800df38                HAL_TIMEx_BreakCallback
 .text.HAL_TIMEx_Break2Callback
                0x000000000800df4c       0x14 ./Drivers/STM32H7xx_HAL_Driver/Src/stm32h7xx_hal_tim_ex.o
                0x000000000800df4c                HAL_TIMEx_Break2Callback
 .text.HAL_UART_Init
                0x000000000800df60       0xa0 ./Drivers/STM32H7xx_HAL_Driver/Src/stm32h7xx_hal_uart.o
                0x000000000800df60                HAL_UART_Init
 .text.HAL_UART_Transmit
                0x000000000800e000      0x12c ./Drivers/STM32H7xx_HAL_Driver/Src/stm32h7xx_hal_uart.o
                0x000000000800e000                HAL_UART_Transmit
 .text.HAL_UART_Receive_DMA
                0x000000000800e12c       0xac ./Drivers/STM32H7xx_HAL_Driver/Src/stm32h7xx_hal_uart.o
                0x000000000800e12c                HAL_UART_Receive_DMA
 .text.HAL_UART_IRQHandler
                0x000000000800e1d8      0x73c ./Drivers/STM32H7xx_HAL_Driver/Src/stm32h7xx_hal_uart.o
                0x000000000800e1d8                HAL_UART_IRQHandler
 .text.HAL_UART_TxCpltCallback
                0x000000000800e914       0x14 ./Drivers/STM32H7xx_HAL_Driver/Src/stm32h7xx_hal_uart.o
                0x000000000800e914                HAL_UART_TxCpltCallback
 .text.HAL_UART_RxCpltCallback
                0x000000000800e928       0x14 ./Drivers/STM32H7xx_HAL_Driver/Src/stm32h7xx_hal_uart.o
                0x000000000800e928                HAL_UART_RxCpltCallback
 .text.HAL_UART_RxHalfCpltCallback
                0x000000000800e93c       0x14 ./Drivers/STM32H7xx_HAL_Driver/Src/stm32h7xx_hal_uart.o
                0x000000000800e93c                HAL_UART_RxHalfCpltCallback
 .text.HAL_UART_ErrorCallback
                0x000000000800e950       0x14 ./Drivers/STM32H7xx_HAL_Driver/Src/stm32h7xx_hal_uart.o
                0x000000000800e950                HAL_UART_ErrorCallback
 .text.HAL_UARTEx_RxEventCallback
                0x000000000800e964       0x18 ./Drivers/STM32H7xx_HAL_Driver/Src/stm32h7xx_hal_uart.o
                0x000000000800e964                HAL_UARTEx_RxEventCallback
 .text.UART_SetConfig
                0x000000000800e97c      0xac0 ./Drivers/STM32H7xx_HAL_Driver/Src/stm32h7xx_hal_uart.o
                0x000000000800e97c                UART_SetConfig
 .text.UART_AdvFeatureConfig
                0x000000000800f43c      0x144 ./Drivers/STM32H7xx_HAL_Driver/Src/stm32h7xx_hal_uart.o
                0x000000000800f43c                UART_AdvFeatureConfig
 .text.UART_CheckIdleState
                0x000000000800f580       0x96 ./Drivers/STM32H7xx_HAL_Driver/Src/stm32h7xx_hal_uart.o
                0x000000000800f580                UART_CheckIdleState
 .text.UART_WaitOnFlagUntilTimeout
                0x000000000800f616      0x190 ./Drivers/STM32H7xx_HAL_Driver/Src/stm32h7xx_hal_uart.o
                0x000000000800f616                UART_WaitOnFlagUntilTimeout
 *fill*         0x000000000800f7a6        0x2 
 .text.UART_Start_Receive_DMA
                0x000000000800f7a8      0x150 ./Drivers/STM32H7xx_HAL_Driver/Src/stm32h7xx_hal_uart.o
                0x000000000800f7a8                UART_Start_Receive_DMA
 .text.UART_EndTxTransfer
                0x000000000800f8f8       0x82 ./Drivers/STM32H7xx_HAL_Driver/Src/stm32h7xx_hal_uart.o
 *fill*         0x000000000800f97a        0x2 
 .text.UART_EndRxTransfer
                0x000000000800f97c       0xcc ./Drivers/STM32H7xx_HAL_Driver/Src/stm32h7xx_hal_uart.o
 .text.UART_DMAReceiveCplt
                0x000000000800fa48      0x122 ./Drivers/STM32H7xx_HAL_Driver/Src/stm32h7xx_hal_uart.o
 .text.UART_DMARxHalfCplt
                0x000000000800fb6a       0x38 ./Drivers/STM32H7xx_HAL_Driver/Src/stm32h7xx_hal_uart.o
 .text.UART_DMAError
                0x000000000800fba2       0x80 ./Drivers/STM32H7xx_HAL_Driver/Src/stm32h7xx_hal_uart.o
 .text.UART_DMAAbortOnError
                0x000000000800fc22       0x2c ./Drivers/STM32H7xx_HAL_Driver/Src/stm32h7xx_hal_uart.o
 .text.UART_EndTransmit_IT
                0x000000000800fc4e       0x56 ./Drivers/STM32H7xx_HAL_Driver/Src/stm32h7xx_hal_uart.o
 .text.HAL_UARTEx_WakeupCallback
                0x000000000800fca4       0x14 ./Drivers/STM32H7xx_HAL_Driver/Src/stm32h7xx_hal_uart_ex.o
                0x000000000800fca4                HAL_UARTEx_WakeupCallback
 .text.HAL_UARTEx_RxFifoFullCallback
                0x000000000800fcb8       0x14 ./Drivers/STM32H7xx_HAL_Driver/Src/stm32h7xx_hal_uart_ex.o
                0x000000000800fcb8                HAL_UARTEx_RxFifoFullCallback
 .text.HAL_UARTEx_TxFifoEmptyCallback
                0x000000000800fccc       0x14 ./Drivers/STM32H7xx_HAL_Driver/Src/stm32h7xx_hal_uart_ex.o
                0x000000000800fccc                HAL_UARTEx_TxFifoEmptyCallback
 .text.HAL_UARTEx_EnableFifoMode
                0x000000000800fce0       0x76 ./Drivers/STM32H7xx_HAL_Driver/Src/stm32h7xx_hal_uart_ex.o
                0x000000000800fce0                HAL_UARTEx_EnableFifoMode
 .text.HAL_UARTEx_SetTxFifoThreshold
                0x000000000800fd56       0x7c ./Drivers/STM32H7xx_HAL_Driver/Src/stm32h7xx_hal_uart_ex.o
                0x000000000800fd56                HAL_UARTEx_SetTxFifoThreshold
 .text.HAL_UARTEx_SetRxFifoThreshold
                0x000000000800fdd2       0x7c ./Drivers/STM32H7xx_HAL_Driver/Src/stm32h7xx_hal_uart_ex.o
                0x000000000800fdd2                HAL_UARTEx_SetRxFifoThreshold
 *fill*         0x000000000800fe4e        0x2 
 .text.UARTEx_SetNbDataToProcess
                0x000000000800fe50       0x9c ./Drivers/STM32H7xx_HAL_Driver/Src/stm32h7xx_hal_uart_ex.o
 .text.USB_CoreInit
                0x000000000800feec       0xdc ./Drivers/STM32H7xx_HAL_Driver/Src/stm32h7xx_ll_usb.o
                0x000000000800feec                USB_CoreInit
 .text.USB_SetTurnaroundTime
                0x000000000800ffc8      0x144 ./Drivers/STM32H7xx_HAL_Driver/Src/stm32h7xx_ll_usb.o
                0x000000000800ffc8                USB_SetTurnaroundTime
 .text.USB_EnableGlobalInt
                0x000000000801010c       0x22 ./Drivers/STM32H7xx_HAL_Driver/Src/stm32h7xx_ll_usb.o
                0x000000000801010c                USB_EnableGlobalInt
 .text.USB_DisableGlobalInt
                0x000000000801012e       0x22 ./Drivers/STM32H7xx_HAL_Driver/Src/stm32h7xx_ll_usb.o
                0x000000000801012e                USB_DisableGlobalInt
 .text.USB_SetCurrentMode
                0x0000000008010150       0x98 ./Drivers/STM32H7xx_HAL_Driver/Src/stm32h7xx_ll_usb.o
                0x0000000008010150                USB_SetCurrentMode
 .text.USB_DevInit
                0x00000000080101e8      0x2bc ./Drivers/STM32H7xx_HAL_Driver/Src/stm32h7xx_ll_usb.o
                0x00000000080101e8                USB_DevInit
 .text.USB_FlushTxFifo
                0x00000000080104a4       0x64 ./Drivers/STM32H7xx_HAL_Driver/Src/stm32h7xx_ll_usb.o
                0x00000000080104a4                USB_FlushTxFifo
 .text.USB_FlushRxFifo
                0x0000000008010508       0x5c ./Drivers/STM32H7xx_HAL_Driver/Src/stm32h7xx_ll_usb.o
                0x0000000008010508                USB_FlushRxFifo
 .text.USB_SetDevSpeed
                0x0000000008010564       0x32 ./Drivers/STM32H7xx_HAL_Driver/Src/stm32h7xx_ll_usb.o
                0x0000000008010564                USB_SetDevSpeed
 .text.USB_GetDevSpeed
                0x0000000008010596       0x4a ./Drivers/STM32H7xx_HAL_Driver/Src/stm32h7xx_ll_usb.o
                0x0000000008010596                USB_GetDevSpeed
 .text.USB_ActivateEndpoint
                0x00000000080105e0      0x110 ./Drivers/STM32H7xx_HAL_Driver/Src/stm32h7xx_ll_usb.o
                0x00000000080105e0                USB_ActivateEndpoint
 .text.USB_DeactivateEndpoint
                0x00000000080106f0      0x1b8 ./Drivers/STM32H7xx_HAL_Driver/Src/stm32h7xx_ll_usb.o
                0x00000000080106f0                USB_DeactivateEndpoint
 .text.USB_EPStartXfer
                0x00000000080108a8      0x498 ./Drivers/STM32H7xx_HAL_Driver/Src/stm32h7xx_ll_usb.o
                0x00000000080108a8                USB_EPStartXfer
 .text.USB_EP0StartXfer
                0x0000000008010d40      0x2b0 ./Drivers/STM32H7xx_HAL_Driver/Src/stm32h7xx_ll_usb.o
                0x0000000008010d40                USB_EP0StartXfer
 .text.USB_WritePacket
                0x0000000008010ff0       0x7c ./Drivers/STM32H7xx_HAL_Driver/Src/stm32h7xx_ll_usb.o
                0x0000000008010ff0                USB_WritePacket
 .text.USB_ReadPacket
                0x000000000801106c       0xb0 ./Drivers/STM32H7xx_HAL_Driver/Src/stm32h7xx_ll_usb.o
                0x000000000801106c                USB_ReadPacket
 .text.USB_EPSetStall
                0x000000000801111c       0xdc ./Drivers/STM32H7xx_HAL_Driver/Src/stm32h7xx_ll_usb.o
                0x000000000801111c                USB_EPSetStall
 .text.USB_EPClearStall
                0x00000000080111f8       0xcc ./Drivers/STM32H7xx_HAL_Driver/Src/stm32h7xx_ll_usb.o
                0x00000000080111f8                USB_EPClearStall
 .text.USB_SetDevAddress
                0x00000000080112c4       0x4c ./Drivers/STM32H7xx_HAL_Driver/Src/stm32h7xx_ll_usb.o
                0x00000000080112c4                USB_SetDevAddress
 .text.USB_DevConnect
                0x0000000008011310       0x42 ./Drivers/STM32H7xx_HAL_Driver/Src/stm32h7xx_ll_usb.o
                0x0000000008011310                USB_DevConnect
 .text.USB_DevDisconnect
                0x0000000008011352       0x42 ./Drivers/STM32H7xx_HAL_Driver/Src/stm32h7xx_ll_usb.o
                0x0000000008011352                USB_DevDisconnect
 .text.USB_ReadInterrupts
                0x0000000008011394       0x26 ./Drivers/STM32H7xx_HAL_Driver/Src/stm32h7xx_ll_usb.o
                0x0000000008011394                USB_ReadInterrupts
 .text.USB_ReadDevAllOutEpInterrupt
                0x00000000080113ba       0x34 ./Drivers/STM32H7xx_HAL_Driver/Src/stm32h7xx_ll_usb.o
                0x00000000080113ba                USB_ReadDevAllOutEpInterrupt
 .text.USB_ReadDevAllInEpInterrupt
                0x00000000080113ee       0x34 ./Drivers/STM32H7xx_HAL_Driver/Src/stm32h7xx_ll_usb.o
                0x00000000080113ee                USB_ReadDevAllInEpInterrupt
 .text.USB_ReadDevOutEPInterrupt
                0x0000000008011422       0x3c ./Drivers/STM32H7xx_HAL_Driver/Src/stm32h7xx_ll_usb.o
                0x0000000008011422                USB_ReadDevOutEPInterrupt
 .text.USB_ReadDevInEPInterrupt
                0x000000000801145e       0x5c ./Drivers/STM32H7xx_HAL_Driver/Src/stm32h7xx_ll_usb.o
                0x000000000801145e                USB_ReadDevInEPInterrupt
 .text.USB_GetMode
                0x00000000080114ba       0x1c ./Drivers/STM32H7xx_HAL_Driver/Src/stm32h7xx_ll_usb.o
                0x00000000080114ba                USB_GetMode
 *fill*         0x00000000080114d6        0x2 
 .text.USB_ActivateSetup
                0x00000000080114d8       0x48 ./Drivers/STM32H7xx_HAL_Driver/Src/stm32h7xx_ll_usb.o
                0x00000000080114d8                USB_ActivateSetup
 .text.USB_EP0_OutStart
                0x0000000008011520       0xbc ./Drivers/STM32H7xx_HAL_Driver/Src/stm32h7xx_ll_usb.o
                0x0000000008011520                USB_EP0_OutStart
 .text.USB_CoreReset
                0x00000000080115dc       0x64 ./Drivers/STM32H7xx_HAL_Driver/Src/stm32h7xx_ll_usb.o
 .text.USBD_CDC_Init
                0x0000000008011640       0xfe ./Middlewares/ST/STM32_USB_Device_Library/Class/CDC/Src/usbd_cdc.o
 .text.USBD_CDC_DeInit
                0x000000000801173e       0x74 ./Middlewares/ST/STM32_USB_Device_Library/Class/CDC/Src/usbd_cdc.o
 *fill*         0x00000000080117b2        0x2 
 .text.USBD_CDC_Setup
                0x00000000080117b4      0x190 ./Middlewares/ST/STM32_USB_Device_Library/Class/CDC/Src/usbd_cdc.o
 .text.USBD_CDC_DataIn
                0x0000000008011944       0xca ./Middlewares/ST/STM32_USB_Device_Library/Class/CDC/Src/usbd_cdc.o
 .text.USBD_CDC_DataOut
                0x0000000008011a0e       0x56 ./Middlewares/ST/STM32_USB_Device_Library/Class/CDC/Src/usbd_cdc.o
 .text.USBD_CDC_EP0_RxReady
                0x0000000008011a64       0x5a ./Middlewares/ST/STM32_USB_Device_Library/Class/CDC/Src/usbd_cdc.o
 *fill*         0x0000000008011abe        0x2 
 .text.USBD_CDC_GetFSCfgDesc
                0x0000000008011ac0       0x20 ./Middlewares/ST/STM32_USB_Device_Library/Class/CDC/Src/usbd_cdc.o
 .text.USBD_CDC_GetHSCfgDesc
                0x0000000008011ae0       0x20 ./Middlewares/ST/STM32_USB_Device_Library/Class/CDC/Src/usbd_cdc.o
 .text.USBD_CDC_GetOtherSpeedCfgDesc
                0x0000000008011b00       0x20 ./Middlewares/ST/STM32_USB_Device_Library/Class/CDC/Src/usbd_cdc.o
 .text.USBD_CDC_GetDeviceQualifierDescriptor
                0x0000000008011b20       0x20 ./Middlewares/ST/STM32_USB_Device_Library/Class/CDC/Src/usbd_cdc.o
                0x0000000008011b20                USBD_CDC_GetDeviceQualifierDescriptor
 .text.USBD_CDC_RegisterInterface
                0x0000000008011b40       0x2a ./Middlewares/ST/STM32_USB_Device_Library/Class/CDC/Src/usbd_cdc.o
                0x0000000008011b40                USBD_CDC_RegisterInterface
 .text.USBD_CDC_SetTxBuffer
                0x0000000008011b6a       0x3c ./Middlewares/ST/STM32_USB_Device_Library/Class/CDC/Src/usbd_cdc.o
                0x0000000008011b6a                USBD_CDC_SetTxBuffer
 .text.USBD_CDC_SetRxBuffer
                0x0000000008011ba6       0x32 ./Middlewares/ST/STM32_USB_Device_Library/Class/CDC/Src/usbd_cdc.o
                0x0000000008011ba6                USBD_CDC_SetRxBuffer
 .text.USBD_CDC_ReceivePacket
                0x0000000008011bd8       0x54 ./Middlewares/ST/STM32_USB_Device_Library/Class/CDC/Src/usbd_cdc.o
                0x0000000008011bd8                USBD_CDC_ReceivePacket
 .text.USBD_Init
                0x0000000008011c2c       0x60 ./Middlewares/ST/STM32_USB_Device_Library/Core/Src/usbd_core.o
                0x0000000008011c2c                USBD_Init
 .text.USBD_RegisterClass
                0x0000000008011c8c       0x4e ./Middlewares/ST/STM32_USB_Device_Library/Core/Src/usbd_core.o
                0x0000000008011c8c                USBD_RegisterClass
 .text.USBD_Start
                0x0000000008011cda       0x18 ./Middlewares/ST/STM32_USB_Device_Library/Core/Src/usbd_core.o
                0x0000000008011cda                USBD_Start
 .text.USBD_RunTestMode
                0x0000000008011cf2       0x16 ./Middlewares/ST/STM32_USB_Device_Library/Core/Src/usbd_core.o
                0x0000000008011cf2                USBD_RunTestMode
 .text.USBD_SetClassConfig
                0x0000000008011d08       0x38 ./Middlewares/ST/STM32_USB_Device_Library/Core/Src/usbd_core.o
                0x0000000008011d08                USBD_SetClassConfig
 .text.USBD_ClrClassConfig
                0x0000000008011d40       0x30 ./Middlewares/ST/STM32_USB_Device_Library/Core/Src/usbd_core.o
                0x0000000008011d40                USBD_ClrClassConfig
 .text.USBD_LL_SetupStage
                0x0000000008011d70       0xaa ./Middlewares/ST/STM32_USB_Device_Library/Core/Src/usbd_core.o
                0x0000000008011d70                USBD_LL_SetupStage
 .text.USBD_LL_DataOutStage
                0x0000000008011e1a       0xc6 ./Middlewares/ST/STM32_USB_Device_Library/Core/Src/usbd_core.o
                0x0000000008011e1a                USBD_LL_DataOutStage
 .text.USBD_LL_DataInStage
                0x0000000008011ee0      0x12c ./Middlewares/ST/STM32_USB_Device_Library/Core/Src/usbd_core.o
                0x0000000008011ee0                USBD_LL_DataInStage
 .text.USBD_LL_Reset
                0x000000000801200c       0x9c ./Middlewares/ST/STM32_USB_Device_Library/Core/Src/usbd_core.o
                0x000000000801200c                USBD_LL_Reset
 .text.USBD_LL_SetSpeed
                0x00000000080120a8       0x20 ./Middlewares/ST/STM32_USB_Device_Library/Core/Src/usbd_core.o
                0x00000000080120a8                USBD_LL_SetSpeed
 .text.USBD_LL_Suspend
                0x00000000080120c8       0x2c ./Middlewares/ST/STM32_USB_Device_Library/Core/Src/usbd_core.o
                0x00000000080120c8                USBD_LL_Suspend
 .text.USBD_LL_Resume
                0x00000000080120f4       0x30 ./Middlewares/ST/STM32_USB_Device_Library/Core/Src/usbd_core.o
                0x00000000080120f4                USBD_LL_Resume
 .text.USBD_LL_SOF
                0x0000000008012124       0x44 ./Middlewares/ST/STM32_USB_Device_Library/Core/Src/usbd_core.o
                0x0000000008012124                USBD_LL_SOF
 .text.USBD_LL_IsoINIncomplete
                0x0000000008012168       0x4c ./Middlewares/ST/STM32_USB_Device_Library/Core/Src/usbd_core.o
                0x0000000008012168                USBD_LL_IsoINIncomplete
 .text.USBD_LL_IsoOUTIncomplete
                0x00000000080121b4       0x4c ./Middlewares/ST/STM32_USB_Device_Library/Core/Src/usbd_core.o
                0x00000000080121b4                USBD_LL_IsoOUTIncomplete
 .text.USBD_LL_DevConnected
                0x0000000008012200       0x16 ./Middlewares/ST/STM32_USB_Device_Library/Core/Src/usbd_core.o
                0x0000000008012200                USBD_LL_DevConnected
 .text.USBD_LL_DevDisconnected
                0x0000000008012216       0x38 ./Middlewares/ST/STM32_USB_Device_Library/Core/Src/usbd_core.o
                0x0000000008012216                USBD_LL_DevDisconnected
 .text.SWAPBYTE
                0x000000000801224e       0x3c ./Middlewares/ST/STM32_USB_Device_Library/Core/Src/usbd_ctlreq.o
 *fill*         0x000000000801228a        0x2 
 .text.USBD_StdDevReq
                0x000000000801228c       0xdc ./Middlewares/ST/STM32_USB_Device_Library/Core/Src/usbd_ctlreq.o
                0x000000000801228c                USBD_StdDevReq
 .text.USBD_StdItfReq
                0x0000000008012368       0x92 ./Middlewares/ST/STM32_USB_Device_Library/Core/Src/usbd_ctlreq.o
                0x0000000008012368                USBD_StdItfReq
 .text.USBD_StdEPReq
                0x00000000080123fa      0x2c4 ./Middlewares/ST/STM32_USB_Device_Library/Core/Src/usbd_ctlreq.o
                0x00000000080123fa                USBD_StdEPReq
 *fill*         0x00000000080126be        0x2 
 .text.USBD_GetDescriptor
                0x00000000080126c0      0x2d4 ./Middlewares/ST/STM32_USB_Device_Library/Core/Src/usbd_ctlreq.o
 .text.USBD_SetAddress
                0x0000000008012994       0x88 ./Middlewares/ST/STM32_USB_Device_Library/Core/Src/usbd_ctlreq.o
 .text.USBD_SetConfig
                0x0000000008012a1c      0x14c ./Middlewares/ST/STM32_USB_Device_Library/Core/Src/usbd_ctlreq.o
 .text.USBD_GetConfig
                0x0000000008012b68       0x6c ./Middlewares/ST/STM32_USB_Device_Library/Core/Src/usbd_ctlreq.o
 .text.USBD_GetStatus
                0x0000000008012bd4       0x68 ./Middlewares/ST/STM32_USB_Device_Library/Core/Src/usbd_ctlreq.o
 .text.USBD_SetFeature
                0x0000000008012c3c       0x28 ./Middlewares/ST/STM32_USB_Device_Library/Core/Src/usbd_ctlreq.o
 .text.USBD_ClrFeature
                0x0000000008012c64       0x44 ./Middlewares/ST/STM32_USB_Device_Library/Core/Src/usbd_ctlreq.o
 .text.USBD_ParseSetupRequest
                0x0000000008012ca8       0x74 ./Middlewares/ST/STM32_USB_Device_Library/Core/Src/usbd_ctlreq.o
                0x0000000008012ca8                USBD_ParseSetupRequest
 .text.USBD_CtlError
                0x0000000008012d1c       0x22 ./Middlewares/ST/STM32_USB_Device_Library/Core/Src/usbd_ctlreq.o
                0x0000000008012d1c                USBD_CtlError
 .text.USBD_GetString
                0x0000000008012d3e       0x8c ./Middlewares/ST/STM32_USB_Device_Library/Core/Src/usbd_ctlreq.o
                0x0000000008012d3e                USBD_GetString
 .text.USBD_GetLen
                0x0000000008012dca       0x34 ./Middlewares/ST/STM32_USB_Device_Library/Core/Src/usbd_ctlreq.o
 .text.USBD_CtlSendData
                0x0000000008012dfe       0x36 ./Middlewares/ST/STM32_USB_Device_Library/Core/Src/usbd_ioreq.o
                0x0000000008012dfe                USBD_CtlSendData
 .text.USBD_CtlContinueSendData
                0x0000000008012e34       0x22 ./Middlewares/ST/STM32_USB_Device_Library/Core/Src/usbd_ioreq.o
                0x0000000008012e34                USBD_CtlContinueSendData
 .text.USBD_CtlPrepareRx
                0x0000000008012e56       0x3a ./Middlewares/ST/STM32_USB_Device_Library/Core/Src/usbd_ioreq.o
                0x0000000008012e56                USBD_CtlPrepareRx
 .text.USBD_CtlContinueRx
                0x0000000008012e90       0x22 ./Middlewares/ST/STM32_USB_Device_Library/Core/Src/usbd_ioreq.o
                0x0000000008012e90                USBD_CtlContinueRx
 .text.USBD_CtlSendStatus
                0x0000000008012eb2       0x26 ./Middlewares/ST/STM32_USB_Device_Library/Core/Src/usbd_ioreq.o
                0x0000000008012eb2                USBD_CtlSendStatus
 .text.USBD_CtlReceiveStatus
                0x0000000008012ed8       0x26 ./Middlewares/ST/STM32_USB_Device_Library/Core/Src/usbd_ioreq.o
                0x0000000008012ed8                USBD_CtlReceiveStatus
 *fill*         0x0000000008012efe        0x2 
 .text.MX_USB_DEVICE_Init
                0x0000000008012f00       0x64 ./USB_DEVICE/App/usb_device.o
                0x0000000008012f00                MX_USB_DEVICE_Init
 .text.CDC_Init_FS
                0x0000000008012f64       0x28 ./USB_DEVICE/App/usbd_cdc_if.o
 .text.CDC_DeInit_FS
                0x0000000008012f8c       0x10 ./USB_DEVICE/App/usbd_cdc_if.o
 .text.CDC_Control_FS
                0x0000000008012f9c       0xbc ./USB_DEVICE/App/usbd_cdc_if.o
 .text.CDC_Receive_FS
                0x0000000008013058       0x28 ./USB_DEVICE/App/usbd_cdc_if.o
 .text.CDC_TransmitCplt_FS
                0x0000000008013080       0x22 ./USB_DEVICE/App/usbd_cdc_if.o
 *fill*         0x00000000080130a2        0x2 
 .text.USBD_FS_DeviceDescriptor
                0x00000000080130a4       0x24 ./USB_DEVICE/App/usbd_desc.o
                0x00000000080130a4                USBD_FS_DeviceDescriptor
 .text.USBD_FS_LangIDStrDescriptor
                0x00000000080130c8       0x24 ./USB_DEVICE/App/usbd_desc.o
                0x00000000080130c8                USBD_FS_LangIDStrDescriptor
 .text.USBD_FS_ProductStrDescriptor
                0x00000000080130ec       0x3c ./USB_DEVICE/App/usbd_desc.o
                0x00000000080130ec                USBD_FS_ProductStrDescriptor
 .text.USBD_FS_ManufacturerStrDescriptor
                0x0000000008013128       0x28 ./USB_DEVICE/App/usbd_desc.o
                0x0000000008013128                USBD_FS_ManufacturerStrDescriptor
 .text.USBD_FS_SerialStrDescriptor
                0x0000000008013150       0x24 ./USB_DEVICE/App/usbd_desc.o
                0x0000000008013150                USBD_FS_SerialStrDescriptor
 .text.USBD_FS_ConfigStrDescriptor
                0x0000000008013174       0x3c ./USB_DEVICE/App/usbd_desc.o
                0x0000000008013174                USBD_FS_ConfigStrDescriptor
 .text.USBD_FS_InterfaceStrDescriptor
                0x00000000080131b0       0x3c ./USB_DEVICE/App/usbd_desc.o
                0x00000000080131b0                USBD_FS_InterfaceStrDescriptor
 .text.Get_SerialNum
                0x00000000080131ec       0x58 ./USB_DEVICE/App/usbd_desc.o
 .text.IntToUnicode
                0x0000000008013244       0x7e ./USB_DEVICE/App/usbd_desc.o
 *fill*         0x00000000080132c2        0x2 
 .text.HAL_PCD_MspInit
                0x00000000080132c4      0x104 ./USB_DEVICE/Target/usbd_conf.o
                0x00000000080132c4                HAL_PCD_MspInit
 .text.HAL_PCD_SetupStageCallback
                0x00000000080133c8       0x24 ./USB_DEVICE/Target/usbd_conf.o
                0x00000000080133c8                HAL_PCD_SetupStageCallback
 .text.HAL_PCD_DataOutStageCallback
                0x00000000080133ec       0x36 ./USB_DEVICE/Target/usbd_conf.o
                0x00000000080133ec                HAL_PCD_DataOutStageCallback
 .text.HAL_PCD_DataInStageCallback
                0x0000000008013422       0x34 ./USB_DEVICE/Target/usbd_conf.o
                0x0000000008013422                HAL_PCD_DataInStageCallback
 .text.HAL_PCD_SOFCallback
                0x0000000008013456       0x1c ./USB_DEVICE/Target/usbd_conf.o
                0x0000000008013456                HAL_PCD_SOFCallback
 .text.HAL_PCD_ResetCallback
                0x0000000008013472       0x50 ./USB_DEVICE/Target/usbd_conf.o
                0x0000000008013472                HAL_PCD_ResetCallback
 *fill*         0x00000000080134c2        0x2 
 .text.HAL_PCD_SuspendCallback
                0x00000000080134c4       0x4c ./USB_DEVICE/Target/usbd_conf.o
                0x00000000080134c4                HAL_PCD_SuspendCallback
 .text.HAL_PCD_ResumeCallback
                0x0000000008013510       0x1c ./USB_DEVICE/Target/usbd_conf.o
                0x0000000008013510                HAL_PCD_ResumeCallback
 .text.HAL_PCD_ISOOUTIncompleteCallback
                0x000000000801352c       0x24 ./USB_DEVICE/Target/usbd_conf.o
                0x000000000801352c                HAL_PCD_ISOOUTIncompleteCallback
 .text.HAL_PCD_ISOINIncompleteCallback
                0x0000000008013550       0x24 ./USB_DEVICE/Target/usbd_conf.o
                0x0000000008013550                HAL_PCD_ISOINIncompleteCallback
 .text.HAL_PCD_ConnectCallback
                0x0000000008013574       0x1c ./USB_DEVICE/Target/usbd_conf.o
                0x0000000008013574                HAL_PCD_ConnectCallback
 .text.HAL_PCD_DisconnectCallback
                0x0000000008013590       0x1c ./USB_DEVICE/Target/usbd_conf.o
                0x0000000008013590                HAL_PCD_DisconnectCallback
 .text.USBD_LL_Init
                0x00000000080135ac       0xa0 ./USB_DEVICE/Target/usbd_conf.o
                0x00000000080135ac                USBD_LL_Init
 .text.USBD_LL_Start
                0x000000000801364c       0x36 ./USB_DEVICE/Target/usbd_conf.o
                0x000000000801364c                USBD_LL_Start
 .text.USBD_LL_OpenEP
                0x0000000008013682       0x4c ./USB_DEVICE/Target/usbd_conf.o
                0x0000000008013682                USBD_LL_OpenEP
 .text.USBD_LL_CloseEP
                0x00000000080136ce       0x3e ./USB_DEVICE/Target/usbd_conf.o
                0x00000000080136ce                USBD_LL_CloseEP
 .text.USBD_LL_StallEP
                0x000000000801370c       0x3e ./USB_DEVICE/Target/usbd_conf.o
                0x000000000801370c                USBD_LL_StallEP
 .text.USBD_LL_ClearStallEP
                0x000000000801374a       0x3e ./USB_DEVICE/Target/usbd_conf.o
                0x000000000801374a                USBD_LL_ClearStallEP
 .text.USBD_LL_IsStallEP
                0x0000000008013788       0x58 ./USB_DEVICE/Target/usbd_conf.o
                0x0000000008013788                USBD_LL_IsStallEP
 .text.USBD_LL_SetUSBAddress
                0x00000000080137e0       0x3e ./USB_DEVICE/Target/usbd_conf.o
                0x00000000080137e0                USBD_LL_SetUSBAddress
 .text.USBD_LL_Transmit
                0x000000000801381e       0x42 ./USB_DEVICE/Target/usbd_conf.o
                0x000000000801381e                USBD_LL_Transmit
 .text.USBD_LL_PrepareReceive
                0x0000000008013860       0x42 ./USB_DEVICE/Target/usbd_conf.o
                0x0000000008013860                USBD_LL_PrepareReceive
 .text.USBD_LL_GetRxDataSize
                0x00000000080138a2       0x26 ./USB_DEVICE/Target/usbd_conf.o
                0x00000000080138a2                USBD_LL_GetRxDataSize
 .text.USBD_static_malloc
                0x00000000080138c8       0x1c ./USB_DEVICE/Target/usbd_conf.o
                0x00000000080138c8                USBD_static_malloc
 .text.USBD_static_free
                0x00000000080138e4       0x14 ./USB_DEVICE/Target/usbd_conf.o
                0x00000000080138e4                USBD_static_free
 .text.USBD_Get_USB_Status
                0x00000000080138f8       0x58 ./USB_DEVICE/Target/usbd_conf.o
                0x00000000080138f8                USBD_Get_USB_Status
 .text.__errno  0x0000000008013950        0xc d:/st/stm32cubeide_1.4.0/stm32cubeide/plugins/com.st.stm32cube.ide.mcu.externaltools.gnu-tools-for-stm32.9-2020-q2-update.win32_2.0.0.202105311346/tools/bin/../lib/gcc/arm-none-eabi/9.3.1/../../../../arm-none-eabi/lib/thumb/v7e-m+dp/hard\libc_nano.a(lib_a-errno.o)
                0x0000000008013950                __errno
 .text.__libc_init_array
                0x000000000801395c       0x48 d:/st/stm32cubeide_1.4.0/stm32cubeide/plugins/com.st.stm32cube.ide.mcu.externaltools.gnu-tools-for-stm32.9-2020-q2-update.win32_2.0.0.202105311346/tools/bin/../lib/gcc/arm-none-eabi/9.3.1/../../../../arm-none-eabi/lib/thumb/v7e-m+dp/hard\libc_nano.a(lib_a-init.o)
                0x000000000801395c                __libc_init_array
 .text.memset   0x00000000080139a4       0x10 d:/st/stm32cubeide_1.4.0/stm32cubeide/plugins/com.st.stm32cube.ide.mcu.externaltools.gnu-tools-for-stm32.9-2020-q2-update.win32_2.0.0.202105311346/tools/bin/../lib/gcc/arm-none-eabi/9.3.1/../../../../arm-none-eabi/lib/thumb/v7e-m+dp/hard\libc_nano.a(lib_a-memset.o)
                0x00000000080139a4                memset
 .text.__cvt    0x00000000080139b4       0xa4 d:/st/stm32cubeide_1.4.0/stm32cubeide/plugins/com.st.stm32cube.ide.mcu.externaltools.gnu-tools-for-stm32.9-2020-q2-update.win32_2.0.0.202105311346/tools/bin/../lib/gcc/arm-none-eabi/9.3.1/../../../../arm-none-eabi/lib/thumb/v7e-m+dp/hard\libc_nano.a(lib_a-nano-vfprintf_float.o)
                0x00000000080139b4                __cvt
 .text.__exponent
                0x0000000008013a58       0x7c d:/st/stm32cubeide_1.4.0/stm32cubeide/plugins/com.st.stm32cube.ide.mcu.externaltools.gnu-tools-for-stm32.9-2020-q2-update.win32_2.0.0.202105311346/tools/bin/../lib/gcc/arm-none-eabi/9.3.1/../../../../arm-none-eabi/lib/thumb/v7e-m+dp/hard\libc_nano.a(lib_a-nano-vfprintf_float.o)
                0x0000000008013a58                __exponent
 *fill*         0x0000000008013ad4        0x4 
 .text._printf_float
                0x0000000008013ad8      0x43c d:/st/stm32cubeide_1.4.0/stm32cubeide/plugins/com.st.stm32cube.ide.mcu.externaltools.gnu-tools-for-stm32.9-2020-q2-update.win32_2.0.0.202105311346/tools/bin/../lib/gcc/arm-none-eabi/9.3.1/../../../../arm-none-eabi/lib/thumb/v7e-m+dp/hard\libc_nano.a(lib_a-nano-vfprintf_float.o)
                0x0000000008013ad8                _printf_float
 .text._printf_common
                0x0000000008013f14       0xda d:/st/stm32cubeide_1.4.0/stm32cubeide/plugins/com.st.stm32cube.ide.mcu.externaltools.gnu-tools-for-stm32.9-2020-q2-update.win32_2.0.0.202105311346/tools/bin/../lib/gcc/arm-none-eabi/9.3.1/../../../../arm-none-eabi/lib/thumb/v7e-m+dp/hard\libc_nano.a(lib_a-nano-vfprintf_i.o)
                0x0000000008013f14                _printf_common
 *fill*         0x0000000008013fee        0x2 
 .text._printf_i
                0x0000000008013ff0      0x24c d:/st/stm32cubeide_1.4.0/stm32cubeide/plugins/com.st.stm32cube.ide.mcu.externaltools.gnu-tools-for-stm32.9-2020-q2-update.win32_2.0.0.202105311346/tools/bin/../lib/gcc/arm-none-eabi/9.3.1/../../../../arm-none-eabi/lib/thumb/v7e-m+dp/hard\libc_nano.a(lib_a-nano-vfprintf_i.o)
                0x0000000008013ff0                _printf_i
 .text.quorem   0x000000000801423c      0x116 d:/st/stm32cubeide_1.4.0/stm32cubeide/plugins/com.st.stm32cube.ide.mcu.externaltools.gnu-tools-for-stm32.9-2020-q2-update.win32_2.0.0.202105311346/tools/bin/../lib/gcc/arm-none-eabi/9.3.1/../../../../arm-none-eabi/lib/thumb/v7e-m+dp/hard\libc_nano.a(lib_a-dtoa.o)
 *fill*         0x0000000008014352        0x6 
 .text._dtoa_r  0x0000000008014358      0xb04 d:/st/stm32cubeide_1.4.0/stm32cubeide/plugins/com.st.stm32cube.ide.mcu.externaltools.gnu-tools-for-stm32.9-2020-q2-update.win32_2.0.0.202105311346/tools/bin/../lib/gcc/arm-none-eabi/9.3.1/../../../../arm-none-eabi/lib/thumb/v7e-m+dp/hard\libc_nano.a(lib_a-dtoa.o)
                0x0000000008014358                _dtoa_r
 .text._localeconv_r
                0x0000000008014e5c        0x8 d:/st/stm32cubeide_1.4.0/stm32cubeide/plugins/com.st.stm32cube.ide.mcu.externaltools.gnu-tools-for-stm32.9-2020-q2-update.win32_2.0.0.202105311346/tools/bin/../lib/gcc/arm-none-eabi/9.3.1/../../../../arm-none-eabi/lib/thumb/v7e-m+dp/hard\libc_nano.a(lib_a-localeconv.o)
                0x0000000008014e5c                _localeconv_r
 .text.malloc   0x0000000008014e64       0x10 d:/st/stm32cubeide_1.4.0/stm32cubeide/plugins/com.st.stm32cube.ide.mcu.externaltools.gnu-tools-for-stm32.9-2020-q2-update.win32_2.0.0.202105311346/tools/bin/../lib/gcc/arm-none-eabi/9.3.1/../../../../arm-none-eabi/lib/thumb/v7e-m+dp/hard\libc_nano.a(lib_a-malloc.o)
                0x0000000008014e64                malloc
 .text.memcpy   0x0000000008014e74       0x1c d:/st/stm32cubeide_1.4.0/stm32cubeide/plugins/com.st.stm32cube.ide.mcu.externaltools.gnu-tools-for-stm32.9-2020-q2-update.win32_2.0.0.202105311346/tools/bin/../lib/gcc/arm-none-eabi/9.3.1/../../../../arm-none-eabi/lib/thumb/v7e-m+dp/hard\libc_nano.a(lib_a-memcpy-stub.o)
                0x0000000008014e74                memcpy
 .text._Balloc  0x0000000008014e90       0x80 d:/st/stm32cubeide_1.4.0/stm32cubeide/plugins/com.st.stm32cube.ide.mcu.externaltools.gnu-tools-for-stm32.9-2020-q2-update.win32_2.0.0.202105311346/tools/bin/../lib/gcc/arm-none-eabi/9.3.1/../../../../arm-none-eabi/lib/thumb/v7e-m+dp/hard\libc_nano.a(lib_a-mprec.o)
                0x0000000008014e90                _Balloc
 .text._Bfree   0x0000000008014f10       0x44 d:/st/stm32cubeide_1.4.0/stm32cubeide/plugins/com.st.stm32cube.ide.mcu.externaltools.gnu-tools-for-stm32.9-2020-q2-update.win32_2.0.0.202105311346/tools/bin/../lib/gcc/arm-none-eabi/9.3.1/../../../../arm-none-eabi/lib/thumb/v7e-m+dp/hard\libc_nano.a(lib_a-mprec.o)
                0x0000000008014f10                _Bfree
 .text.__multadd
                0x0000000008014f54       0x94 d:/st/stm32cubeide_1.4.0/stm32cubeide/plugins/com.st.stm32cube.ide.mcu.externaltools.gnu-tools-for-stm32.9-2020-q2-update.win32_2.0.0.202105311346/tools/bin/../lib/gcc/arm-none-eabi/9.3.1/../../../../arm-none-eabi/lib/thumb/v7e-m+dp/hard\libc_nano.a(lib_a-mprec.o)
                0x0000000008014f54                __multadd
 .text.__hi0bits
                0x0000000008014fe8       0x40 d:/st/stm32cubeide_1.4.0/stm32cubeide/plugins/com.st.stm32cube.ide.mcu.externaltools.gnu-tools-for-stm32.9-2020-q2-update.win32_2.0.0.202105311346/tools/bin/../lib/gcc/arm-none-eabi/9.3.1/../../../../arm-none-eabi/lib/thumb/v7e-m+dp/hard\libc_nano.a(lib_a-mprec.o)
                0x0000000008014fe8                __hi0bits
 .text.__lo0bits
                0x0000000008015028       0x60 d:/st/stm32cubeide_1.4.0/stm32cubeide/plugins/com.st.stm32cube.ide.mcu.externaltools.gnu-tools-for-stm32.9-2020-q2-update.win32_2.0.0.202105311346/tools/bin/../lib/gcc/arm-none-eabi/9.3.1/../../../../arm-none-eabi/lib/thumb/v7e-m+dp/hard\libc_nano.a(lib_a-mprec.o)
                0x0000000008015028                __lo0bits
 .text.__i2b    0x0000000008015088       0x2c d:/st/stm32cubeide_1.4.0/stm32cubeide/plugins/com.st.stm32cube.ide.mcu.externaltools.gnu-tools-for-stm32.9-2020-q2-update.win32_2.0.0.202105311346/tools/bin/../lib/gcc/arm-none-eabi/9.3.1/../../../../arm-none-eabi/lib/thumb/v7e-m+dp/hard\libc_nano.a(lib_a-mprec.o)
                0x0000000008015088                __i2b
 .text.__multiply
                0x00000000080150b4      0x14c d:/st/stm32cubeide_1.4.0/stm32cubeide/plugins/com.st.stm32cube.ide.mcu.externaltools.gnu-tools-for-stm32.9-2020-q2-update.win32_2.0.0.202105311346/tools/bin/../lib/gcc/arm-none-eabi/9.3.1/../../../../arm-none-eabi/lib/thumb/v7e-m+dp/hard\libc_nano.a(lib_a-mprec.o)
                0x00000000080150b4                __multiply
 .text.__pow5mult
                0x0000000008015200       0xb4 d:/st/stm32cubeide_1.4.0/stm32cubeide/plugins/com.st.stm32cube.ide.mcu.externaltools.gnu-tools-for-stm32.9-2020-q2-update.win32_2.0.0.202105311346/tools/bin/../lib/gcc/arm-none-eabi/9.3.1/../../../../arm-none-eabi/lib/thumb/v7e-m+dp/hard\libc_nano.a(lib_a-mprec.o)
                0x0000000008015200                __pow5mult
 .text.__lshift
                0x00000000080152b4       0xd8 d:/st/stm32cubeide_1.4.0/stm32cubeide/plugins/com.st.stm32cube.ide.mcu.externaltools.gnu-tools-for-stm32.9-2020-q2-update.win32_2.0.0.202105311346/tools/bin/../lib/gcc/arm-none-eabi/9.3.1/../../../../arm-none-eabi/lib/thumb/v7e-m+dp/hard\libc_nano.a(lib_a-mprec.o)
                0x00000000080152b4                __lshift
 .text.__mcmp   0x000000000801538c       0x38 d:/st/stm32cubeide_1.4.0/stm32cubeide/plugins/com.st.stm32cube.ide.mcu.externaltools.gnu-tools-for-stm32.9-2020-q2-update.win32_2.0.0.202105311346/tools/bin/../lib/gcc/arm-none-eabi/9.3.1/../../../../arm-none-eabi/lib/thumb/v7e-m+dp/hard\libc_nano.a(lib_a-mprec.o)
                0x000000000801538c                __mcmp
 .text.__mdiff  0x00000000080153c4      0x110 d:/st/stm32cubeide_1.4.0/stm32cubeide/plugins/com.st.stm32cube.ide.mcu.externaltools.gnu-tools-for-stm32.9-2020-q2-update.win32_2.0.0.202105311346/tools/bin/../lib/gcc/arm-none-eabi/9.3.1/../../../../arm-none-eabi/lib/thumb/v7e-m+dp/hard\libc_nano.a(lib_a-mprec.o)
                0x00000000080153c4                __mdiff
 .text.__d2b    0x00000000080154d4       0xb8 d:/st/stm32cubeide_1.4.0/stm32cubeide/plugins/com.st.stm32cube.ide.mcu.externaltools.gnu-tools-for-stm32.9-2020-q2-update.win32_2.0.0.202105311346/tools/bin/../lib/gcc/arm-none-eabi/9.3.1/../../../../arm-none-eabi/lib/thumb/v7e-m+dp/hard\libc_nano.a(lib_a-mprec.o)
                0x00000000080154d4                __d2b
 .text._calloc_r
                0x000000000801558c       0x1e d:/st/stm32cubeide_1.4.0/stm32cubeide/plugins/com.st.stm32cube.ide.mcu.externaltools.gnu-tools-for-stm32.9-2020-q2-update.win32_2.0.0.202105311346/tools/bin/../lib/gcc/arm-none-eabi/9.3.1/../../../../arm-none-eabi/lib/thumb/v7e-m+dp/hard\libc_nano.a(lib_a-nano-callocr.o)
                0x000000000801558c                _calloc_r
 *fill*         0x00000000080155aa        0x2 
 .text._free_r  0x00000000080155ac       0xa0 d:/st/stm32cubeide_1.4.0/stm32cubeide/plugins/com.st.stm32cube.ide.mcu.externaltools.gnu-tools-for-stm32.9-2020-q2-update.win32_2.0.0.202105311346/tools/bin/../lib/gcc/arm-none-eabi/9.3.1/../../../../arm-none-eabi/lib/thumb/v7e-m+dp/hard\libc_nano.a(lib_a-nano-freer.o)
                0x00000000080155ac                _free_r
 .text._malloc_r
                0x000000000801564c       0xb4 d:/st/stm32cubeide_1.4.0/stm32cubeide/plugins/com.st.stm32cube.ide.mcu.externaltools.gnu-tools-for-stm32.9-2020-q2-update.win32_2.0.0.202105311346/tools/bin/../lib/gcc/arm-none-eabi/9.3.1/../../../../arm-none-eabi/lib/thumb/v7e-m+dp/hard\libc_nano.a(lib_a-nano-mallocr.o)
                0x000000000801564c                _malloc_r
 .text._sbrk_r  0x0000000008015700       0x20 d:/st/stm32cubeide_1.4.0/stm32cubeide/plugins/com.st.stm32cube.ide.mcu.externaltools.gnu-tools-for-stm32.9-2020-q2-update.win32_2.0.0.202105311346/tools/bin/../lib/gcc/arm-none-eabi/9.3.1/../../../../arm-none-eabi/lib/thumb/v7e-m+dp/hard\libc_nano.a(lib_a-sbrkr.o)
                0x0000000008015700                _sbrk_r
 .text.__assert_func
                0x0000000008015720       0x3c d:/st/stm32cubeide_1.4.0/stm32cubeide/plugins/com.st.stm32cube.ide.mcu.externaltools.gnu-tools-for-stm32.9-2020-q2-update.win32_2.0.0.202105311346/tools/bin/../lib/gcc/arm-none-eabi/9.3.1/../../../../arm-none-eabi/lib/thumb/v7e-m+dp/hard\libc_nano.a(lib_a-assert.o)
                0x0000000008015720                __assert_func
 .text.fprintf  0x000000000801575c       0x24 d:/st/stm32cubeide_1.4.0/stm32cubeide/plugins/com.st.stm32cube.ide.mcu.externaltools.gnu-tools-for-stm32.9-2020-q2-update.win32_2.0.0.202105311346/tools/bin/../lib/gcc/arm-none-eabi/9.3.1/../../../../arm-none-eabi/lib/thumb/v7e-m+dp/hard\libc_nano.a(lib_a-fprintf.o)
                0x000000000801575c                fiprintf
                0x000000000801575c                fprintf
 .text.__ascii_mbtowc
                0x0000000008015780       0x24 d:/st/stm32cubeide_1.4.0/stm32cubeide/plugins/com.st.stm32cube.ide.mcu.externaltools.gnu-tools-for-stm32.9-2020-q2-update.win32_2.0.0.202105311346/tools/bin/../lib/gcc/arm-none-eabi/9.3.1/../../../../arm-none-eabi/lib/thumb/v7e-m+dp/hard\libc_nano.a(lib_a-mbtowc_r.o)
                0x0000000008015780                __ascii_mbtowc
 .text.__malloc_lock
                0x00000000080157a4        0xc d:/st/stm32cubeide_1.4.0/stm32cubeide/plugins/com.st.stm32cube.ide.mcu.externaltools.gnu-tools-for-stm32.9-2020-q2-update.win32_2.0.0.202105311346/tools/bin/../lib/gcc/arm-none-eabi/9.3.1/../../../../arm-none-eabi/lib/thumb/v7e-m+dp/hard\libc_nano.a(lib_a-mlock.o)
                0x00000000080157a4                __malloc_lock
 .text.__malloc_unlock
                0x00000000080157b0        0xc d:/st/stm32cubeide_1.4.0/stm32cubeide/plugins/com.st.stm32cube.ide.mcu.externaltools.gnu-tools-for-stm32.9-2020-q2-update.win32_2.0.0.202105311346/tools/bin/../lib/gcc/arm-none-eabi/9.3.1/../../../../arm-none-eabi/lib/thumb/v7e-m+dp/hard\libc_nano.a(lib_a-mlock.o)
                0x00000000080157b0                __malloc_unlock
 .text.__sfputc_r
                0x00000000080157bc       0x2e d:/st/stm32cubeide_1.4.0/stm32cubeide/plugins/com.st.stm32cube.ide.mcu.externaltools.gnu-tools-for-stm32.9-2020-q2-update.win32_2.0.0.202105311346/tools/bin/../lib/gcc/arm-none-eabi/9.3.1/../../../../arm-none-eabi/lib/thumb/v7e-m+dp/hard\libc_nano.a(lib_a-nano-vfprintf.o)
 .text.__sfputs_r