Archive member included to satisfy reference by file (symbol)

d:/st/stm32cubeide_1.4.0/stm32cubeide/plugins/com.st.stm32cube.ide.mcu.externaltools.gnu-tools-for-stm32.9-2020-q2-update.win32_2.0.0.202105311346/tools/bin/../lib/gcc/arm-none-eabi/9.3.1/../../../../arm-none-eabi/lib/thumb/v7e-m+dp/hard\libc_nano.a(lib_a-errno.o)
                              ./Core/Src/syscalls.o (__errno)
d:/st/stm32cubeide_1.4.0/stm32cubeide/plugins/com.st.stm32cube.ide.mcu.externaltools.gnu-tools-for-stm32.9-2020-q2-update.win32_2.0.0.202105311346/tools/bin/../lib/gcc/arm-none-eabi/9.3.1/../../../../arm-none-eabi/lib/thumb/v7e-m+dp/hard\libc_nano.a(lib_a-exit.o)
                              d:/st/stm32cubeide_1.4.0/stm32cubeide/plugins/com.st.stm32cube.ide.mcu.externaltools.gnu-tools-for-stm32.9-2020-q2-update.win32_2.0.0.202105311346/tools/bin/../lib/gcc/arm-none-eabi/9.3.1/../../../../arm-none-eabi/lib/thumb/v7e-m+dp/hard/crt0.o (exit)
d:/st/stm32cubeide_1.4.0/stm32cubeide/plugins/com.st.stm32cube.ide.mcu.externaltools.gnu-tools-for-stm32.9-2020-q2-update.win32_2.0.0.202105311346/tools/bin/../lib/gcc/arm-none-eabi/9.3.1/../../../../arm-none-eabi/lib/thumb/v7e-m+dp/hard\libc_nano.a(lib_a-impure.o)
                              d:/st/stm32cubeide_1.4.0/stm32cubeide/plugins/com.st.stm32cube.ide.mcu.externaltools.gnu-tools-for-stm32.9-2020-q2-update.win32_2.0.0.202105311346/tools/bin/../lib/gcc/arm-none-eabi/9.3.1/../../../../arm-none-eabi/lib/thumb/v7e-m+dp/hard\libc_nano.a(lib_a-exit.o) (_global_impure_ptr)
d:/st/stm32cubeide_1.4.0/stm32cubeide/plugins/com.st.stm32cube.ide.mcu.externaltools.gnu-tools-for-stm32.9-2020-q2-update.win32_2.0.0.202105311346/tools/bin/../lib/gcc/arm-none-eabi/9.3.1/../../../../arm-none-eabi/lib/thumb/v7e-m+dp/hard\libc_nano.a(lib_a-init.o)
                              d:/st/stm32cubeide_1.4.0/stm32cubeide/plugins/com.st.stm32cube.ide.mcu.externaltools.gnu-tools-for-stm32.9-2020-q2-update.win32_2.0.0.202105311346/tools/bin/../lib/gcc/arm-none-eabi/9.3.1/../../../../arm-none-eabi/lib/thumb/v7e-m+dp/hard/crt0.o (__libc_init_array)
d:/st/stm32cubeide_1.4.0/stm32cubeide/plugins/com.st.stm32cube.ide.mcu.externaltools.gnu-tools-for-stm32.9-2020-q2-update.win32_2.0.0.202105311346/tools/bin/../lib/gcc/arm-none-eabi/9.3.1/../../../../arm-none-eabi/lib/thumb/v7e-m+dp/hard\libc_nano.a(lib_a-memset.o)
                              d:/st/stm32cubeide_1.4.0/stm32cubeide/plugins/com.st.stm32cube.ide.mcu.externaltools.gnu-tools-for-stm32.9-2020-q2-update.win32_2.0.0.202105311346/tools/bin/../lib/gcc/arm-none-eabi/9.3.1/../../../../arm-none-eabi/lib/thumb/v7e-m+dp/hard/crt0.o (memset)
d:/st/stm32cubeide_1.4.0/stm32cubeide/plugins/com.st.stm32cube.ide.mcu.externaltools.gnu-tools-for-stm32.9-2020-q2-update.win32_2.0.0.202105311346/tools/bin/../lib/gcc/arm-none-eabi/9.3.1/../../../../arm-none-eabi/lib/thumb/v7e-m+dp/hard\libc_nano.a(lib_a-nano-vfprintf_float.o)
                              (_printf_float)
d:/st/stm32cubeide_1.4.0/stm32cubeide/plugins/com.st.stm32cube.ide.mcu.externaltools.gnu-tools-for-stm32.9-2020-q2-update.win32_2.0.0.202105311346/tools/bin/../lib/gcc/arm-none-eabi/9.3.1/../../../../arm-none-eabi/lib/thumb/v7e-m+dp/hard\libc_nano.a(lib_a-nano-vfprintf_i.o)
                              d:/st/stm32cubeide_1.4.0/stm32cubeide/plugins/com.st.stm32cube.ide.mcu.externaltools.gnu-tools-for-stm32.9-2020-q2-update.win32_2.0.0.202105311346/tools/bin/../lib/gcc/arm-none-eabi/9.3.1/../../../../arm-none-eabi/lib/thumb/v7e-m+dp/hard\libc_nano.a(lib_a-nano-vfprintf_float.o) (_printf_common)
d:/st/stm32cubeide_1.4.0/stm32cubeide/plugins/com.st.stm32cube.ide.mcu.externaltools.gnu-tools-for-stm32.9-2020-q2-update.win32_2.0.0.202105311346/tools/bin/../lib/gcc/arm-none-eabi/9.3.1/../../../../arm-none-eabi/lib/thumb/v7e-m+dp/hard\libc_nano.a(lib_a-printf.o)
                              ./Core/Src/hdlc.o (printf)
d:/st/stm32cubeide_1.4.0/stm32cubeide/plugins/com.st.stm32cube.ide.mcu.externaltools.gnu-tools-for-stm32.9-2020-q2-update.win32_2.0.0.202105311346/tools/bin/../lib/gcc/arm-none-eabi/9.3.1/../../../../arm-none-eabi/lib/thumb/v7e-m+dp/hard\libc_nano.a(lib_a-strlen.o)
                              d:/st/stm32cubeide_1.4.0/stm32cubeide/plugins/com.st.stm32cube.ide.mcu.externaltools.gnu-tools-for-stm32.9-2020-q2-update.win32_2.0.0.202105311346/tools/bin/../lib/gcc/arm-none-eabi/9.3.1/../../../../arm-none-eabi/lib/thumb/v7e-m+dp/hard\libc_nano.a(lib_a-nano-vfprintf_float.o) (strlen)
d:/st/stm32cubeide_1.4.0/stm32cubeide/plugins/com.st.stm32cube.ide.mcu.externaltools.gnu-tools-for-stm32.9-2020-q2-update.win32_2.0.0.202105311346/tools/bin/../lib/gcc/arm-none-eabi/9.3.1/../../../../arm-none-eabi/lib/thumb/v7e-m+dp/hard\libc_nano.a(lib_a-dtoa.o)
[...]
Memory Configuration

Name             Origin             Length             Attributes
DTCMRAM          0x0000000020000000 0x0000000000020000 xrw
ITCMRAM          0x0000000000000000 0x0000000000010000 xrw
RAM_D1           0x0000000024000000 0x0000000000080000 xrw
RAM_D2           0x0000000030000000 0x0000000000048000 xrw
RAM_D3           0x0000000038000000 0x0000000000010000 xrw
FLASH1           0x0000000008000000 0x0000000000080000 xr
FLASH2           0x0000000008100000 0x0000000000080000 xr
*default*        0x0000000000000000 0xffffffffffffffff

Linker script and memory map

LOAD d:/st/stm32cubeide_1.4.0/stm32cubeide/plugins/com.st.stm32cube.ide.mcu.externaltools.gnu-tools-for-stm32.9-2020-q2-update.win32_2.0.0.202105311346/tools/bin/../lib/gcc/arm-none-eabi/9.3.1/thumb/v7e-m+dp/hard/crti.o
LOAD d:/st/stm32cubeide_1.4.0/stm32cubeide/plugins/com.st.stm32cube.ide.mcu.externaltools.gnu-tools-for-stm32.9-2020-q2-update.win32_2.0.0.202105311346/tools/bin/../lib/gcc/arm-none-eabi/9.3.1/thumb/v7e-m+dp/hard/crtbegin.o
LOAD d:/st/stm32cubeide_1.4.0/stm32cubeide/plugins/com.st.stm32cube.ide.mcu.externaltools.gnu-tools-for-stm32.9-2020-q2-update.win32_2.0.0.202105311346/tools/bin/../lib/gcc/arm-none-eabi/9.3.1/../../../../arm-none-eabi/lib/thumb/v7e-m+dp/hard/crt0.o
LOAD ./Core/Src/hdlc.o
LOAD ./Core/Src/main.o
LOAD ./Core/Src/stm32h7xx_hal_msp.o
LOAD ./Core/Src/stm32h7xx_it.o
LOAD ./Core/Src/syscalls.o
LOAD ./Core/Src/sysmem.o
LOAD ./Core/Src/system_stm32h7xx.o
LOAD ./Core/Startup/startup_stm32h743zgtx.o
LOAD ./Drivers/STM32H7xx_HAL_Driver/Src/stm32h7xx_hal.o
LOAD ./Drivers/STM32H7xx_HAL_Driver/Src/stm32h7xx_hal_adc.o
LOAD ./Drivers/STM32H7xx_HAL_Driver/Src/stm32h7xx_hal_adc_ex.o
LOAD ./Drivers/STM32H7xx_HAL_Driver/Src/stm32h7xx_hal_cortex.o
LOAD ./Drivers/STM32H7xx_HAL_Driver/Src/stm32h7xx_hal_dma.o
LOAD ./Drivers/STM32H7xx_HAL_Driver/Src/stm32h7xx_hal_dma_ex.o
LOAD ./Drivers/STM32H7xx_HAL_Driver/Src/stm32h7xx_hal_exti.o
LOAD ./Drivers/STM32H7xx_HAL_Driver/Src/stm32h7xx_hal_flash.o
LOAD ./Drivers/STM32H7xx_HAL_Driver/Src/stm32h7xx_hal_flash_ex.o
LOAD ./Drivers/STM32H7xx_HAL_Driver/Src/stm32h7xx_hal_gpio.o
LOAD ./Drivers/STM32H7xx_HAL_Driver/Src/stm32h7xx_hal_hsem.o
LOAD ./Drivers/STM32H7xx_HAL_Driver/Src/stm32h7xx_hal_i2c.o
LOAD ./Drivers/STM32H7xx_HAL_Driver/Src/stm32h7xx_hal_i2c_ex.o
LOAD ./Drivers/STM32H7xx_HAL_Driver/Src/stm32h7xx_hal_mdma.o
LOAD ./Drivers/STM32H7xx_HAL_Driver/Src/stm32h7xx_hal_pcd.o
LOAD ./Drivers/STM32H7xx_HAL_Driver/Src/stm32h7xx_hal_pcd_ex.o
LOAD ./Drivers/STM32H7xx_HAL_Driver/Src/stm32h7xx_hal_pwr.o
LOAD ./Drivers/STM32H7xx_HAL_Driver/Src/stm32h7xx_hal_pwr_ex.o
LOAD ./Drivers/STM32H7xx_HAL_Driver/Src/stm32h7xx_hal_rcc.o
LOAD ./Drivers/STM32H7xx_HAL_Driver/Src/stm32h7xx_hal_rcc_ex.o
LOAD ./Drivers/STM32H7xx_HAL_Driver/Src/stm32h7xx_hal_tim.o
LOAD ./Drivers/STM32H7xx_HAL_Driver/Src/stm32h7xx_hal_tim_ex.o
LOAD ./Drivers/STM32H7xx_HAL_Driver/Src/stm32h7xx_hal_uart.o
LOAD ./Drivers/STM32H7xx_HAL_Driver/Src/stm32h7xx_hal_uart_ex.o
LOAD ./Drivers/STM32H7xx_HAL_Driver/Src/stm32h7xx_ll_usb.o
LOAD ./Middlewares/ST/STM32_USB_Device_Library/Class/CDC/Src/usbd_cdc.o
LOAD ./Middlewares/ST/STM32_USB_Device_Library/Core/Src/usbd_core.o
LOAD ./Middlewares/ST/STM32_USB_Device_Library/Core/Src/usbd_ctlreq.o
LOAD ./Middlewares/ST/STM32_USB_Device_Library/Core/Src/usbd_ioreq.o
LOAD ./USB_DEVICE/App/usb_device.o
LOAD ./USB_DEVICE/App/usbd_cdc_if.o
LOAD ./USB_DEVICE/App/usbd_desc.o
LOAD ./USB_DEVICE/Target/usbd_conf.o
START GROUP
LOAD d:/st/stm32cubeide_1.4.0/stm32cubeide/plugins/com.st.stm32cube.ide.mcu.externaltools.gnu-tools-for-stm32.9-2020-q2-update.win32_2.0.0.202105311346/tools/bin/../lib/gcc/arm-none-eabi/9.3.1/../../../../arm-none-eabi/lib/thumb/v7e-m+dp/hard\libc_nano.a
LOAD d:/st/stm32cubeide_1.4.0/stm32cubeide/plugins/com.st.stm32cube.ide.mcu.externaltools.gnu-tools-for-stm32.9-2020-q2-update.win32_2.0.0.202105311346/tools/bin/../lib/gcc/arm-none-eabi/9.3.1/../../../../arm-none-eabi/lib/thumb/v7e-m+dp/hard\libm.a
END GROUP
START GROUP
LOAD d:/st/stm32cubeide_1.4.0/stm32cubeide/plugins/com.st.stm32cube.ide.mcu.externaltools.gnu-tools-for-stm32.9-2020-q2-update.win32_2.0.0.202105311346/tools/bin/../lib/gcc/arm-none-eabi/9.3.1/thumb/v7e-m+dp/hard\libgcc.a
LOAD d:/st/stm32cubeide_1.4.0/stm32cubeide/plugins/com.st.stm32cube.ide.mcu.externaltools.gnu-tools-for-stm32.9-2020-q2-update.win32_2.0.0.202105311346/tools/bin/../lib/gcc/arm-none-eabi/9.3.1/../../../../arm-none-eabi/lib/thumb/v7e-m+dp/hard\libc_nano.a
END GROUP
START GROUP
LOAD d:/st/stm32cubeide_1.4.0/stm32cubeide/plugins/com.st.stm32cube.ide.mcu.externaltools.gnu-tools-for-stm32.9-2020-q2-update.win32_2.0.0.202105311346/tools/bin/../lib/gcc/arm-none-eabi/9.3.1/thumb/v7e-m+dp/hard\libgcc.a
LOAD d:/st/stm32cubeide_1.4.0/stm32cubeide/plugins/com.st.stm32cube.ide.mcu.externaltools.gnu-tools-for-stm32.9-2020-q2-update.win32_2.0.0.202105311346/tools/bin/../lib/gcc/arm-none-eabi/9.3.1/../../../../arm-none-eabi/lib/thumb/v7e-m+dp/hard\libc_nano.a
LOAD d:/st/stm32cubeide_1.4.0/stm32cubeide/plugins/com.st.stm32cube.ide.mcu.externaltools.gnu-tools-for-stm32.9-2020-q2-update.win32_2.0.0.202105311346/tools/bin/../lib/gcc/arm-none-eabi/9.3.1/../../../../arm-none-eabi/lib/thumb/v7e-m+dp/hard\libnosys.a
END GROUP
START GROUP
LOAD d:/st/stm32cubeide_1.4.0/stm32cubeide/plugins/com.st.stm32cube.ide.mcu.externaltools.gnu-tools-for-stm32.9-2020-q2-update.win32_2.0.0.202105311346/tools/bin/../lib/gcc/arm-none-eabi/9.3.1/thumb/v7e-m+dp/hard\libgcc.a
LOAD d:/st/stm32cubeide_1.4.0/stm32cubeide/plugins/com.st.stm32cube.ide.mcu.externaltools.gnu-tools-for-stm32.9-2020-q2-update.win32_2.0.0.202105311346/tools/bin/../lib/gcc/arm-none-eabi/9.3.1/../../../../arm-none-eabi/lib/thumb/v7e-m+dp/hard\libc_nano.a
LOAD d:/st/stm32cubeide_1.4.0/stm32cubeide/plugins/com.st.stm32cube.ide.mcu.externaltools.gnu-tools-for-stm32.9-2020-q2-update.win32_2.0.0.202105311346/tools/bin/../lib/gcc/arm-none-eabi/9.3.1/../../../../arm-none-eabi/lib/thumb/v7e-m+dp/hard\libnosys.a
END GROUP
LOAD d:/st/stm32cubeide_1.4.0/stm32cubeide/plugins/com.st.stm32cube.ide.mcu.externaltools.gnu-tools-for-stm32.9-2020-q2-update.win32_2.0.0.202105311346/tools/bin/../lib/gcc/arm-none-eabi/9.3.1/thumb/v7e-m+dp/hard/crtend.o
LOAD d:/st/stm32cubeide_1.4.0/stm32cubeide/plugins/com.st.stm32cube.ide.mcu.externaltools.gnu-tools-for-stm32.9-2020-q2-update.win32_2.0.0.202105311346/tools/bin/../lib/gcc/arm-none-eabi/9.3.1/thumb/v7e-m+dp/hard/crtn.o
                0x000000002001fff0                _estack = ((ORIGIN (DTCMRAM) + LENGTH (DTCMRAM)) - 0x10)
                0x0000000000000200                _Min_Heap_Size = 0x200
                0x0000000000000400                _Min_Stack_Size = 0x400

.isr_vector     0x0000000008000000      0x298
                0x0000000008000000                . = ALIGN (0x4)
 *(.isr_vector)
 .isr_vector    0x0000000008000000      0x298 ./Core/Startup/startup_stm32h743zgtx.o
                0x0000000008000000                g_pfnVectors
                0x0000000008000298                . = ALIGN (0x4)

.text           0x00000000080002a0    0x15690
                0x00000000080002a0                . = ALIGN (0x4)
 *(.text)
 .text          0x00000000080002a0       0x40 d:/st/stm32cubeide_1.4.0/stm32cubeide/plugins/com.st.stm32cube.ide.mcu.externaltools.gnu-tools-for-stm32.9-2020-q2-update.win32_2.0.0.202105311346/tools/bin/../lib/gcc/arm-none-eabi/9.3.1/thumb/v7e-m+dp/hard/crtbegin.o
 .text          0x00000000080002e0       0x10 d:/st/stm32cubeide_1.4.0/stm32cubeide/plugins/com.st.stm32cube.ide.mcu.externaltools.gnu-tools-for-stm32.9-2020-q2-update.win32_2.0.0.202105311346/tools/bin/../lib/gcc/arm-none-eabi/9.3.1/../../../../arm-none-eabi/lib/thumb/v7e-m+dp/hard\libc_nano.a(lib_a-strlen.o)
                0x00000000080002e0                strlen
 .text          0x00000000080002f0       0xa0 d:/st/stm32cubeide_1.4.0/stm32cubeide/plugins/com.st.stm32cube.ide.mcu.externaltools.gnu-tools-for-stm32.9-2020-q2-update.win32_2.0.0.202105311346/tools/bin/../lib/gcc/arm-none-eabi/9.3.1/../../../../arm-none-eabi/lib/thumb/v7e-m+dp/hard\libc_nano.a(lib_a-memchr.o)
                0x00000000080002f0                memchr
 .text          0x0000000008000390       0x30 d:/st/stm32cubeide_1.4.0/stm32cubeide/plugins/com.st.stm32cube.ide.mcu.externaltools.gnu-tools-for-stm32.9-2020-q2-update.win32_2.0.0.202105311346/tools/bin/../lib/gcc/arm-none-eabi/9.3.1/thumb/v7e-m+dp/hard\libgcc.a(_aeabi_uldivmod.o)
                0x0000000008000390                __aeabi_uldivmod
 .text          0x00000000080003c0      0x2c4 d:/st/stm32cubeide_1.4.0/stm32cubeide/plugins/com.st.stm32cube.ide.mcu.externaltools.gnu-tools-for-stm32.9-2020-q2-update.win32_2.0.0.202105311346/tools/bin/../lib/gcc/arm-none-eabi/9.3.1/thumb/v7e-m+dp/hard\libgcc.a(_udivmoddi4.o)
                0x00000000080003c0                __udivmoddi4
 .text          0x0000000008000684        0x4 d:/st/stm32cubeide_1.4.0/stm32cubeide/plugins/com.st.stm32cube.ide.mcu.externaltools.gnu-tools-for-stm32.9-2020-q2-update.win32_2.0.0.202105311346/tools/bin/../lib/gcc/arm-none-eabi/9.3.1/thumb/v7e-m+dp/hard\libgcc.a(_dvmd_tls.o)
                0x0000000008000684                __aeabi_idiv0
                0x0000000008000684                __aeabi_ldiv0
 *(.text*)
 .text.__NVIC_SystemReset
                0x0000000008000688       0x2c ./Core/Src/hdlc.o
 .text.HDLC_Init
                0x00000000080006b4       0x98 ./Core/Src/hdlc.o
                0x00000000080006b4                HDLC_Init
 .text.HDLC_Send_Frame
                0x000000000800074c      0x244 ./Core/Src/hdlc.o
                0x000000000800074c                HDLC_Send_Frame
 .text.HDLC_Process_Frame
                0x0000000008000990      0x168 ./Core/Src/hdlc.o
                0x0000000008000990                HDLC_Process_Frame
 .text.HDLC_Process_Input
                0x0000000008000af8      0x148 ./Core/Src/hdlc.o
                0x0000000008000af8                HDLC_Process_Input
 .text.__NVIC_SystemReset
                0x0000000008000c40       0x2c ./Core/Src/main.o
 .text.main     0x0000000008000c6c      0x394 ./Core/Src/main.o
                0x0000000008000c6c                main
 .text.SystemClock_Config
                0x0000000008001000      0x16c ./Core/Src/main.o
                0x0000000008001000                SystemClock_Config
 .text.PeriphCommonClock_Config
                0x000000000800116c       0x84 ./Core/Src/main.o
                0x000000000800116c                PeriphCommonClock_Config
 .text.MX_ADC1_Init
                0x00000000080011f0      0x1bc ./Core/Src/main.o
 .text.MX_ADC2_Init
                0x00000000080013ac      0x194 ./Core/Src/main.o
 .text.MX_ADC3_Init
                0x0000000008001540      0x1b8 ./Core/Src/main.o
 .text.MX_TIM4_Init
                0x00000000080016f8       0xe8 ./Core/Src/main.o
 .text.MX_USART1_UART_Init
                0x00000000080017e0       0x9c ./Core/Src/main.o
 .text.MX_USART2_UART_Init
                0x000000000800187c       0x9c ./Core/Src/main.o
 .text.MX_USART3_UART_Init
                0x0000000008001918       0x9c ./Core/Src/main.o
 .text.MX_DMA_Init
                0x00000000080019b4       0x90 ./Core/Src/main.o
 .text.MX_GPIO_Init
                0x0000000008001a44      0x1b0 ./Core/Src/main.o
 .text.HAL_TIM_PeriodElapsedCallback
                0x0000000008001bf4       0x30 ./Core/Src/main.o
                0x0000000008001bf4                HAL_TIM_PeriodElapsedCallback
 .text.min      0x0000000008001c24       0x28 ./Core/Src/main.o
 .text.max      0x0000000008001c4c       0x28 ./Core/Src/main.o
 .text.HAL_ADC_ConvCpltCallback
                0x0000000008001c74      0x7f4 ./Core/Src/main.o
                0x0000000008001c74                HAL_ADC_ConvCpltCallback
 .text.Error_Handler
                0x0000000008002468       0x1c ./Core/Src/main.o
                0x0000000008002468                Error_Handler
 .text.HAL_MspInit
                0x0000000008002484       0x70 ./Core/Src/stm32h7xx_hal_msp.o
                0x0000000008002484                HAL_MspInit
 .text.HAL_ADC_MspInit
                0x00000000080024f4      0x370 ./Core/Src/stm32h7xx_hal_msp.o
                0x00000000080024f4                HAL_ADC_MspInit
 .text.HAL_TIM_Base_MspInit
                0x0000000008002864       0x50 ./Core/Src/stm32h7xx_hal_msp.o
                0x0000000008002864                HAL_TIM_Base_MspInit
 .text.HAL_UART_MspInit
                0x00000000080028b4      0x208 ./Core/Src/stm32h7xx_hal_msp.o
                0x00000000080028b4                HAL_UART_MspInit
 .text.NMI_Handler
                0x0000000008002abc        0x6 ./Core/Src/stm32h7xx_it.o
                0x0000000008002abc                NMI_Handler
 .text.HardFault_Handler
                0x0000000008002ac2        0x6 ./Core/Src/stm32h7xx_it.o
                0x0000000008002ac2                HardFault_Handler
 .text.MemManage_Handler
                0x0000000008002ac8        0x6 ./Core/Src/stm32h7xx_it.o
                0x0000000008002ac8                MemManage_Handler
 .text.BusFault_Handler
                0x0000000008002ace        0x6 ./Core/Src/stm32h7xx_it.o
                0x0000000008002ace                BusFault_Handler
 .text.UsageFault_Handler
                0x0000000008002ad4        0x6 ./Core/Src/stm32h7xx_it.o
                0x0000000008002ad4                UsageFault_Handler
 .text.SVC_Handler
                0x0000000008002ada        0xe ./Core/Src/stm32h7xx_it.o
                0x0000000008002ada                SVC_Handler
 .text.DebugMon_Handler
                0x0000000008002ae8        0xe ./Core/Src/stm32h7xx_it.o
                0x0000000008002ae8                DebugMon_Handler
 .text.PendSV_Handler
                0x0000000008002af6        0xe ./Core/Src/stm32h7xx_it.o
                0x0000000008002af6                PendSV_Handler
 .text.SysTick_Handler
                0x0000000008002b04        0xc ./Core/Src/stm32h7xx_it.o
                0x0000000008002b04                SysTick_Handler
 .text.DMA1_Stream0_IRQHandler
                0x0000000008002b10       0x14 ./Core/Src/stm32h7xx_it.o
                0x0000000008002b10                DMA1_Stream0_IRQHandler
 .text.DMA1_Stream1_IRQHandler
                0x0000000008002b24       0x14 ./Core/Src/stm32h7xx_it.o
                0x0000000008002b24                DMA1_Stream1_IRQHandler
 .text.TIM4_IRQHandler
                0x0000000008002b38       0x14 ./Core/Src/stm32h7xx_it.o
                0x0000000008002b38                TIM4_IRQHandler
 .text.USART1_IRQHandler
                0x0000000008002b4c       0x14 ./Core/Src/stm32h7xx_it.o
                0x0000000008002b4c                USART1_IRQHandler
 .text.USART2_IRQHandler
                0x0000000008002b60       0x14 ./Core/Src/stm32h7xx_it.o
                0x0000000008002b60                USART2_IRQHandler
 .text.USART3_IRQHandler
                0x0000000008002b74       0x14 ./Core/Src/stm32h7xx_it.o
                0x0000000008002b74                USART3_IRQHandler
 .text.DMA2_Stream0_IRQHandler
                0x0000000008002b88       0x14 ./Core/Src/stm32h7xx_it.o
                0x0000000008002b88                DMA2_Stream0_IRQHandler
 .text.DMA2_Stream1_IRQHandler
                0x0000000008002b9c       0x14 ./Core/Src/stm32h7xx_it.o
                0x0000000008002b9c                DMA2_Stream1_IRQHandler
 .text.OTG_FS_IRQHandler
                0x0000000008002bb0       0x14 ./Core/Src/stm32h7xx_it.o
                0x0000000008002bb0                OTG_FS_IRQHandler
 .text._getpid  0x0000000008002bc4       0x10 ./Core/Src/syscalls.o
                0x0000000008002bc4                _getpid
 .text._kill    0x0000000008002bd4       0x20 ./Core/Src/syscalls.o
                0x0000000008002bd4                _kill
 .text._exit    0x0000000008002bf4       0x14 ./Core/Src/syscalls.o
                0x0000000008002bf4                _exit
 .text._read    0x0000000008002c08       0x3a ./Core/Src/syscalls.o
                0x0000000008002c08                _read
 .text._write   0x0000000008002c42       0x38 ./Core/Src/syscalls.o
                0x0000000008002c42                _write
 .text._close   0x0000000008002c7a       0x18 ./Core/Src/syscalls.o
                0x0000000008002c7a                _close
 .text._fstat   0x0000000008002c92       0x20 ./Core/Src/syscalls.o
                0x0000000008002c92                _fstat
 .text._isatty  0x0000000008002cb2       0x16 ./Core/Src/syscalls.o
                0x0000000008002cb2                _isatty
 .text._lseek   0x0000000008002cc8       0x1a ./Core/Src/syscalls.o
                0x0000000008002cc8                _lseek
 *fill*         0x0000000008002ce2        0x2 
 .text._sbrk    0x0000000008002ce4       0x6c ./Core/Src/sysmem.o
                0x0000000008002ce4                _sbrk
 .text.SystemInit
                0x0000000008002d50      0x118 ./Core/Src/system_stm32h7xx.o
                0x0000000008002d50                SystemInit
 .text.Reset_Handler
                0x0000000008002e68       0x50 ./Core/Startup/startup_stm32h743zgtx.o
                0x0000000008002e68                Reset_Handler
 .text.Default_Handler
                0x0000000008002eb8        0x2 ./Core/Startup/startup_stm32h743zgtx.o
                0x0000000008002eb8                RTC_Alarm_IRQHandler
                0x0000000008002eb8                EXTI2_IRQHandler
                0x0000000008002eb8                TIM8_CC_IRQHandler
                0x0000000008002eb8                HRTIM1_Master_IRQHandler
                0x0000000008002eb8                UART8_IRQHandler
                0x0000000008002eb8                SPI4_IRQHandler
                0x0000000008002eb8                TIM1_CC_IRQHandler
                0x0000000008002eb8                BDMA_Channel6_IRQHandler
                0x0000000008002eb8                DMA2_Stream5_IRQHandler
                0x0000000008002eb8                HRTIM1_FLT_IRQHandler
                0x0000000008002eb8                JPEG_IRQHandler
                0x0000000008002eb8                DMA1_Stream5_IRQHandler
                0x0000000008002eb8                BDMA_Channel1_IRQHandler
                0x0000000008002eb8                HRTIM1_TIMD_IRQHandler
                0x0000000008002eb8                TAMP_STAMP_IRQHandler
                0x0000000008002eb8                EXTI3_IRQHandler
                0x0000000008002eb8                LPTIM4_IRQHandler
                0x0000000008002eb8                TIM8_TRG_COM_TIM14_IRQHandler
                0x0000000008002eb8                LPTIM2_IRQHandler
                0x0000000008002eb8                DFSDM1_FLT1_IRQHandler
                0x0000000008002eb8                DMAMUX2_OVR_IRQHandler
                0x0000000008002eb8                TIM8_UP_TIM13_IRQHandler
                0x0000000008002eb8                I2C3_ER_IRQHandler
                0x0000000008002eb8                DFSDM1_FLT2_IRQHandler
                0x0000000008002eb8                MDMA_IRQHandler
                0x0000000008002eb8                LPTIM3_IRQHandler
                0x0000000008002eb8                HSEM1_IRQHandler
                0x0000000008002eb8                EXTI0_IRQHandler
                0x0000000008002eb8                I2C2_EV_IRQHandler
                0x0000000008002eb8                DMA1_Stream2_IRQHandler
                0x0000000008002eb8                FPU_IRQHandler
                0x0000000008002eb8                OTG_HS_WKUP_IRQHandler
                0x0000000008002eb8                FDCAN1_IT1_IRQHandler
                0x0000000008002eb8                LTDC_ER_IRQHandler
                0x0000000008002eb8                DMA2_Stream2_IRQHandler
                0x0000000008002eb8                HRTIM1_TIME_IRQHandler
                0x0000000008002eb8                SPI1_IRQHandler
                0x0000000008002eb8                TIM6_DAC_IRQHandler
                0x0000000008002eb8                DCMI_IRQHandler
                0x0000000008002eb8                HRTIM1_TIMC_IRQHandler
                0x0000000008002eb8                DMA2_Stream3_IRQHandler
                0x0000000008002eb8                SAI2_IRQHandler
                0x0000000008002eb8                DFSDM1_FLT3_IRQHandler
                0x0000000008002eb8                USART6_IRQHandler
                0x0000000008002eb8                TIM17_IRQHandler
                0x0000000008002eb8                BDMA_Channel7_IRQHandler
                0x0000000008002eb8                LPTIM5_IRQHandler
                0x0000000008002eb8                UART5_IRQHandler
                0x0000000008002eb8                ADC3_IRQHandler
                0x0000000008002eb8                BDMA_Channel2_IRQHandler
                0x0000000008002eb8                QUADSPI_IRQHandler
                0x0000000008002eb8                I2C1_EV_IRQHandler
                0x0000000008002eb8                DMA1_Stream6_IRQHandler
                0x0000000008002eb8                DMAMUX1_OVR_IRQHandler
                0x0000000008002eb8                TIM16_IRQHandler
                0x0000000008002eb8                UART4_IRQHandler
                0x0000000008002eb8                BDMA_Channel5_IRQHandler
                0x0000000008002eb8                TIM3_IRQHandler
                0x0000000008002eb8                RCC_IRQHandler
                0x0000000008002eb8                TIM8_BRK_TIM12_IRQHandler
                0x0000000008002eb8                TIM1_TRG_COM_IRQHandler
                0x0000000008002eb8                Default_Handler
                0x0000000008002eb8                ECC_IRQHandler
                0x0000000008002eb8                CEC_IRQHandler
                0x0000000008002eb8                EXTI15_10_IRQHandler
                0x0000000008002eb8                BDMA_Channel0_IRQHandler
                0x0000000008002eb8                ADC_IRQHandler
                0x0000000008002eb8                DMA1_Stream7_IRQHandler
                0x0000000008002eb8                HRTIM1_TIMA_IRQHandler
                0x0000000008002eb8                SPI5_IRQHandler
                0x0000000008002eb8                TIM7_IRQHandler
                0x0000000008002eb8                SDMMC1_IRQHandler
                0x0000000008002eb8                TIM5_IRQHandler
                0x0000000008002eb8                DMA2_Stream7_IRQHandler
                0x0000000008002eb8                TIM15_IRQHandler
                0x0000000008002eb8                PVD_AVD_IRQHandler
                0x0000000008002eb8                I2C3_EV_IRQHandler
                0x0000000008002eb8                EXTI9_5_IRQHandler
                0x0000000008002eb8                RTC_WKUP_IRQHandler
                0x0000000008002eb8                LTDC_IRQHandler
                0x0000000008002eb8                SAI3_IRQHandler
                0x0000000008002eb8                ETH_WKUP_IRQHandler
                0x0000000008002eb8                SPDIF_RX_IRQHandler
                0x0000000008002eb8                SPI2_IRQHandler
                0x0000000008002eb8                OTG_HS_EP1_IN_IRQHandler
                0x0000000008002eb8                CRS_IRQHandler
                0x0000000008002eb8                EXTI4_IRQHandler
                0x0000000008002eb8                RNG_IRQHandler
                0x0000000008002eb8                HRTIM1_TIMB_IRQHandler
                0x0000000008002eb8                FDCAN2_IT1_IRQHandler
                0x0000000008002eb8                ETH_IRQHandler
                0x0000000008002eb8                TIM1_UP_IRQHandler
                0x0000000008002eb8                BDMA_Channel4_IRQHandler
                0x0000000008002eb8                OTG_HS_EP1_OUT_IRQHandler
                0x0000000008002eb8                WWDG_IRQHandler
                0x0000000008002eb8                SPI6_IRQHandler
                0x0000000008002eb8                MDIOS_IRQHandler
                0x0000000008002eb8                I2C4_EV_IRQHandler
                0x0000000008002eb8                FDCAN2_IT0_IRQHandler
                0x0000000008002eb8                LPUART1_IRQHandler
                0x0000000008002eb8                FDCAN1_IT0_IRQHandler
                0x0000000008002eb8                TIM2_IRQHandler
                0x0000000008002eb8                OTG_FS_WKUP_IRQHandler
                0x0000000008002eb8                OTG_HS_IRQHandler
                0x0000000008002eb8                DMA2D_IRQHandler
                0x0000000008002eb8                TIM1_BRK_IRQHandler
                0x0000000008002eb8                EXTI1_IRQHandler
                0x0000000008002eb8                SDMMC2_IRQHandler
                0x0000000008002eb8                OTG_FS_EP1_OUT_IRQHandler
                0x0000000008002eb8                BDMA_Channel3_IRQHandler
                0x0000000008002eb8                UART7_IRQHandler
                0x0000000008002eb8                MDIOS_WKUP_IRQHandler
                0x0000000008002eb8                DFSDM1_FLT0_IRQHandler
                0x0000000008002eb8                SAI4_IRQHandler
                0x0000000008002eb8                I2C2_ER_IRQHandler
                0x0000000008002eb8                FLASH_IRQHandler
                0x0000000008002eb8                DMA2_Stream4_IRQHandler
                0x0000000008002eb8                SPI3_IRQHandler
                0x0000000008002eb8                WAKEUP_PIN_IRQHandler
                0x0000000008002eb8                DMA1_Stream4_IRQHandler
                0x0000000008002eb8                OTG_FS_EP1_IN_IRQHandler
                0x0000000008002eb8                I2C1_ER_IRQHandler
                0x0000000008002eb8                FMC_IRQHandler
                0x0000000008002eb8                FDCAN_CAL_IRQHandler
                0x0000000008002eb8                SWPMI1_IRQHandler
                0x0000000008002eb8                COMP1_IRQHandler
                0x0000000008002eb8                LPTIM1_IRQHandler
                0x0000000008002eb8                I2C4_ER_IRQHandler
                0x0000000008002eb8                DMA2_Stream6_IRQHandler
                0x0000000008002eb8                SAI1_IRQHandler
                0x0000000008002eb8                DMA1_Stream3_IRQHandler
 *fill*         0x0000000008002eba        0x2 
 .text.HAL_Init
                0x0000000008002ebc       0x78 ./Drivers/STM32H7xx_HAL_Driver/Src/stm32h7xx_hal.o
                0x0000000008002ebc                HAL_Init
 .text.HAL_InitTick
                0x0000000008002f34       0x6c ./Drivers/STM32H7xx_HAL_Driver/Src/stm32h7xx_hal.o
                0x0000000008002f34                HAL_InitTick
 .text.HAL_IncTick
                0x0000000008002fa0       0x28 ./Drivers/STM32H7xx_HAL_Driver/Src/stm32h7xx_hal.o
                0x0000000008002fa0                HAL_IncTick
 .text.HAL_GetTick
                0x0000000008002fc8       0x18 ./Drivers/STM32H7xx_HAL_Driver/Src/stm32h7xx_hal.o
                0x0000000008002fc8                HAL_GetTick
 .text.HAL_Delay
                0x0000000008002fe0       0x48 ./Drivers/STM32H7xx_HAL_Driver/Src/stm32h7xx_hal.o
                0x0000000008002fe0                HAL_Delay
 .text.HAL_GetREVID
                0x0000000008003028       0x18 ./Drivers/STM32H7xx_HAL_Driver/Src/stm32h7xx_hal.o
                0x0000000008003028                HAL_GetREVID
 .text.HAL_GetDEVID
                0x0000000008003040       0x1c ./Drivers/STM32H7xx_HAL_Driver/Src/stm32h7xx_hal.o
                0x0000000008003040                HAL_GetDEVID
 .text.HAL_GetUIDw0
                0x000000000800305c       0x18 ./Drivers/STM32H7xx_HAL_Driver/Src/stm32h7xx_hal.o
                0x000000000800305c                HAL_GetUIDw0
 .text.HAL_GetUIDw1
                0x0000000008003074       0x18 ./Drivers/STM32H7xx_HAL_Driver/Src/stm32h7xx_hal.o
                0x0000000008003074                HAL_GetUIDw1
 .text.HAL_GetUIDw2
                0x000000000800308c       0x18 ./Drivers/STM32H7xx_HAL_Driver/Src/stm32h7xx_hal.o
                0x000000000800308c                HAL_GetUIDw2
 .text.HAL_SYSCFG_VREFBUF_HighImpedanceConfig
                0x00000000080030a4       0x28 ./Drivers/STM32H7xx_HAL_Driver/Src/stm32h7xx_hal.o
                0x00000000080030a4                HAL_SYSCFG_VREFBUF_HighImpedanceConfig
 .text.HAL_SYSCFG_DisableVREFBUF
                0x00000000080030cc       0x20 ./Drivers/STM32H7xx_HAL_Driver/Src/stm32h7xx_hal.o
                0x00000000080030cc                HAL_SYSCFG_DisableVREFBUF
 .text.LL_ADC_SetCommonClock
                0x00000000080030ec       0x26 ./Drivers/STM32H7xx_HAL_Driver/Src/stm32h7xx_hal_adc.o
 .text.LL_ADC_SetCommonPathInternalCh
                0x0000000008003112       0x26 ./Drivers/STM32H7xx_HAL_Driver/Src/stm32h7xx_hal_adc.o
 .text.LL_ADC_GetCommonPathInternalCh
                0x0000000008003138       0x1c ./Drivers/STM32H7xx_HAL_Driver/Src/stm32h7xx_hal_adc.o
 .text.LL_ADC_SetOffset
                0x0000000008003154       0x40 ./Drivers/STM32H7xx_HAL_Driver/Src/stm32h7xx_hal_adc.o
 .text.LL_ADC_SetDataRightShift
                0x0000000008003194       0x32 ./Drivers/STM32H7xx_HAL_Driver/Src/stm32h7xx_hal_adc.o
 .text.LL_ADC_SetOffsetSignedSaturation
                0x00000000080031c6       0x36 ./Drivers/STM32H7xx_HAL_Driver/Src/stm32h7xx_hal_adc.o
 .text.LL_ADC_REG_IsTriggerSourceSWStart
                0x00000000080031fc       0x26 ./Drivers/STM32H7xx_HAL_Driver/Src/stm32h7xx_hal_adc.o
 .text.LL_ADC_REG_SetSequencerRanks
                0x0000000008003222       0x58 ./Drivers/STM32H7xx_HAL_Driver/Src/stm32h7xx_hal_adc.o
 .text.LL_ADC_REG_SetDataTransferMode
                0x000000000800327a       0x26 ./Drivers/STM32H7xx_HAL_Driver/Src/stm32h7xx_hal_adc.o
 .text.LL_ADC_SetChannelSamplingTime
                0x00000000080032a0       0x56 ./Drivers/STM32H7xx_HAL_Driver/Src/stm32h7xx_hal_adc.o
 *fill*         0x00000000080032f6        0x2 
 .text.LL_ADC_SetChannelSingleDiff
                0x00000000080032f8       0x48 ./Drivers/STM32H7xx_HAL_Driver/Src/stm32h7xx_hal_adc.o
 .text.LL_ADC_GetMultimode
                0x0000000008003340       0x1c ./Drivers/STM32H7xx_HAL_Driver/Src/stm32h7xx_hal_adc.o
 .text.LL_ADC_DisableDeepPowerDown
                0x000000000800335c       0x24 ./Drivers/STM32H7xx_HAL_Driver/Src/stm32h7xx_hal_adc.o
 .text.LL_ADC_IsDeepPowerDownEnabled
                0x0000000008003380       0x28 ./Drivers/STM32H7xx_HAL_Driver/Src/stm32h7xx_hal_adc.o
 .text.LL_ADC_EnableInternalRegulator
                0x00000000080033a8       0x28 ./Drivers/STM32H7xx_HAL_Driver/Src/stm32h7xx_hal_adc.o
 .text.LL_ADC_IsInternalRegulatorEnabled
                0x00000000080033d0       0x28 ./Drivers/STM32H7xx_HAL_Driver/Src/stm32h7xx_hal_adc.o
 .text.LL_ADC_Enable
                0x00000000080033f8       0x28 ./Drivers/STM32H7xx_HAL_Driver/Src/stm32h7xx_hal_adc.o
 .text.LL_ADC_Disable
                0x0000000008003420       0x28 ./Drivers/STM32H7xx_HAL_Driver/Src/stm32h7xx_hal_adc.o
 .text.LL_ADC_IsEnabled
                0x0000000008003448       0x26 ./Drivers/STM32H7xx_HAL_Driver/Src/stm32h7xx_hal_adc.o
 .text.LL_ADC_IsDisableOngoing
                0x000000000800346e       0x26 ./Drivers/STM32H7xx_HAL_Driver/Src/stm32h7xx_hal_adc.o
 .text.LL_ADC_REG_StartConversion
                0x0000000008003494       0x28 ./Drivers/STM32H7xx_HAL_Driver/Src/stm32h7xx_hal_adc.o
 .text.LL_ADC_REG_IsConversionOngoing
                0x00000000080034bc       0x26 ./Drivers/STM32H7xx_HAL_Driver/Src/stm32h7xx_hal_adc.o
 .text.LL_ADC_INJ_IsConversionOngoing
                0x00000000080034e2       0x26 ./Drivers/STM32H7xx_HAL_Driver/Src/stm32h7xx_hal_adc.o
 .text.HAL_ADC_Init
                0x0000000008003508      0x340 ./Drivers/STM32H7xx_HAL_Driver/Src/stm32h7xx_hal_adc.o
                0x0000000008003508                HAL_ADC_Init
 .text.HAL_ADC_Start_DMA
                0x0000000008003848      0x188 ./Drivers/STM32H7xx_HAL_Driver/Src/stm32h7xx_hal_adc.o
                0x0000000008003848                HAL_ADC_Start_DMA
 .text.HAL_ADC_ConvHalfCpltCallback
                0x00000000080039d0       0x14 ./Drivers/STM32H7xx_HAL_Driver/Src/stm32h7xx_hal_adc.o
                0x00000000080039d0                HAL_ADC_ConvHalfCpltCallback
 .text.HAL_ADC_ErrorCallback
                0x00000000080039e4       0x14 ./Drivers/STM32H7xx_HAL_Driver/Src/stm32h7xx_hal_adc.o
                0x00000000080039e4                HAL_ADC_ErrorCallback
 .text.HAL_ADC_ConfigChannel
                0x00000000080039f8      0x6a0 ./Drivers/STM32H7xx_HAL_Driver/Src/stm32h7xx_hal_adc.o
                0x00000000080039f8                HAL_ADC_ConfigChannel
 .text.ADC_Enable
                0x0000000008004098      0x114 ./Drivers/STM32H7xx_HAL_Driver/Src/stm32h7xx_hal_adc.o
                0x0000000008004098                ADC_Enable
 .text.ADC_Disable
                0x00000000080041ac       0xbe ./Drivers/STM32H7xx_HAL_Driver/Src/stm32h7xx_hal_adc.o
                0x00000000080041ac                ADC_Disable
 .text.ADC_DMAConvCplt
                0x000000000800426a       0xd8 ./Drivers/STM32H7xx_HAL_Driver/Src/stm32h7xx_hal_adc.o
                0x000000000800426a                ADC_DMAConvCplt
 .text.ADC_DMAHalfConvCplt
                0x0000000008004342       0x1c ./Drivers/STM32H7xx_HAL_Driver/Src/stm32h7xx_hal_adc.o
                0x0000000008004342                ADC_DMAHalfConvCplt
 .text.ADC_DMAError
                0x000000000800435e       0x34 ./Drivers/STM32H7xx_HAL_Driver/Src/stm32h7xx_hal_adc.o
                0x000000000800435e                ADC_DMAError
 *fill*         0x0000000008004392        0x2 
 .text.ADC_ConfigureBoostMode
                0x0000000008004394      0x214 ./Drivers/STM32H7xx_HAL_Driver/Src/stm32h7xx_hal_adc.o
                0x0000000008004394                ADC_ConfigureBoostMode
 .text.LL_ADC_IsEnabled
                0x00000000080045a8       0x26 ./Drivers/STM32H7xx_HAL_Driver/Src/stm32h7xx_hal_adc_ex.o
 *fill*         0x00000000080045ce        0x2 
 .text.LL_ADC_StartCalibration
                0x00000000080045d0       0x3c ./Drivers/STM32H7xx_HAL_Driver/Src/stm32h7xx_hal_adc_ex.o
 .text.LL_ADC_IsCalibrationOnGoing
                0x000000000800460c       0x28 ./Drivers/STM32H7xx_HAL_Driver/Src/stm32h7xx_hal_adc_ex.o
 .text.LL_ADC_REG_IsConversionOngoing
                0x0000000008004634       0x26 ./Drivers/STM32H7xx_HAL_Driver/Src/stm32h7xx_hal_adc_ex.o
 *fill*         0x000000000800465a        0x2 
 .text.HAL_ADCEx_Calibration_Start
                0x000000000800465c       0xc8 ./Drivers/STM32H7xx_HAL_Driver/Src/stm32h7xx_hal_adc_ex.o
                0x000000000800465c                HAL_ADCEx_Calibration_Start
 .text.HAL_ADCEx_MultiModeConfigChannel
                0x0000000008004724      0x1bc ./Drivers/STM32H7xx_HAL_Driver/Src/stm32h7xx_hal_adc_ex.o
                0x0000000008004724                HAL_ADCEx_MultiModeConfigChannel
 .text.__NVIC_SetPriorityGrouping
                0x00000000080048e0       0x48 ./Drivers/STM32H7xx_HAL_Driver/Src/stm32h7xx_hal_cortex.o
 .text.__NVIC_GetPriorityGrouping
                0x0000000008004928       0x1c ./Drivers/STM32H7xx_HAL_Driver/Src/stm32h7xx_hal_cortex.o
 .text.__NVIC_EnableIRQ
                0x0000000008004944       0x3c ./Drivers/STM32H7xx_HAL_Driver/Src/stm32h7xx_hal_cortex.o
 .text.__NVIC_SetPriority
                0x0000000008004980       0x54 ./Drivers/STM32H7xx_HAL_Driver/Src/stm32h7xx_hal_cortex.o
 .text.NVIC_EncodePriority
                0x00000000080049d4       0x66 ./Drivers/STM32H7xx_HAL_Driver/Src/stm32h7xx_hal_cortex.o
 *fill*         0x0000000008004a3a        0x2 
 .text.SysTick_Config
                0x0000000008004a3c       0x44 ./Drivers/STM32H7xx_HAL_Driver/Src/stm32h7xx_hal_cortex.o
 .text.HAL_NVIC_SetPriorityGrouping
                0x0000000008004a80       0x16 ./Drivers/STM32H7xx_HAL_Driver/Src/stm32h7xx_hal_cortex.o
                0x0000000008004a80                HAL_NVIC_SetPriorityGrouping
 .text.HAL_NVIC_SetPriority
                0x0000000008004a96       0x34 ./Drivers/STM32H7xx_HAL_Driver/Src/stm32h7xx_hal_cortex.o
                0x0000000008004a96                HAL_NVIC_SetPriority
 .text.HAL_NVIC_EnableIRQ
                0x0000000008004aca       0x1c ./Drivers/STM32H7xx_HAL_Driver/Src/stm32h7xx_hal_cortex.o
                0x0000000008004aca                HAL_NVIC_EnableIRQ
 .text.HAL_SYSTICK_Config
                0x0000000008004ae6       0x18 ./Drivers/STM32H7xx_HAL_Driver/Src/stm32h7xx_hal_cortex.o
                0x0000000008004ae6                HAL_SYSTICK_Config
 *fill*         0x0000000008004afe        0x2 
 .text.HAL_DMA_Init
                0x0000000008004b00      0x6b8 ./Drivers/STM32H7xx_HAL_Driver/Src/stm32h7xx_hal_dma.o
                0x0000000008004b00                HAL_DMA_Init
 .text.HAL_DMA_Start_IT
                0x00000000080051b8      0x4d4 ./Drivers/STM32H7xx_HAL_Driver/Src/stm32h7xx_hal_dma.o
                0x00000000080051b8                HAL_DMA_Start_IT
 .text.HAL_DMA_Abort
                0x000000000800568c      0x63c ./Drivers/STM32H7xx_HAL_Driver/Src/stm32h7xx_hal_dma.o
                0x000000000800568c                HAL_DMA_Abort
 .text.HAL_DMA_Abort_IT
                0x0000000008005cc8      0x488 ./Drivers/STM32H7xx_HAL_Driver/Src/stm32h7xx_hal_dma.o
                0x0000000008005cc8                HAL_DMA_Abort_IT
 .text.HAL_DMA_IRQHandler
                0x0000000008006150      0xe54 ./Drivers/STM32H7xx_HAL_Driver/Src/stm32h7xx_hal_dma.o
                0x0000000008006150                HAL_DMA_IRQHandler
 .text.DMA_SetConfig
                0x0000000008006fa4      0x358 ./Drivers/STM32H7xx_HAL_Driver/Src/stm32h7xx_hal_dma.o
 .text.DMA_CalcBaseAndBitshift
                0x00000000080072fc      0x164 ./Drivers/STM32H7xx_HAL_Driver/Src/stm32h7xx_hal_dma.o
 .text.DMA_CheckFifoParam
                0x0000000008007460       0xf8 ./Drivers/STM32H7xx_HAL_Driver/Src/stm32h7xx_hal_dma.o
 .text.DMA_CalcDMAMUXChannelBaseAndMask
                0x0000000008007558      0x134 ./Drivers/STM32H7xx_HAL_Driver/Src/stm32h7xx_hal_dma.o
 .text.DMA_CalcDMAMUXRequestGenBaseAndMask
                0x000000000800768c       0xe8 ./Drivers/STM32H7xx_HAL_Driver/Src/stm32h7xx_hal_dma.o
 .text.HAL_GPIO_Init
                0x0000000008007774      0x360 ./Drivers/STM32H7xx_HAL_Driver/Src/stm32h7xx_hal_gpio.o
                0x0000000008007774                HAL_GPIO_Init
 .text.HAL_GPIO_WritePin
                0x0000000008007ad4       0x32 ./Drivers/STM32H7xx_HAL_Driver/Src/stm32h7xx_hal_gpio.o
                0x0000000008007ad4                HAL_GPIO_WritePin
 .text.HAL_PCD_Init
                0x0000000008007b06      0x248 ./Drivers/STM32H7xx_HAL_Driver/Src/stm32h7xx_hal_pcd.o
                0x0000000008007b06                HAL_PCD_Init
 .text.HAL_PCD_Start
                0x0000000008007d4e       0x66 ./Drivers/STM32H7xx_HAL_Driver/Src/stm32h7xx_hal_pcd.o
                0x0000000008007d4e                HAL_PCD_Start
 .text.HAL_PCD_IRQHandler
                0x0000000008007db4      0x7a6 ./Drivers/STM32H7xx_HAL_Driver/Src/stm32h7xx_hal_pcd.o
                0x0000000008007db4                HAL_PCD_IRQHandler
 .text.HAL_PCD_SetAddress
                0x000000000800855a       0x4a ./Drivers/STM32H7xx_HAL_Driver/Src/stm32h7xx_hal_pcd.o
                0x000000000800855a                HAL_PCD_SetAddress
 .text.HAL_PCD_EP_Open
                0x00000000080085a4       0xd0 ./Drivers/STM32H7xx_HAL_Driver/Src/stm32h7xx_hal_pcd.o
                0x00000000080085a4                HAL_PCD_EP_Open
 .text.HAL_PCD_EP_Close
                0x0000000008008674       0x94 ./Drivers/STM32H7xx_HAL_Driver/Src/stm32h7xx_hal_pcd.o
                0x0000000008008674                HAL_PCD_EP_Close
 .text.HAL_PCD_EP_Receive
                0x0000000008008708       0x96 ./Drivers/STM32H7xx_HAL_Driver/Src/stm32h7xx_hal_pcd.o
                0x0000000008008708                HAL_PCD_EP_Receive
 .text.HAL_PCD_EP_GetRxCount
                0x000000000800879e       0x30 ./Drivers/STM32H7xx_HAL_Driver/Src/stm32h7xx_hal_pcd.o
                0x000000000800879e                HAL_PCD_EP_GetRxCount
 .text.HAL_PCD_EP_Transmit
                0x00000000080087ce       0x94 ./Drivers/STM32H7xx_HAL_Driver/Src/stm32h7xx_hal_pcd.o
                0x00000000080087ce                HAL_PCD_EP_Transmit
 .text.HAL_PCD_EP_SetStall
                0x0000000008008862       0xc8 ./Drivers/STM32H7xx_HAL_Driver/Src/stm32h7xx_hal_pcd.o
                0x0000000008008862                HAL_PCD_EP_SetStall
 .text.HAL_PCD_EP_ClrStall
                0x000000000800892a       0xac ./Drivers/STM32H7xx_HAL_Driver/Src/stm32h7xx_hal_pcd.o
                0x000000000800892a                HAL_PCD_EP_ClrStall
 .text.PCD_WriteEmptyTxFifo
                0x00000000080089d6      0x11a ./Drivers/STM32H7xx_HAL_Driver/Src/stm32h7xx_hal_pcd.o
 .text.PCD_EP_OutXfrComplete_int
                0x0000000008008af0      0x218 ./Drivers/STM32H7xx_HAL_Driver/Src/stm32h7xx_hal_pcd.o
 .text.PCD_EP_OutSetupPacket_int
                0x0000000008008d08       0x8c ./Drivers/STM32H7xx_HAL_Driver/Src/stm32h7xx_hal_pcd.o
 .text.HAL_PCDEx_SetTxFiFo
                0x0000000008008d94       0x8e ./Drivers/STM32H7xx_HAL_Driver/Src/stm32h7xx_hal_pcd_ex.o
                0x0000000008008d94                HAL_PCDEx_SetTxFiFo
 .text.HAL_PCDEx_SetRxFiFo
                0x0000000008008e22       0x22 ./Drivers/STM32H7xx_HAL_Driver/Src/stm32h7xx_hal_pcd_ex.o
                0x0000000008008e22                HAL_PCDEx_SetRxFiFo
 .text.HAL_PCDEx_ActivateLPM
                0x0000000008008e44       0x48 ./Drivers/STM32H7xx_HAL_Driver/Src/stm32h7xx_hal_pcd_ex.o
                0x0000000008008e44                HAL_PCDEx_ActivateLPM
 .text.HAL_PCDEx_LPM_Callback
                0x0000000008008e8c       0x18 ./Drivers/STM32H7xx_HAL_Driver/Src/stm32h7xx_hal_pcd_ex.o
                0x0000000008008e8c                HAL_PCDEx_LPM_Callback
 .text.HAL_PWREx_ConfigSupply
                0x0000000008008ea4       0x74 ./Drivers/STM32H7xx_HAL_Driver/Src/stm32h7xx_hal_pwr_ex.o
                0x0000000008008ea4                HAL_PWREx_ConfigSupply
 .text.HAL_PWREx_EnableUSBVoltageDetector
                0x0000000008008f18       0x20 ./Drivers/STM32H7xx_HAL_Driver/Src/stm32h7xx_hal_pwr_ex.o
                0x0000000008008f18                HAL_PWREx_EnableUSBVoltageDetector
 .text.HAL_RCC_OscConfig
                0x0000000008008f38      0x858 ./Drivers/STM32H7xx_HAL_Driver/Src/stm32h7xx_hal_rcc.o
                0x0000000008008f38                HAL_RCC_OscConfig
 .text.HAL_RCC_ClockConfig
                0x0000000008009790      0x36c ./Drivers/STM32H7xx_HAL_Driver/Src/stm32h7xx_hal_rcc.o
                0x0000000008009790                HAL_RCC_ClockConfig
 .text.HAL_RCC_GetSysClockFreq
                0x0000000008009afc      0x2f4 ./Drivers/STM32H7xx_HAL_Driver/Src/stm32h7xx_hal_rcc.o
                0x0000000008009afc                HAL_RCC_GetSysClockFreq
 .text.HAL_RCC_GetHCLKFreq
                0x0000000008009df0       0x60 ./Drivers/STM32H7xx_HAL_Driver/Src/stm32h7xx_hal_rcc.o
                0x0000000008009df0                HAL_RCC_GetHCLKFreq
 .text.HAL_RCC_GetPCLK1Freq
                0x0000000008009e50       0x2c ./Drivers/STM32H7xx_HAL_Driver/Src/stm32h7xx_hal_rcc.o
                0x0000000008009e50                HAL_RCC_GetPCLK1Freq
 .text.HAL_RCC_GetPCLK2Freq
                0x0000000008009e7c       0x2c ./Drivers/STM32H7xx_HAL_Driver/Src/stm32h7xx_hal_rcc.o
                0x0000000008009e7c                HAL_RCC_GetPCLK2Freq
 .text.HAL_RCCEx_PeriphCLKConfig
                0x0000000008009ea8      0xe80 ./Drivers/STM32H7xx_HAL_Driver/Src/stm32h7xx_hal_rcc_ex.o
                0x0000000008009ea8                HAL_RCCEx_PeriphCLKConfig
 .text.HAL_RCCEx_GetPeriphCLKFreq
                0x000000000800ad28      0x9a4 ./Drivers/STM32H7xx_HAL_Driver/Src/stm32h7xx_hal_rcc_ex.o
                0x000000000800ad28                HAL_RCCEx_GetPeriphCLKFreq
 .text.HAL_RCCEx_GetD3PCLK1Freq
                0x000000000800b6cc       0x2c ./Drivers/STM32H7xx_HAL_Driver/Src/stm32h7xx_hal_rcc_ex.o
                0x000000000800b6cc                HAL_RCCEx_GetD3PCLK1Freq
 .text.HAL_RCCEx_GetPLL2ClockFreq
                0x000000000800b6f8      0x2a8 ./Drivers/STM32H7xx_HAL_Driver/Src/stm32h7xx_hal_rcc_ex.o
                0x000000000800b6f8                HAL_RCCEx_GetPLL2ClockFreq
 .text.HAL_RCCEx_GetPLL3ClockFreq
                0x000000000800b9a0      0x2a8 ./Drivers/STM32H7xx_HAL_Driver/Src/stm32h7xx_hal_rcc_ex.o
                0x000000000800b9a0                HAL_RCCEx_GetPLL3ClockFreq
 .text.HAL_RCCEx_GetPLL1ClockFreq
                0x000000000800bc48      0x2a4 ./Drivers/STM32H7xx_HAL_Driver/Src/stm32h7xx_hal_rcc_ex.o
                0x000000000800bc48                HAL_RCCEx_GetPLL1ClockFreq
 .text.HAL_RCCEx_CRSConfig
                0x000000000800beec       0xac ./Drivers/STM32H7xx_HAL_Driver/Src/stm32h7xx_hal_rcc_ex.o
                0x000000000800beec                HAL_RCCEx_CRSConfig
 .text.RCCEx_PLL2_Config
                0x000000000800bf98      0x164 ./Drivers/STM32H7xx_HAL_Driver/Src/stm32h7xx_hal_rcc_ex.o
 .text.RCCEx_PLL3_Config
                0x000000000800c0fc      0x164 ./Drivers/STM32H7xx_HAL_Driver/Src/stm32h7xx_hal_rcc_ex.o
 .text.HAL_TIM_Base_Init
                0x000000000800c260       0xae ./Drivers/STM32H7xx_HAL_Driver/Src/stm32h7xx_hal_tim.o
                0x000000000800c260                HAL_TIM_Base_Init
 *fill*         0x000000000800c30e        0x2 
 .text.HAL_TIM_Base_Start_IT
                0x000000000800c310       0xf0 ./Drivers/STM32H7xx_HAL_Driver/Src/stm32h7xx_hal_tim.o
                0x000000000800c310                HAL_TIM_Base_Start_IT
 .text.HAL_TIM_OC_Init
                0x000000000800c400       0xae ./Drivers/STM32H7xx_HAL_Driver/Src/stm32h7xx_hal_tim.o
                0x000000000800c400                HAL_TIM_OC_Init
 .text.HAL_TIM_OC_MspInit
                0x000000000800c4ae       0x14 ./Drivers/STM32H7xx_HAL_Driver/Src/stm32h7xx_hal_tim.o
                0x000000000800c4ae                HAL_TIM_OC_MspInit
 *fill*         0x000000000800c4c2        0x2 
 .text.HAL_TIM_OC_Start
                0x000000000800c4c4      0x21c ./Drivers/STM32H7xx_HAL_Driver/Src/stm32h7xx_hal_tim.o
                0x000000000800c4c4                HAL_TIM_OC_Start
 .text.HAL_TIM_IRQHandler
                0x000000000800c6e0      0x23e ./Drivers/STM32H7xx_HAL_Driver/Src/stm32h7xx_hal_tim.o
                0x000000000800c6e0                HAL_TIM_IRQHandler
 *fill*         0x000000000800c91e        0x2 
 .text.HAL_TIM_OC_ConfigChannel
                0x000000000800c920       0xf4 ./Drivers/STM32H7xx_HAL_Driver/Src/stm32h7xx_hal_tim.o
                0x000000000800c920                HAL_TIM_OC_ConfigChannel
 .text.HAL_TIM_ConfigClockSource
                0x000000000800ca14      0x1f0 ./Drivers/STM32H7xx_HAL_Driver/Src/stm32h7xx_hal_tim.o
                0x000000000800ca14                HAL_TIM_ConfigClockSource
 .text.HAL_TIM_OC_DelayElapsedCallback
                0x000000000800cc04       0x14 ./Drivers/STM32H7xx_HAL_Driver/Src/stm32h7xx_hal_tim.o
                0x000000000800cc04                HAL_TIM_OC_DelayElapsedCallback
 .text.HAL_TIM_IC_CaptureCallback
                0x000000000800cc18       0x14 ./Drivers/STM32H7xx_HAL_Driver/Src/stm32h7xx_hal_tim.o
                0x000000000800cc18                HAL_TIM_IC_CaptureCallback
 .text.HAL_TIM_PWM_PulseFinishedCallback
                0x000000000800cc2c       0x14 ./Drivers/STM32H7xx_HAL_Driver/Src/stm32h7xx_hal_tim.o
                0x000000000800cc2c                HAL_TIM_PWM_PulseFinishedCallback
 .text.HAL_TIM_TriggerCallback
                0x000000000800cc40       0x14 ./Drivers/STM32H7xx_HAL_Driver/Src/stm32h7xx_hal_tim.o
                0x000000000800cc40                HAL_TIM_TriggerCallback
 .text.TIM_Base_SetConfig
                0x000000000800cc54      0x134 ./Drivers/STM32H7xx_HAL_Driver/Src/stm32h7xx_hal_tim.o
                0x000000000800cc54                TIM_Base_SetConfig
 .text.TIM_OC1_SetConfig
                0x000000000800cd88      0x120 ./Drivers/STM32H7xx_HAL_Driver/Src/stm32h7xx_hal_tim.o
 .text.TIM_OC2_SetConfig
                0x000000000800cea8      0x114 ./Drivers/STM32H7xx_HAL_Driver/Src/stm32h7xx_hal_tim.o
                0x000000000800cea8                TIM_OC2_SetConfig
 .text.TIM_OC3_SetConfig
                0x000000000800cfbc      0x110 ./Drivers/STM32H7xx_HAL_Driver/Src/stm32h7xx_hal_tim.o
 .text.TIM_OC4_SetConfig
                0x000000000800d0cc       0xd4 ./Drivers/STM32H7xx_HAL_Driver/Src/stm32h7xx_hal_tim.o
 .text.TIM_OC5_SetConfig
                0x000000000800d1a0       0xc8 ./Drivers/STM32H7xx_HAL_Driver/Src/stm32h7xx_hal_tim.o
 .text.TIM_OC6_SetConfig
                0x000000000800d268       0xcc ./Drivers/STM32H7xx_HAL_Driver/Src/stm32h7xx_hal_tim.o
 .text.TIM_TI1_ConfigInputStage
                0x000000000800d334       0x5e ./Drivers/STM32H7xx_HAL_Driver/Src/stm32h7xx_hal_tim.o
 .text.TIM_TI2_ConfigInputStage
                0x000000000800d392       0x60 ./Drivers/STM32H7xx_HAL_Driver/Src/stm32h7xx_hal_tim.o
 *fill*         0x000000000800d3f2        0x2 
 .text.TIM_ITRx_SetConfig
                0x000000000800d3f4       0x3c ./Drivers/STM32H7xx_HAL_Driver/Src/stm32h7xx_hal_tim.o
 .text.TIM_ETR_SetConfig
                0x000000000800d430       0x40 ./Drivers/STM32H7xx_HAL_Driver/Src/stm32h7xx_hal_tim.o
                0x000000000800d430                TIM_ETR_SetConfig
 .text.TIM_CCxChannelCmd
                0x000000000800d470       0x4a ./Drivers/STM32H7xx_HAL_Driver/Src/stm32h7xx_hal_tim.o
                0x000000000800d470                TIM_CCxChannelCmd
 *fill*         0x000000000800d4ba        0x2 
 .text.HAL_TIMEx_MasterConfigSynchronization
                0x000000000800d4bc      0x11c ./Drivers/STM32H7xx_HAL_Driver/Src/stm32h7xx_hal_tim_ex.o
                0x000000000800d4bc                HAL_TIMEx_MasterConfigSynchronization
 .text.HAL_TIMEx_CommutCallback
                0x000000000800d5d8       0x14 ./Drivers/STM32H7xx_HAL_Driver/Src/stm32h7xx_hal_tim_ex.o
                0x000000000800d5d8                HAL_TIMEx_CommutCallback
 .text.HAL_TIMEx_BreakCallback
                0x000000000800d5ec       0x14 ./Drivers/STM32H7xx_HAL_Driver/Src/stm32h7xx_hal_tim_ex.o
                0x000000000800d5ec                HAL_TIMEx_BreakCallback
 .text.HAL_TIMEx_Break2Callback
                0x000000000800d600       0x14 ./Drivers/STM32H7xx_HAL_Driver/Src/stm32h7xx_hal_tim_ex.o
                0x000000000800d600                HAL_TIMEx_Break2Callback
 .text.HAL_UART_Init
                0x000000000800d614       0xa0 ./Drivers/STM32H7xx_HAL_Driver/Src/stm32h7xx_hal_uart.o
                0x000000000800d614                HAL_UART_Init
 .text.HAL_UART_Transmit
                0x000000000800d6b4      0x12c ./Drivers/STM32H7xx_HAL_Driver/Src/stm32h7xx_hal_uart.o
                0x000000000800d6b4                HAL_UART_Transmit
 .text.HAL_UART_Receive_DMA
                0x000000000800d7e0       0xac ./Drivers/STM32H7xx_HAL_Driver/Src/stm32h7xx_hal_uart.o
                0x000000000800d7e0                HAL_UART_Receive_DMA
 .text.HAL_UART_IRQHandler
                0x000000000800d88c      0x73c ./Drivers/STM32H7xx_HAL_Driver/Src/stm32h7xx_hal_uart.o
                0x000000000800d88c                HAL_UART_IRQHandler
 .text.HAL_UART_TxCpltCallback
                0x000000000800dfc8       0x14 ./Drivers/STM32H7xx_HAL_Driver/Src/stm32h7xx_hal_uart.o
                0x000000000800dfc8                HAL_UART_TxCpltCallback
 .text.HAL_UART_RxCpltCallback
                0x000000000800dfdc       0x14 ./Drivers/STM32H7xx_HAL_Driver/Src/stm32h7xx_hal_uart.o
                0x000000000800dfdc                HAL_UART_RxCpltCallback
 .text.HAL_UART_RxHalfCpltCallback
                0x000000000800dff0       0x14 ./Drivers/STM32H7xx_HAL_Driver/Src/stm32h7xx_hal_uart.o
                0x000000000800dff0                HAL_UART_RxHalfCpltCallback
 .text.HAL_UART_ErrorCallback
                0x000000000800e004       0x14 ./Drivers/STM32H7xx_HAL_Driver/Src/stm32h7xx_hal_uart.o
                0x000000000800e004                HAL_UART_ErrorCallback
 .text.HAL_UARTEx_RxEventCallback
                0x000000000800e018       0x18 ./Drivers/STM32H7xx_HAL_Driver/Src/stm32h7xx_hal_uart.o
                0x000000000800e018                HAL_UARTEx_RxEventCallback
 .text.UART_SetConfig
                0x000000000800e030      0xac0 ./Drivers/STM32H7xx_HAL_Driver/Src/stm32h7xx_hal_uart.o
                0x000000000800e030                UART_SetConfig
 .text.UART_AdvFeatureConfig
                0x000000000800eaf0      0x144 ./Drivers/STM32H7xx_HAL_Driver/Src/stm32h7xx_hal_uart.o
                0x000000000800eaf0                UART_AdvFeatureConfig
 .text.UART_CheckIdleState
                0x000000000800ec34       0x96 ./Drivers/STM32H7xx_HAL_Driver/Src/stm32h7xx_hal_uart.o
                0x000000000800ec34                UART_CheckIdleState
 .text.UART_WaitOnFlagUntilTimeout
                0x000000000800ecca      0x190 ./Drivers/STM32H7xx_HAL_Driver/Src/stm32h7xx_hal_uart.o
                0x000000000800ecca                UART_WaitOnFlagUntilTimeout
 *fill*         0x000000000800ee5a        0x2 
 .text.UART_Start_Receive_DMA
                0x000000000800ee5c      0x150 ./Drivers/STM32H7xx_HAL_Driver/Src/stm32h7xx_hal_uart.o
                0x000000000800ee5c                UART_Start_Receive_DMA
 .text.UART_EndTxTransfer
                0x000000000800efac       0x82 ./Drivers/STM32H7xx_HAL_Driver/Src/stm32h7xx_hal_uart.o
 *fill*         0x000000000800f02e        0x2 
 .text.UART_EndRxTransfer
                0x000000000800f030       0xcc ./Drivers/STM32H7xx_HAL_Driver/Src/stm32h7xx_hal_uart.o
 .text.UART_DMAReceiveCplt
                0x000000000800f0fc      0x122 ./Drivers/STM32H7xx_HAL_Driver/Src/stm32h7xx_hal_uart.o
 .text.UART_DMARxHalfCplt
                0x000000000800f21e       0x38 ./Drivers/STM32H7xx_HAL_Driver/Src/stm32h7xx_hal_uart.o
 .text.UART_DMAError
                0x000000000800f256       0x80 ./Drivers/STM32H7xx_HAL_Driver/Src/stm32h7xx_hal_uart.o
 .text.UART_DMAAbortOnError
                0x000000000800f2d6       0x2c ./Drivers/STM32H7xx_HAL_Driver/Src/stm32h7xx_hal_uart.o
 .text.UART_EndTransmit_IT
                0x000000000800f302       0x56 ./Drivers/STM32H7xx_HAL_Driver/Src/stm32h7xx_hal_uart.o
 .text.HAL_UARTEx_WakeupCallback
                0x000000000800f358       0x14 ./Drivers/STM32H7xx_HAL_Driver/Src/stm32h7xx_hal_uart_ex.o
                0x000000000800f358                HAL_UARTEx_WakeupCallback
 .text.HAL_UARTEx_RxFifoFullCallback
                0x000000000800f36c       0x14 ./Drivers/STM32H7xx_HAL_Driver/Src/stm32h7xx_hal_uart_ex.o
                0x000000000800f36c                HAL_UARTEx_RxFifoFullCallback
 .text.HAL_UARTEx_TxFifoEmptyCallback
                0x000000000800f380       0x14 ./Drivers/STM32H7xx_HAL_Driver/Src/stm32h7xx_hal_uart_ex.o
                0x000000000800f380                HAL_UARTEx_TxFifoEmptyCallback
 .text.HAL_UARTEx_EnableFifoMode
                0x000000000800f394       0x76 ./Drivers/STM32H7xx_HAL_Driver/Src/stm32h7xx_hal_uart_ex.o
                0x000000000800f394                HAL_UARTEx_EnableFifoMode
 .text.HAL_UARTEx_SetTxFifoThreshold
                0x000000000800f40a       0x7c ./Drivers/STM32H7xx_HAL_Driver/Src/stm32h7xx_hal_uart_ex.o
                0x000000000800f40a                HAL_UARTEx_SetTxFifoThreshold
 .text.HAL_UARTEx_SetRxFifoThreshold
                0x000000000800f486       0x7c ./Drivers/STM32H7xx_HAL_Driver/Src/stm32h7xx_hal_uart_ex.o
                0x000000000800f486                HAL_UARTEx_SetRxFifoThreshold
 *fill*         0x000000000800f502        0x2 
 .text.UARTEx_SetNbDataToProcess
                0x000000000800f504       0x9c ./Drivers/STM32H7xx_HAL_Driver/Src/stm32h7xx_hal_uart_ex.o
 .text.USB_CoreInit
                0x000000000800f5a0       0xdc ./Drivers/STM32H7xx_HAL_Driver/Src/stm32h7xx_ll_usb.o
                0x000000000800f5a0                USB_CoreInit
 .text.USB_SetTurnaroundTime
                0x000000000800f67c      0x144 ./Drivers/STM32H7xx_HAL_Driver/Src/stm32h7xx_ll_usb.o
                0x000000000800f67c                USB_SetTurnaroundTime
 .text.USB_EnableGlobalInt
                0x000000000800f7c0       0x22 ./Drivers/STM32H7xx_HAL_Driver/Src/stm32h7xx_ll_usb.o
                0x000000000800f7c0                USB_EnableGlobalInt
 .text.USB_DisableGlobalInt
                0x000000000800f7e2       0x22 ./Drivers/STM32H7xx_HAL_Driver/Src/stm32h7xx_ll_usb.o
                0x000000000800f7e2                USB_DisableGlobalInt
 .text.USB_SetCurrentMode
                0x000000000800f804       0x98 ./Drivers/STM32H7xx_HAL_Driver/Src/stm32h7xx_ll_usb.o
                0x000000000800f804                USB_SetCurrentMode
 .text.USB_DevInit
                0x000000000800f89c      0x2bc ./Drivers/STM32H7xx_HAL_Driver/Src/stm32h7xx_ll_usb.o
                0x000000000800f89c                USB_DevInit
 .text.USB_FlushTxFifo
                0x000000000800fb58       0x64 ./Drivers/STM32H7xx_HAL_Driver/Src/stm32h7xx_ll_usb.o
                0x000000000800fb58                USB_FlushTxFifo
 .text.USB_FlushRxFifo
                0x000000000800fbbc       0x5c ./Drivers/STM32H7xx_HAL_Driver/Src/stm32h7xx_ll_usb.o
                0x000000000800fbbc                USB_FlushRxFifo
 .text.USB_SetDevSpeed
                0x000000000800fc18       0x32 ./Drivers/STM32H7xx_HAL_Driver/Src/stm32h7xx_ll_usb.o
                0x000000000800fc18                USB_SetDevSpeed
 .text.USB_GetDevSpeed
                0x000000000800fc4a       0x4a ./Drivers/STM32H7xx_HAL_Driver/Src/stm32h7xx_ll_usb.o
                0x000000000800fc4a                USB_GetDevSpeed
 .text.USB_ActivateEndpoint
                0x000000000800fc94      0x110 ./Drivers/STM32H7xx_HAL_Driver/Src/stm32h7xx_ll_usb.o
                0x000000000800fc94                USB_ActivateEndpoint
 .text.USB_DeactivateEndpoint
                0x000000000800fda4      0x1b8 ./Drivers/STM32H7xx_HAL_Driver/Src/stm32h7xx_ll_usb.o
                0x000000000800fda4                USB_DeactivateEndpoint
 .text.USB_EPStartXfer
                0x000000000800ff5c      0x498 ./Drivers/STM32H7xx_HAL_Driver/Src/stm32h7xx_ll_usb.o
                0x000000000800ff5c                USB_EPStartXfer
 .text.USB_EP0StartXfer
                0x00000000080103f4      0x2b0 ./Drivers/STM32H7xx_HAL_Driver/Src/stm32h7xx_ll_usb.o
                0x00000000080103f4                USB_EP0StartXfer
 .text.USB_WritePacket
                0x00000000080106a4       0x7c ./Drivers/STM32H7xx_HAL_Driver/Src/stm32h7xx_ll_usb.o
                0x00000000080106a4                USB_WritePacket
 .text.USB_ReadPacket
                0x0000000008010720       0xb0 ./Drivers/STM32H7xx_HAL_Driver/Src/stm32h7xx_ll_usb.o
                0x0000000008010720                USB_ReadPacket
 .text.USB_EPSetStall
                0x00000000080107d0       0xdc ./Drivers/STM32H7xx_HAL_Driver/Src/stm32h7xx_ll_usb.o
                0x00000000080107d0                USB_EPSetStall
 .text.USB_EPClearStall
                0x00000000080108ac       0xcc ./Drivers/STM32H7xx_HAL_Driver/Src/stm32h7xx_ll_usb.o
                0x00000000080108ac                USB_EPClearStall
 .text.USB_SetDevAddress
                0x0000000008010978       0x4c ./Drivers/STM32H7xx_HAL_Driver/Src/stm32h7xx_ll_usb.o
                0x0000000008010978                USB_SetDevAddress
 .text.USB_DevConnect
                0x00000000080109c4       0x42 ./Drivers/STM32H7xx_HAL_Driver/Src/stm32h7xx_ll_usb.o
                0x00000000080109c4                USB_DevConnect
 .text.USB_DevDisconnect
                0x0000000008010a06       0x42 ./Drivers/STM32H7xx_HAL_Driver/Src/stm32h7xx_ll_usb.o
                0x0000000008010a06                USB_DevDisconnect
 .text.USB_ReadInterrupts
                0x0000000008010a48       0x26 ./Drivers/STM32H7xx_HAL_Driver/Src/stm32h7xx_ll_usb.o
                0x0000000008010a48                USB_ReadInterrupts
 .text.USB_ReadDevAllOutEpInterrupt
                0x0000000008010a6e       0x34 ./Drivers/STM32H7xx_HAL_Driver/Src/stm32h7xx_ll_usb.o
                0x0000000008010a6e                USB_ReadDevAllOutEpInterrupt
 .text.USB_ReadDevAllInEpInterrupt
                0x0000000008010aa2       0x34 ./Drivers/STM32H7xx_HAL_Driver/Src/stm32h7xx_ll_usb.o
                0x0000000008010aa2                USB_ReadDevAllInEpInterrupt
 .text.USB_ReadDevOutEPInterrupt
                0x0000000008010ad6       0x3c ./Drivers/STM32H7xx_HAL_Driver/Src/stm32h7xx_ll_usb.o
                0x0000000008010ad6                USB_ReadDevOutEPInterrupt
 .text.USB_ReadDevInEPInterrupt
                0x0000000008010b12       0x5c ./Drivers/STM32H7xx_HAL_Driver/Src/stm32h7xx_ll_usb.o
                0x0000000008010b12                USB_ReadDevInEPInterrupt
 .text.USB_GetMode
                0x0000000008010b6e       0x1c ./Drivers/STM32H7xx_HAL_Driver/Src/stm32h7xx_ll_usb.o
                0x0000000008010b6e                USB_GetMode
 *fill*         0x0000000008010b8a        0x2 
 .text.USB_ActivateSetup
                0x0000000008010b8c       0x48 ./Drivers/STM32H7xx_HAL_Driver/Src/stm32h7xx_ll_usb.o
                0x0000000008010b8c                USB_ActivateSetup
 .text.USB_EP0_OutStart
                0x0000000008010bd4       0xbc ./Drivers/STM32H7xx_HAL_Driver/Src/stm32h7xx_ll_usb.o
                0x0000000008010bd4                USB_EP0_OutStart
 .text.USB_CoreReset
                0x0000000008010c90       0x64 ./Drivers/STM32H7xx_HAL_Driver/Src/stm32h7xx_ll_usb.o
 .text.USBD_CDC_Init
                0x0000000008010cf4       0xfe ./Middlewares/ST/STM32_USB_Device_Library/Class/CDC/Src/usbd_cdc.o
 .text.USBD_CDC_DeInit
                0x0000000008010df2       0x74 ./Middlewares/ST/STM32_USB_Device_Library/Class/CDC/Src/usbd_cdc.o
 *fill*         0x0000000008010e66        0x2 
 .text.USBD_CDC_Setup
                0x0000000008010e68      0x190 ./Middlewares/ST/STM32_USB_Device_Library/Class/CDC/Src/usbd_cdc.o
 .text.USBD_CDC_DataIn
                0x0000000008010ff8       0xca ./Middlewares/ST/STM32_USB_Device_Library/Class/CDC/Src/usbd_cdc.o
 .text.USBD_CDC_DataOut
                0x00000000080110c2       0x56 ./Middlewares/ST/STM32_USB_Device_Library/Class/CDC/Src/usbd_cdc.o
 .text.USBD_CDC_EP0_RxReady
                0x0000000008011118       0x5a ./Middlewares/ST/STM32_USB_Device_Library/Class/CDC/Src/usbd_cdc.o
 *fill*         0x0000000008011172        0x2 
 .text.USBD_CDC_GetFSCfgDesc
                0x0000000008011174       0x20 ./Middlewares/ST/STM32_USB_Device_Library/Class/CDC/Src/usbd_cdc.o
 .text.USBD_CDC_GetHSCfgDesc
                0x0000000008011194       0x20 ./Middlewares/ST/STM32_USB_Device_Library/Class/CDC/Src/usbd_cdc.o
 .text.USBD_CDC_GetOtherSpeedCfgDesc
                0x00000000080111b4       0x20 ./Middlewares/ST/STM32_USB_Device_Library/Class/CDC/Src/usbd_cdc.o
 .text.USBD_CDC_GetDeviceQualifierDescriptor
                0x00000000080111d4       0x20 ./Middlewares/ST/STM32_USB_Device_Library/Class/CDC/Src/usbd_cdc.o
                0x00000000080111d4                USBD_CDC_GetDeviceQualifierDescriptor
 .text.USBD_CDC_RegisterInterface
                0x00000000080111f4       0x2a ./Middlewares/ST/STM32_USB_Device_Library/Class/CDC/Src/usbd_cdc.o
                0x00000000080111f4                USBD_CDC_RegisterInterface
 .text.USBD_CDC_SetTxBuffer
                0x000000000801121e       0x3c ./Middlewares/ST/STM32_USB_Device_Library/Class/CDC/Src/usbd_cdc.o
                0x000000000801121e                USBD_CDC_SetTxBuffer
 .text.USBD_CDC_SetRxBuffer
                0x000000000801125a       0x32 ./Middlewares/ST/STM32_USB_Device_Library/Class/CDC/Src/usbd_cdc.o
                0x000000000801125a                USBD_CDC_SetRxBuffer
 .text.USBD_CDC_ReceivePacket
                0x000000000801128c       0x54 ./Middlewares/ST/STM32_USB_Device_Library/Class/CDC/Src/usbd_cdc.o
                0x000000000801128c                USBD_CDC_ReceivePacket
 .text.USBD_Init
                0x00000000080112e0       0x60 ./Middlewares/ST/STM32_USB_Device_Library/Core/Src/usbd_core.o
                0x00000000080112e0                USBD_Init
 .text.USBD_RegisterClass
                0x0000000008011340       0x4e ./Middlewares/ST/STM32_USB_Device_Library/Core/Src/usbd_core.o
                0x0000000008011340                USBD_RegisterClass
 .text.USBD_Start
                0x000000000801138e       0x18 ./Middlewares/ST/STM32_USB_Device_Library/Core/Src/usbd_core.o
                0x000000000801138e                USBD_Start
 .text.USBD_RunTestMode
                0x00000000080113a6       0x16 ./Middlewares/ST/STM32_USB_Device_Library/Core/Src/usbd_core.o
                0x00000000080113a6                USBD_RunTestMode
 .text.USBD_SetClassConfig
                0x00000000080113bc       0x38 ./Middlewares/ST/STM32_USB_Device_Library/Core/Src/usbd_core.o
                0x00000000080113bc                USBD_SetClassConfig
 .text.USBD_ClrClassConfig
                0x00000000080113f4       0x30 ./Middlewares/ST/STM32_USB_Device_Library/Core/Src/usbd_core.o
                0x00000000080113f4                USBD_ClrClassConfig
 .text.USBD_LL_SetupStage
                0x0000000008011424       0xaa ./Middlewares/ST/STM32_USB_Device_Library/Core/Src/usbd_core.o
                0x0000000008011424                USBD_LL_SetupStage
 .text.USBD_LL_DataOutStage
                0x00000000080114ce       0xc6 ./Middlewares/ST/STM32_USB_Device_Library/Core/Src/usbd_core.o
                0x00000000080114ce                USBD_LL_DataOutStage
 .text.USBD_LL_DataInStage
                0x0000000008011594      0x12c ./Middlewares/ST/STM32_USB_Device_Library/Core/Src/usbd_core.o
                0x0000000008011594                USBD_LL_DataInStage
 .text.USBD_LL_Reset
                0x00000000080116c0       0x9c ./Middlewares/ST/STM32_USB_Device_Library/Core/Src/usbd_core.o
                0x00000000080116c0                USBD_LL_Reset
 .text.USBD_LL_SetSpeed
                0x000000000801175c       0x20 ./Middlewares/ST/STM32_USB_Device_Library/Core/Src/usbd_core.o
                0x000000000801175c                USBD_LL_SetSpeed
 .text.USBD_LL_Suspend
                0x000000000801177c       0x2c ./Middlewares/ST/STM32_USB_Device_Library/Core/Src/usbd_core.o
                0x000000000801177c                USBD_LL_Suspend
 .text.USBD_LL_Resume
                0x00000000080117a8       0x30 ./Middlewares/ST/STM32_USB_Device_Library/Core/Src/usbd_core.o
                0x00000000080117a8                USBD_LL_Resume
 .text.USBD_LL_SOF
                0x00000000080117d8       0x44 ./Middlewares/ST/STM32_USB_Device_Library/Core/Src/usbd_core.o
                0x00000000080117d8                USBD_LL_SOF
 .text.USBD_LL_IsoINIncomplete
                0x000000000801181c       0x4c ./Middlewares/ST/STM32_USB_Device_Library/Core/Src/usbd_core.o
                0x000000000801181c                USBD_LL_IsoINIncomplete
 .text.USBD_LL_IsoOUTIncomplete
                0x0000000008011868       0x4c ./Middlewares/ST/STM32_USB_Device_Library/Core/Src/usbd_core.o
                0x0000000008011868                USBD_LL_IsoOUTIncomplete
 .text.USBD_LL_DevConnected
                0x00000000080118b4       0x16 ./Middlewares/ST/STM32_USB_Device_Library/Core/Src/usbd_core.o
                0x00000000080118b4                USBD_LL_DevConnected
 .text.USBD_LL_DevDisconnected
                0x00000000080118ca       0x38 ./Middlewares/ST/STM32_USB_Device_Library/Core/Src/usbd_core.o
                0x00000000080118ca                USBD_LL_DevDisconnected
 .text.SWAPBYTE
                0x0000000008011902       0x3c ./Middlewares/ST/STM32_USB_Device_Library/Core/Src/usbd_ctlreq.o
 *fill*         0x000000000801193e        0x2 
 .text.USBD_StdDevReq
                0x0000000008011940       0xdc ./Middlewares/ST/STM32_USB_Device_Library/Core/Src/usbd_ctlreq.o
                0x0000000008011940                USBD_StdDevReq
 .text.USBD_StdItfReq
                0x0000000008011a1c       0x92 ./Middlewares/ST/STM32_USB_Device_Library/Core/Src/usbd_ctlreq.o
                0x0000000008011a1c                USBD_StdItfReq
 .text.USBD_StdEPReq
                0x0000000008011aae      0x2c4 ./Middlewares/ST/STM32_USB_Device_Library/Core/Src/usbd_ctlreq.o
                0x0000000008011aae                USBD_StdEPReq
 *fill*         0x0000000008011d72        0x2 
 .text.USBD_GetDescriptor
                0x0000000008011d74      0x2d4 ./Middlewares/ST/STM32_USB_Device_Library/Core/Src/usbd_ctlreq.o
 .text.USBD_SetAddress
                0x0000000008012048       0x88 ./Middlewares/ST/STM32_USB_Device_Library/Core/Src/usbd_ctlreq.o
 .text.USBD_SetConfig
                0x00000000080120d0      0x14c ./Middlewares/ST/STM32_USB_Device_Library/Core/Src/usbd_ctlreq.o
 .text.USBD_GetConfig
                0x000000000801221c       0x6c ./Middlewares/ST/STM32_USB_Device_Library/Core/Src/usbd_ctlreq.o
 .text.USBD_GetStatus
                0x0000000008012288       0x68 ./Middlewares/ST/STM32_USB_Device_Library/Core/Src/usbd_ctlreq.o
 .text.USBD_SetFeature
                0x00000000080122f0       0x28 ./Middlewares/ST/STM32_USB_Device_Library/Core/Src/usbd_ctlreq.o
 .text.USBD_ClrFeature
                0x0000000008012318       0x44 ./Middlewares/ST/STM32_USB_Device_Library/Core/Src/usbd_ctlreq.o
 .text.USBD_ParseSetupRequest
                0x000000000801235c       0x74 ./Middlewares/ST/STM32_USB_Device_Library/Core/Src/usbd_ctlreq.o
                0x000000000801235c                USBD_ParseSetupRequest
 .text.USBD_CtlError
                0x00000000080123d0       0x22 ./Middlewares/ST/STM32_USB_Device_Library/Core/Src/usbd_ctlreq.o
                0x00000000080123d0                USBD_CtlError
 .text.USBD_GetString
                0x00000000080123f2       0x8c ./Middlewares/ST/STM32_USB_Device_Library/Core/Src/usbd_ctlreq.o
                0x00000000080123f2                USBD_GetString
 .text.USBD_GetLen
                0x000000000801247e       0x34 ./Middlewares/ST/STM32_USB_Device_Library/Core/Src/usbd_ctlreq.o
 .text.USBD_CtlSendData
                0x00000000080124b2       0x36 ./Middlewares/ST/STM32_USB_Device_Library/Core/Src/usbd_ioreq.o
                0x00000000080124b2                USBD_CtlSendData
 .text.USBD_CtlContinueSendData
                0x00000000080124e8       0x22 ./Middlewares/ST/STM32_USB_Device_Library/Core/Src/usbd_ioreq.o
                0x00000000080124e8                USBD_CtlContinueSendData
 .text.USBD_CtlPrepareRx
                0x000000000801250a       0x3a ./Middlewares/ST/STM32_USB_Device_Library/Core/Src/usbd_ioreq.o
                0x000000000801250a                USBD_CtlPrepareRx
 .text.USBD_CtlContinueRx
                0x0000000008012544       0x22 ./Middlewares/ST/STM32_USB_Device_Library/Core/Src/usbd_ioreq.o
                0x0000000008012544                USBD_CtlContinueRx
 .text.USBD_CtlSendStatus
                0x0000000008012566       0x26 ./Middlewares/ST/STM32_USB_Device_Library/Core/Src/usbd_ioreq.o
                0x0000000008012566                USBD_CtlSendStatus
 .text.USBD_CtlReceiveStatus
                0x000000000801258c       0x26 ./Middlewares/ST/STM32_USB_Device_Library/Core/Src/usbd_ioreq.o
                0x000000000801258c                USBD_CtlReceiveStatus
 *fill*         0x00000000080125b2        0x2 
 .text.MX_USB_DEVICE_Init
                0x00000000080125b4       0x64 ./USB_DEVICE/App/usb_device.o
                0x00000000080125b4                MX_USB_DEVICE_Init
 .text.CDC_Init_FS
                0x0000000008012618       0x28 ./USB_DEVICE/App/usbd_cdc_if.o
 .text.CDC_DeInit_FS
                0x0000000008012640       0x10 ./USB_DEVICE/App/usbd_cdc_if.o
 .text.CDC_Control_FS
                0x0000000008012650       0xbc ./USB_DEVICE/App/usbd_cdc_if.o
 .text.CDC_Receive_FS
                0x000000000801270c       0x28 ./USB_DEVICE/App/usbd_cdc_if.o
 .text.CDC_TransmitCplt_FS
                0x0000000008012734       0x22 ./USB_DEVICE/App/usbd_cdc_if.o
 *fill*         0x0000000008012756        0x2 
 .text.USBD_FS_DeviceDescriptor
                0x0000000008012758       0x24 ./USB_DEVICE/App/usbd_desc.o
                0x0000000008012758                USBD_FS_DeviceDescriptor
 .text.USBD_FS_LangIDStrDescriptor
                0x000000000801277c       0x24 ./USB_DEVICE/App/usbd_desc.o
                0x000000000801277c                USBD_FS_LangIDStrDescriptor
 .text.USBD_FS_ProductStrDescriptor
                0x00000000080127a0       0x3c ./USB_DEVICE/App/usbd_desc.o
                0x00000000080127a0                USBD_FS_ProductStrDescriptor
 .text.USBD_FS_ManufacturerStrDescriptor
                0x00000000080127dc       0x28 ./USB_DEVICE/App/usbd_desc.o
                0x00000000080127dc                USBD_FS_ManufacturerStrDescriptor
 .text.USBD_FS_SerialStrDescriptor
                0x0000000008012804       0x24 ./USB_DEVICE/App/usbd_desc.o
                0x0000000008012804                USBD_FS_SerialStrDescriptor
 .text.USBD_FS_ConfigStrDescriptor
                0x0000000008012828       0x3c ./USB_DEVICE/App/usbd_desc.o
                0x0000000008012828                USBD_FS_ConfigStrDescriptor
 .text.USBD_FS_InterfaceStrDescriptor
                0x0000000008012864       0x3c ./USB_DEVICE/App/usbd_desc.o
                0x0000000008012864                USBD_FS_InterfaceStrDescriptor
 .text.Get_SerialNum
                0x00000000080128a0       0x58 ./USB_DEVICE/App/usbd_desc.o
 .text.IntToUnicode
                0x00000000080128f8       0x7e ./USB_DEVICE/App/usbd_desc.o
 *fill*         0x0000000008012976        0x2 
 .text.HAL_PCD_MspInit
                0x0000000008012978      0x104 ./USB_DEVICE/Target/usbd_conf.o
                0x0000000008012978                HAL_PCD_MspInit
 .text.HAL_PCD_SetupStageCallback
                0x0000000008012a7c       0x24 ./USB_DEVICE/Target/usbd_conf.o
                0x0000000008012a7c                HAL_PCD_SetupStageCallback
 .text.HAL_PCD_DataOutStageCallback
                0x0000000008012aa0       0x36 ./USB_DEVICE/Target/usbd_conf.o
                0x0000000008012aa0                HAL_PCD_DataOutStageCallback
 .text.HAL_PCD_DataInStageCallback
                0x0000000008012ad6       0x34 ./USB_DEVICE/Target/usbd_conf.o
                0x0000000008012ad6                HAL_PCD_DataInStageCallback
 .text.HAL_PCD_SOFCallback
                0x0000000008012b0a       0x1c ./USB_DEVICE/Target/usbd_conf.o
                0x0000000008012b0a                HAL_PCD_SOFCallback
 .text.HAL_PCD_ResetCallback
                0x0000000008012b26       0x50 ./USB_DEVICE/Target/usbd_conf.o
                0x0000000008012b26                HAL_PCD_ResetCallback
 *fill*         0x0000000008012b76        0x2 
 .text.HAL_PCD_SuspendCallback
                0x0000000008012b78       0x4c ./USB_DEVICE/Target/usbd_conf.o
                0x0000000008012b78                HAL_PCD_SuspendCallback
 .text.HAL_PCD_ResumeCallback
                0x0000000008012bc4       0x1c ./USB_DEVICE/Target/usbd_conf.o
                0x0000000008012bc4                HAL_PCD_ResumeCallback
 .text.HAL_PCD_ISOOUTIncompleteCallback
                0x0000000008012be0       0x24 ./USB_DEVICE/Target/usbd_conf.o
                0x0000000008012be0                HAL_PCD_ISOOUTIncompleteCallback
 .text.HAL_PCD_ISOINIncompleteCallback
                0x0000000008012c04       0x24 ./USB_DEVICE/Target/usbd_conf.o
                0x0000000008012c04                HAL_PCD_ISOINIncompleteCallback
 .text.HAL_PCD_ConnectCallback
                0x0000000008012c28       0x1c ./USB_DEVICE/Target/usbd_conf.o
                0x0000000008012c28                HAL_PCD_ConnectCallback
 .text.HAL_PCD_DisconnectCallback
                0x0000000008012c44       0x1c ./USB_DEVICE/Target/usbd_conf.o
                0x0000000008012c44                HAL_PCD_DisconnectCallback
 .text.USBD_LL_Init
                0x0000000008012c60       0xa0 ./USB_DEVICE/Target/usbd_conf.o
                0x0000000008012c60                USBD_LL_Init
 .text.USBD_LL_Start
                0x0000000008012d00       0x36 ./USB_DEVICE/Target/usbd_conf.o
                0x0000000008012d00                USBD_LL_Start
 .text.USBD_LL_OpenEP
                0x0000000008012d36       0x4c ./USB_DEVICE/Target/usbd_conf.o
                0x0000000008012d36                USBD_LL_OpenEP
 .text.USBD_LL_CloseEP
                0x0000000008012d82       0x3e ./USB_DEVICE/Target/usbd_conf.o
                0x0000000008012d82                USBD_LL_CloseEP
 .text.USBD_LL_StallEP
                0x0000000008012dc0       0x3e ./USB_DEVICE/Target/usbd_conf.o
                0x0000000008012dc0                USBD_LL_StallEP
 .text.USBD_LL_ClearStallEP
                0x0000000008012dfe       0x3e ./USB_DEVICE/Target/usbd_conf.o
                0x0000000008012dfe                USBD_LL_ClearStallEP
 .text.USBD_LL_IsStallEP
                0x0000000008012e3c       0x58 ./USB_DEVICE/Target/usbd_conf.o
                0x0000000008012e3c                USBD_LL_IsStallEP
 .text.USBD_LL_SetUSBAddress
                0x0000000008012e94       0x3e ./USB_DEVICE/Target/usbd_conf.o
                0x0000000008012e94                USBD_LL_SetUSBAddress
 .text.USBD_LL_Transmit
                0x0000000008012ed2       0x42 ./USB_DEVICE/Target/usbd_conf.o
                0x0000000008012ed2                USBD_LL_Transmit
 .text.USBD_LL_PrepareReceive
                0x0000000008012f14       0x42 ./USB_DEVICE/Target/usbd_conf.o
                0x0000000008012f14                USBD_LL_PrepareReceive
 .text.USBD_LL_GetRxDataSize
                0x0000000008012f56       0x26 ./USB_DEVICE/Target/usbd_conf.o
                0x0000000008012f56                USBD_LL_GetRxDataSize
 .text.USBD_static_malloc
                0x0000000008012f7c       0x1c ./USB_DEVICE/Target/usbd_conf.o
                0x0000000008012f7c                USBD_static_malloc
 .text.USBD_static_free
                0x0000000008012f98       0x14 ./USB_DEVICE/Target/usbd_conf.o
                0x0000000008012f98                USBD_static_free
 .text.USBD_Get_USB_Status
                0x0000000008012fac       0x58 ./USB_DEVICE/Target/usbd_conf.o
                0x0000000008012fac                USBD_Get_USB_Status
 .text.__errno  0x0000000008013004        0xc d:/st/stm32cubeide_1.4.0/stm32cubeide/plugins/com.st.stm32cube.ide.mcu.externaltools.gnu-tools-for-stm32.9-2020-q2-update.win32_2.0.0.202105311346/tools/bin/../lib/gcc/arm-none-eabi/9.3.1/../../../../arm-none-eabi/lib/thumb/v7e-m+dp/hard\libc_nano.a(lib_a-errno.o)
                0x0000000008013004                __errno
 .text.__libc_init_array
                0x0000000008013010       0x48 d:/st/stm32cubeide_1.4.0/stm32cubeide/plugins/com.st.stm32cube.ide.mcu.externaltools.gnu-tools-for-stm32.9-2020-q2-update.win32_2.0.0.202105311346/tools/bin/../lib/gcc/arm-none-eabi/9.3.1/../../../../arm-none-eabi/lib/thumb/v7e-m+dp/hard\libc_nano.a(lib_a-init.o)
                0x0000000008013010                __libc_init_array
 .text.memset   0x0000000008013058       0x10 d:/st/stm32cubeide_1.4.0/stm32cubeide/plugins/com.st.stm32cube.ide.mcu.externaltools.gnu-tools-for-stm32.9-2020-q2-update.win32_2.0.0.202105311346/tools/bin/../lib/gcc/arm-none-eabi/9.3.1/../../../../arm-none-eabi/lib/thumb/v7e-m+dp/hard\libc_nano.a(lib_a-memset.o)
                0x0000000008013058                memset
 .text.__cvt    0x0000000008013068       0xa4 d:/st/stm32cubeide_1.4.0/stm32cubeide/plugins/com.st.stm32cube.ide.mcu.externaltools.gnu-tools-for-stm32.9-2020-q2-update.win32_2.0.0.202105311346/tools/bin/../lib/gcc/arm-none-eabi/9.3.1/../../../../arm-none-eabi/lib/thumb/v7e-m+dp/hard\libc_nano.a(lib_a-nano-vfprintf_float.o)
                0x0000000008013068                __cvt
 .text.__exponent
                0x000000000801310c       0x7c d:/st/stm32cubeide_1.4.0/stm32cubeide/plugins/com.st.stm32cube.ide.mcu.externaltools.gnu-tools-for-stm32.9-2020-q2-update.win32_2.0.0.202105311346/tools/bin/../lib/gcc/arm-none-eabi/9.3.1/../../../../arm-none-eabi/lib/thumb/v7e-m+dp/hard\libc_nano.a(lib_a-nano-vfprintf_float.o)
                0x000000000801310c                __exponent
 .text._printf_float
                0x0000000008013188      0x43c d:/st/stm32cubeide_1.4.0/stm32cubeide/plugins/com.st.stm32cube.ide.mcu.externaltools.gnu-tools-for-stm32.9-2020-q2-update.win32_2.0.0.202105311346/tools/bin/../lib/gcc/arm-none-eabi/9.3.1/../../../../arm-none-eabi/lib/thumb/v7e-m+dp/hard\libc_nano.a(lib_a-nano-vfprintf_float.o)
                0x0000000008013188                _printf_float
 .text._printf_common
                0x00000000080135c4       0xda d:/st/stm32cubeide_1.4.0/stm32cubeide/plugins/com.st.stm32cube.ide.mcu.externaltools.gnu-tools-for-stm32.9-2020-q2-update.win32_2.0.0.202105311346/tools/bin/../lib/gcc/arm-none-eabi/9.3.1/../../../../arm-none-eabi/lib/thumb/v7e-m+dp/hard\libc_nano.a(lib_a-nano-vfprintf_i.o)
                0x00000000080135c4                _printf_common
 *fill*         0x000000000801369e        0x2 
 .text._printf_i
                0x00000000080136a0      0x24c d:/st/stm32cubeide_1.4.0/stm32cubeide/plugins/com.st.stm32cube.ide.mcu.externaltools.gnu-tools-for-stm32.9-2020-q2-update.win32_2.0.0.202105311346/tools/bin/../lib/gcc/arm-none-eabi/9.3.1/../../../../arm-none-eabi/lib/thumb/v7e-m+dp/hard\libc_nano.a(lib_a-nano-vfprintf_i.o)
                0x00000000080136a0                _printf_i
 .text.printf   0x00000000080138ec       0x30 d:/st/stm32cubeide_1.4.0/stm32cubeide/plugins/com.st.stm32cube.ide.mcu.externaltools.gnu-tools-for-stm32.9-2020-q2-update.win32_2.0.0.202105311346/tools/bin/../lib/gcc/arm-none-eabi/9.3.1/../../../../arm-none-eabi/lib/thumb/v7e-m+dp/hard\libc_nano.a(lib_a-printf.o)
                0x00000000080138ec                iprintf
                0x00000000080138ec                printf
 .text.quorem   0x000000000801391c      0x116 d:/st/stm32cubeide_1.4.0/stm32cubeide/plugins/com.st.stm32cube.ide.mcu.externaltools.gnu-tools-for-stm32.9-2020-q2-update.win32_2.0.0.202105311346/tools/bin/../lib/gcc/arm-none-eabi/9.3.1/../../../../arm-none-eabi/lib/thumb/v7e-m+dp/hard\libc_nano.a(lib_a-dtoa.o)
 *fill*         0x0000000008013a32        0x6 
 .text._dtoa_r  0x0000000008013a38      0xb04 d:/st/stm32cubeide_1.4.0/stm32cubeide/plugins/com.st.stm32cube.ide.mcu.externaltools.gnu-tools-for-stm32.9-2020-q2-update.win32_2.0.0.202105311346/tools/bin/../lib/gcc/arm-none-eabi/9.3.1/../../../../arm-none-eabi/lib/thumb/v7e-m+dp/hard\libc_nano.a(lib_a-dtoa.o)
                0x0000000008013a38                _dtoa_r
 .text.std      0x000000000801453c       0x48 d:/st/stm32cubeide_1.4.0/stm32cubeide/plugins/com.st.stm32cube.ide.mcu.externaltools.gnu-tools-for-stm32.9-2020-q2-update.win32_2.0.0.202105311346/tools/bin/../lib/gcc/arm-none-eabi/9.3.1/../../../../arm-none-eabi/lib/thumb/v7e-m+dp/hard\libc_nano.a(lib_a-findfp.o)
 .text._cleanup_r
                0x0000000008014584        0xc d:/st/stm32cubeide_1.4.0/stm32cubeide/plugins/com.st.stm32cube.ide.mcu.externaltools.gnu-tools-for-stm32.9-2020-q2-update.win32_2.0.0.202105311346/tools/bin/../lib/gcc/arm-none-eabi/9.3.1/../../../../arm-none-eabi/lib/thumb/v7e-m+dp/hard\libc_nano.a(lib_a-findfp.o)
                0x0000000008014584                _cleanup_r
 .text.__sfmoreglue
                0x0000000008014590       0x2c d:/st/stm32cubeide_1.4.0/stm32cubeide/plugins/com.st.stm32cube.ide.mcu.externaltools.gnu-tools-for-stm32.9-2020-q2-update.win32_2.0.0.202105311346/tools/bin/../lib/gcc/arm-none-eabi/9.3.1/../../../../arm-none-eabi/lib/thumb/v7e-m+dp/hard\libc_nano.a(lib_a-findfp.o)
                0x0000000008014590                __sfmoreglue
 .text.__sfp_lock_acquire
                0x00000000080145bc        0xc d:/st/stm32cubeide_1.4.0/stm32cubeide/plugins/com.st.stm32cube.ide.mcu.externaltools.gnu-tools-for-stm32.9-2020-q2-update.win32_2.0.0.202105311346/tools/bin/../lib/gcc/arm-none-eabi/9.3.1/../../../../arm-none-eabi/lib/thumb/v7e-m+dp/hard\libc_nano.a(lib_a-findfp.o)
                0x00000000080145bc                __sfp_lock_acquire
 .text.__sfp_lock_release
                0x00000000080145c8        0xc d:/st/stm32cubeide_1.4.0/stm32cubeide/plugins/com.st.stm32cube.ide.mcu.externaltools.gnu-tools-for-stm32.9-2020-q2-update.win32_2.0.0.202105311346/tools/bin/../lib/gcc/arm-none-eabi/9.3.1/../../../../arm-none-eabi/lib/thumb/v7e-m+dp/hard\libc_nano.a(lib_a-findfp.o)
                0x00000000080145c8                __sfp_lock_release
 .text.__sinit_lock_acquire
                0x00000000080145d4        0xc d:/st/stm32cubeide_1.4.0/stm32cubeide/plugins/com.st.stm32cube.ide.mcu.externaltools.gnu-tools-for-stm32.9-2020-q2-update.win32_2.0.0.202105311346/tools/bin/../lib/gcc/arm-none-eabi/9.3.1/../../../../arm-none-eabi/lib/thumb/v7e-m+dp/hard\libc_nano.a(lib_a-findfp.o)
                0x00000000080145d4                __sinit_lock_acquire
 .text.__sinit_lock_release
                0x00000000080145e0        0xc d:/st/stm32cubeide_1.4.0/stm32cubeide/plugins/com.st.stm32cube.ide.mcu.externaltools.gnu-tools-for-stm32.9-2020-q2-update.win32_2.0.0.202105311346/tools/bin/../lib/gcc/arm-none-eabi/9.3.1/../../../../arm-none-eabi/lib/thumb/v7e-m+dp/hard\libc_nano.a(lib_a-findfp.o)
                0x00000000080145e0                __sinit_lock_release
 .text.__sinit  0x00000000080145ec       0x70 d:/st/stm32cubeide_1.4.0/stm32cubeide/plugins/com.st.stm32cube.ide.mcu.externaltools.gnu-tools-for-stm32.9-2020-q2-update.win32_2.0.0.202105311346/tools/bin/../lib/gcc/arm-none-eabi/9.3.1/../../../../arm-none-eabi/lib/thumb/v7e-m+dp/hard\libc_nano.a(lib_a-findfp.o)
                0x00000000080145ec                __sinit
 .text.__sfp    0x000000000801465c       0x8c d:/st/stm32cubeide_1.4.0/stm32cubeide/plugins/com.st.stm32cube.ide.mcu.externaltools.gnu-tools-for-stm32.9-2020-q2-update.win32_2.0.0.202105311346/tools/bin/../lib/gcc/arm-none-eabi/9.3.1/../../../../arm-none-eabi/lib/thumb/v7e-m+dp/hard\libc_nano.a(lib_a-findfp.o)
                0x000000000801465c                __sfp
 .text._fwalk_reent
                0x00000000080146e8       0x3e d:/st/stm32cubeide_1.4.0/stm32cubeide/plugins/com.st.stm32cube.ide.mcu.externaltools.gnu-tools-for-stm32.9-2020-q2-update.win32_2.0.0.202105311346/tools/bin/../lib/gcc/arm-none-eabi/9.3.1/../../../../arm-none-eabi/lib/thumb/v7e-m+dp/hard\libc_nano.a(lib_a-fwalk.o)
                0x00000000080146e8                _fwalk_reent
 *fill*         0x0000000008014726        0x2 
 .text._localeconv_r
                0x0000000008014728        0x8 d:/st/stm32cubeide_1.4.0/stm32cubeide/plugins/com.st.stm32cube.ide.mcu.externaltools.gnu-tools-for-stm32.9-2020-q2-update.win32_2.0.0.202105311346/tools/bin/../lib/gcc/arm-none-eabi/9.3.1/../../../../arm-none-eabi/lib/thumb/v7e-m+dp/hard\libc_nano.a(lib_a-localeconv.o)
                0x0000000008014728                _localeconv_r
 .text.__retarget_lock_init_recursive
                0x0000000008014730        0x2 d:/st/stm32cubeide_1.4.0/stm32cubeide/plugins/com.st.stm32cube.ide.mcu.externaltools.gnu-tools-for-stm32.9-2020-q2-update.win32_2.0.0.202105311346/tools/bin/../lib/gcc/arm-none-eabi/9.3.1/../../../../arm-none-eabi/lib/thumb/v7e-m+dp/hard\libc_nano.a(lib_a-lock.o)
                0x0000000008014730                __retarget_lock_init_recursive
 .text.__retarget_lock_acquire_recursive
                0x0000000008014732        0x2 d:/st/stm32cubeide_1.4.0/stm32cubeide/plugins/com.st.stm32cube.ide.mcu.externaltools.gnu-tools-for-stm32.9-2020-q2-update.win32_2.0.0.202105311346/tools/bin/../lib/gcc/arm-none-eabi/9.3.1/../../../../arm-none-eabi/lib/thumb/v7e-m+dp/hard\libc_nano.a(lib_a-lock.o)
                0x0000000008014732                __retarget_lock_acquire_recursive
 .text.__retarget_lock_release_recursive
                0x0000000008014734        0x2 d:/st/stm32cubeide_1.4.0/stm32cubeide/plugins/com.st.stm32cube.ide.mcu.externaltools.gnu-tools-for-stm32.9-2020-q2-update.win32_2.0.0.202105311346/tools/bin/../lib/gcc/arm-none-eabi/9.3.1/../../../../arm-none-eabi/lib/thumb/v7e-m+dp/hard\libc_nano.a(lib_a-lock.o)
                0x0000000008014734                __retarget_lock_release_recursive
 *fill*         0x0000000008014736        0x2 
 .text.malloc   0x0000000008014738       0x10 d:/st/stm32cubeide_1.4.0/stm32cubeide/plugins/com.st.stm32cube.ide.mcu.externaltools.gnu-tools-for-stm32.9-2020-q2-update.win32_2.0.0.202105311346/tools/bin/../lib/gcc/arm-none-eabi/9.3.1/../../../../arm-none-eabi/lib/thumb/v7e-m+dp/hard\libc_nano.a(lib_a-malloc.o)
                0x0000000008014738                malloc
 .text.memcpy   0x0000000008014748       0x1c d:/st/stm32cubeide_1.4.0/stm32cubeide/plugins/com.st.stm32cube.ide.mcu.externaltools.gnu-tools-for-stm32.9-2020-q2-update.win32_2.0.0.202105311346/tools/bin/../lib/gcc/arm-none-eabi/9.3.1/../../../../arm-none-eabi/lib/thumb/v7e-m+dp/hard\libc_nano.a(lib_a-memcpy-stub.o)
                0x0000000008014748                memcpy
 .text._Balloc  0x0000000008014764       0x80 d:/st/stm32cubeide_1.4.0/stm32cubeide/plugins/com.st.stm32cube.ide.mcu.externaltools.gnu-tools-for-stm32.9-2020-q2-update.win32_2.0.0.202105311346/tools/bin/../lib/gcc/arm-none-eabi/9.3.1/../../../../arm-none-eabi/lib/thumb/v7e-m+dp/hard\libc_nano.a(lib_a-mprec.o)
                0x0000000008014764                _Balloc
 .text._Bfree   0x00000000080147e4       0x44 d:/st/stm32cubeide_1.4.0/stm32cubeide/plugins/com.st.stm32cube.ide.mcu.externaltools.gnu-tools-for-stm32.9-2020-q2-update.win32_2.0.0.202105311346/tools/bin/../lib/gcc/arm-none-eabi/9.3.1/../../../../arm-none-eabi/lib/thumb/v7e-m+dp/hard\libc_nano.a(lib_a-mprec.o)
                0x00000000080147e4                _Bfree
 .text.__multadd
                0x0000000008014828       0x94 d:/st/stm32cubeide_1.4.0/stm32cubeide/plugins/com.st.stm32cube.ide.mcu.externaltools.gnu-tools-for-stm32.9-2020-q2-update.win32_2.0.0.202105311346/tools/bin/../lib/gcc/arm-none-eabi/9.3.1/../../../../arm-none-eabi/lib/thumb/v7e-m+dp/hard\libc_nano.a(lib_a-mprec.o)
                0x0000000008014828                __multadd
 .text.__hi0bits
                0x00000000080148bc       0x40 d:/st/stm32cubeide_1.4.0/stm32cubeide/plugins/com.st.stm32cube.ide.mcu.externaltools.gnu-tools-for-stm32.9-2020-q2-update.win32_2.0.0.202105311346/tools/bin/../lib/gcc/arm-none-eabi/9.3.1/../../../../arm-none-eabi/lib/thumb/v7e-m+dp/hard\libc_nano.a(lib_a-mprec.o)
                0x00000000080148bc                __hi0bits
 .text.__lo0bits
                0x00000000080148fc       0x60 d:/st/stm32cubeide_1.4.0/stm32cubeide/plugins/com.st.stm32cube.ide.mcu.externaltools.gnu-tools-for-stm32.9-2020-q2-update.win32_2.0.0.202105311346/tools/bin/../lib/gcc/arm-none-eabi/9.3.1/../../../../arm-none-eabi/lib/thumb/v7e-m+dp/hard\libc_nano.a(lib_a-mprec.o)
                0x00000000080148fc                __lo0bits
 .text.__i2b    0x000000000801495c       0x2c d:/st/stm32cubeide_1.4.0/stm32cubeide/plugins/com.st.stm32cube.ide.mcu.externaltools.gnu-tools-for-stm32.9-2020-q2-update.win32_2.0.0.202105311346/tools/bin/../lib/gcc/arm-none-eabi/9.3.1/../../../../arm-none-eabi/lib/thumb/v7e-m+dp/hard\libc_nano.a(lib_a-mprec.o)
                0x000000000801495c                __i2b
 .text.__multiply
                0x0000000008014988      0x14c d:/st/stm32cubeide_1.4.0/stm32cubeide/plugins/com.st.stm32cube.ide.mcu.externaltools.gnu-tools-for-stm32.9-2020-q2-update.win32_2.0.0.202105311346/tools/bin/../lib/gcc/arm-none-eabi/9.3.1/../../../../arm-none-eabi/lib/thumb/v7e-m+dp/hard\libc_nano.a(lib_a-mprec.o)
                0x0000000008014988                __multiply
 .text.__pow5mult
                0x0000000008014ad4       0xb4 d:/st/stm32cubeide_1.4.0/stm32cubeide/plugins/com.st.stm32cube.ide.mcu.externaltools.gnu-tools-for-stm32.9-2020-q2-update.win32_2.0.0.202105311346/tools/bin/../lib/gcc/arm-none-eabi/9.3.1/../../../../arm-none-eabi/lib/thumb/v7e-m+dp/hard\libc_nano.a(lib_a-mprec.o)
                0x0000000008014ad4                __pow5mult
 .text.__lshift
                0x0000000008014b88       0xd8 d:/st/stm32cubeide_1.4.0/stm32cubeide/plugins/com.st.stm32cube.ide.mcu.externaltools.gnu-tools-for-stm32.9-2020-q2-update.win32_2.0.0.202105311346/tools/bin/../lib/gcc/arm-none-eabi/9.3.1/../../../../arm-none-eabi/lib/thumb/v7e-m+dp/hard\libc_nano.a(lib_a-mprec.o)
                0x0000000008014b88                __lshift
 .text.__mcmp   0x0000000008014c60       0x38 d:/st/stm32cubeide_1.4.0/stm32cubeide/plugins/com.st.stm32cube.ide.mcu.externaltools.gnu-tools-for-stm32.9-2020-q2-update.win32_2.0.0.202105311346/tools/bin/../lib/gcc/arm-none-eabi/9.3.1/../../../../arm-none-eabi/lib/thumb/v7e-m+dp/hard\libc_nano.a(lib_a-mprec.o)
                0x0000000008014c60                __mcmp